Archive member included to satisfy reference by file (symbol)

C:\Users\tempura\Desktop\smatremote\micdebug\Middlewares\Third_Party\Picovoice\libpv_porcupine.a(pv_porcupine.o)
                              ./Core/Src/main.o (pv_porcupine_init)
C:\Users\tempura\Desktop\smatremote\micdebug\Middlewares\Third_Party\Picovoice\libpv_porcupine.a(pv_porcupine_internal.o)
                              C:\Users\tempura\Desktop\smatremote\micdebug\Middlewares\Third_Party\Picovoice\libpv_porcupine.a(pv_porcupine.o) (taabe768)
C:\Users\tempura\Desktop\smatremote\micdebug\Middlewares\Third_Party\Picovoice\libpv_porcupine.a(pv_cipher.o)
                              C:\Users\tempura\Desktop\smatremote\micdebug\Middlewares\Third_Party\Picovoice\libpv_porcupine.a(pv_porcupine_internal.o) (taabe100)
C:\Users\tempura\Desktop\smatremote\micdebug\Middlewares\Third_Party\Picovoice\libpv_porcupine.a(picovoice.o)
                              C:\Users\tempura\Desktop\smatremote\micdebug\Middlewares\Third_Party\Picovoice\libpv_porcupine.a(pv_porcupine.o) (pv_status_to_string)
C:\Users\tempura\Desktop\smatremote\micdebug\Middlewares\Third_Party\Picovoice\libpv_porcupine.a(pv_error.o)
                              C:\Users\tempura\Desktop\smatremote\micdebug\Middlewares\Third_Party\Picovoice\libpv_porcupine.a(pv_porcupine.o) (taabe513)
C:\Users\tempura\Desktop\smatremote\micdebug\Middlewares\Third_Party\Picovoice\libpv_porcupine.a(pv_language.o)
                              C:\Users\tempura\Desktop\smatremote\micdebug\Middlewares\Third_Party\Picovoice\libpv_porcupine.a(pv_porcupine.o) (taabe231)
C:\Users\tempura\Desktop\smatremote\micdebug\Middlewares\Third_Party\Picovoice\libpv_porcupine.a(pv_language_info_en.o)
                              C:\Users\tempura\Desktop\smatremote\micdebug\Middlewares\Third_Party\Picovoice\libpv_porcupine.a(pv_porcupine_internal.o) (PV_LANGUAGE_INFO)
C:\Users\tempura\Desktop\smatremote\micdebug\Middlewares\Third_Party\Picovoice\libpv_porcupine.a(pv_memory.o)
                              C:\Users\tempura\Desktop\smatremote\micdebug\Middlewares\Third_Party\Picovoice\libpv_porcupine.a(pv_porcupine.o) (taabe429)
C:\Users\tempura\Desktop\smatremote\micdebug\Middlewares\Third_Party\Picovoice\libpv_porcupine.a(pv_filterbank.o)
                              C:\Users\tempura\Desktop\smatremote\micdebug\Middlewares\Third_Party\Picovoice\libpv_porcupine.a(pv_porcupine_internal.o) (taabe545)
C:\Users\tempura\Desktop\smatremote\micdebug\Middlewares\Third_Party\Picovoice\libpv_porcupine.a(pv_stft.o)
                              C:\Users\tempura\Desktop\smatremote\micdebug\Middlewares\Third_Party\Picovoice\libpv_porcupine.a(pv_filterbank.o) (taabe647)
C:\Users\tempura\Desktop\smatremote\micdebug\Middlewares\Third_Party\Picovoice\libpv_porcupine.a(pv_access.o)
                              C:\Users\tempura\Desktop\smatremote\micdebug\Middlewares\Third_Party\Picovoice\libpv_porcupine.a(pv_porcupine.o) (taabe16)
C:\Users\tempura\Desktop\smatremote\micdebug\Middlewares\Third_Party\Picovoice\libpv_porcupine.a(pv_log.o)
                              C:\Users\tempura\Desktop\smatremote\micdebug\Middlewares\Third_Party\Picovoice\libpv_porcupine.a(pv_porcupine_internal.o) (taabe758)
C:\Users\tempura\Desktop\smatremote\micdebug\Middlewares\Third_Party\Picovoice\libpv_porcupine.a(pv_fft.o)
                              C:\Users\tempura\Desktop\smatremote\micdebug\Middlewares\Third_Party\Picovoice\libpv_porcupine.a(pv_stft.o) (taabe846)
C:\Users\tempura\Desktop\smatremote\micdebug\Middlewares\Third_Party\Picovoice\libpv_porcupine.a(pv_math.o)
                              C:\Users\tempura\Desktop\smatremote\micdebug\Middlewares\Third_Party\Picovoice\libpv_porcupine.a(pv_porcupine_internal.o) (taabe871)
C:\Users\tempura\Desktop\smatremote\micdebug\Middlewares\Third_Party\Picovoice\libpv_porcupine.a(pv_online_token_classifier.o)
                              C:\Users\tempura\Desktop\smatremote\micdebug\Middlewares\Third_Party\Picovoice\libpv_porcupine.a(pv_porcupine_internal.o) (taabe174)
C:\Users\tempura\Desktop\smatremote\micdebug\Middlewares\Third_Party\Picovoice\libpv_porcupine.a(pv_fc.o)
                              C:\Users\tempura\Desktop\smatremote\micdebug\Middlewares\Third_Party\Picovoice\libpv_porcupine.a(pv_online_token_classifier.o) (taabe333)
C:\Users\tempura\Desktop\smatremote\micdebug\Middlewares\Third_Party\Picovoice\libpv_porcupine.a(pv_rnn.o)
                              C:\Users\tempura\Desktop\smatremote\micdebug\Middlewares\Third_Party\Picovoice\libpv_porcupine.a(pv_online_token_classifier.o) (taabe450)
C:\Users\tempura\Desktop\smatremote\micdebug\Middlewares\Third_Party\Picovoice\libpv_porcupine.a(pv_softmax.o)
                              C:\Users\tempura\Desktop\smatremote\micdebug\Middlewares\Third_Party\Picovoice\libpv_porcupine.a(pv_online_token_classifier.o) (taabe99)
C:\Users\tempura\Desktop\smatremote\micdebug\Middlewares\Third_Party\Picovoice\libpv_porcupine.a(pv_classifier_80_en_cortexm.o)
[...]
Memory Configuration

Name             Origin             Length             Attributes
RAM              0x20000000         0x00020000         xrw
FLASH            0x08000000         0x00080000         xr
*default*        0x00000000         0xffffffff

Linker script and memory map

LOAD C:/ST/STM32CubeIDE_1.19.0/STM32CubeIDE/plugins/com.st.stm32cube.ide.mcu.externaltools.gnu-tools-for-stm32.13.3.rel1.win32_1.0.0.202411081344/tools/bin/../lib/gcc/arm-none-eabi/13.3.1/thumb/v7e-m+fp/hard/crti.o
LOAD C:/ST/STM32CubeIDE_1.19.0/STM32CubeIDE/plugins/com.st.stm32cube.ide.mcu.externaltools.gnu-tools-for-stm32.13.3.rel1.win32_1.0.0.202411081344/tools/bin/../lib/gcc/arm-none-eabi/13.3.1/thumb/v7e-m+fp/hard/crtbegin.o
LOAD C:/ST/STM32CubeIDE_1.19.0/STM32CubeIDE/plugins/com.st.stm32cube.ide.mcu.externaltools.gnu-tools-for-stm32.13.3.rel1.win32_1.0.0.202411081344/tools/bin/../lib/gcc/arm-none-eabi/13.3.1/../../../../arm-none-eabi/lib/thumb/v7e-m+fp/hard/crt0.o
LOAD ./Core/Src/freertos.o
LOAD ./Core/Src/main.o
LOAD ./Core/Src/pv_st_f411.o
LOAD ./Core/Src/stm32f4xx_hal_msp.o
LOAD ./Core/Src/stm32f4xx_it.o
LOAD ./Core/Src/syscalls.o
LOAD ./Core/Src/sysmem.o
LOAD ./Core/Src/system_stm32f4xx.o
LOAD ./Core/Startup/startup_stm32f411retx.o
LOAD ./Drivers/STM32F4xx_HAL_Driver/Src/stm32f4xx_hal.o
LOAD ./Drivers/STM32F4xx_HAL_Driver/Src/stm32f4xx_hal_cortex.o
LOAD ./Drivers/STM32F4xx_HAL_Driver/Src/stm32f4xx_hal_crc.o
LOAD ./Drivers/STM32F4xx_HAL_Driver/Src/stm32f4xx_hal_dma.o
LOAD ./Drivers/STM32F4xx_HAL_Driver/Src/stm32f4xx_hal_dma_ex.o
LOAD ./Drivers/STM32F4xx_HAL_Driver/Src/stm32f4xx_hal_exti.o
LOAD ./Drivers/STM32F4xx_HAL_Driver/Src/stm32f4xx_hal_flash.o
LOAD ./Drivers/STM32F4xx_HAL_Driver/Src/stm32f4xx_hal_flash_ex.o
LOAD ./Drivers/STM32F4xx_HAL_Driver/Src/stm32f4xx_hal_flash_ramfunc.o
LOAD ./Drivers/STM32F4xx_HAL_Driver/Src/stm32f4xx_hal_gpio.o
LOAD ./Drivers/STM32F4xx_HAL_Driver/Src/stm32f4xx_hal_i2s.o
LOAD ./Drivers/STM32F4xx_HAL_Driver/Src/stm32f4xx_hal_i2s_ex.o
LOAD ./Drivers/STM32F4xx_HAL_Driver/Src/stm32f4xx_hal_pwr.o
LOAD ./Drivers/STM32F4xx_HAL_Driver/Src/stm32f4xx_hal_pwr_ex.o
LOAD ./Drivers/STM32F4xx_HAL_Driver/Src/stm32f4xx_hal_rcc.o
LOAD ./Drivers/STM32F4xx_HAL_Driver/Src/stm32f4xx_hal_rcc_ex.o
LOAD ./Drivers/STM32F4xx_HAL_Driver/Src/stm32f4xx_hal_tim.o
LOAD ./Drivers/STM32F4xx_HAL_Driver/Src/stm32f4xx_hal_tim_ex.o
LOAD ./Drivers/STM32F4xx_HAL_Driver/Src/stm32f4xx_hal_uart.o
LOAD ./Middlewares/Third_Party/FreeRTOS/Source/CMSIS_RTOS/cmsis_os.o
LOAD ./Middlewares/Third_Party/FreeRTOS/Source/croutine.o
LOAD ./Middlewares/Third_Party/FreeRTOS/Source/event_groups.o
LOAD ./Middlewares/Third_Party/FreeRTOS/Source/list.o
LOAD ./Middlewares/Third_Party/FreeRTOS/Source/queue.o
LOAD ./Middlewares/Third_Party/FreeRTOS/Source/stream_buffer.o
LOAD ./Middlewares/Third_Party/FreeRTOS/Source/tasks.o
LOAD ./Middlewares/Third_Party/FreeRTOS/Source/timers.o
LOAD ./Middlewares/Third_Party/FreeRTOS/Source/portable/GCC/ARM_CM4F/port.o
LOAD ./Middlewares/Third_Party/FreeRTOS/Source/portable/MemMang/heap_4.o
LOAD C:\Users\tempura\Desktop\smatremote\micdebug\Middlewares\Third_Party\Picovoice\libpv_porcupine.a
START GROUP
LOAD C:/ST/STM32CubeIDE_1.19.0/STM32CubeIDE/plugins/com.st.stm32cube.ide.mcu.externaltools.gnu-tools-for-stm32.13.3.rel1.win32_1.0.0.202411081344/tools/bin/../lib/gcc/arm-none-eabi/13.3.1/../../../../arm-none-eabi/lib/thumb/v7e-m+fp/hard\libc_nano.a
LOAD C:/ST/STM32CubeIDE_1.19.0/STM32CubeIDE/plugins/com.st.stm32cube.ide.mcu.externaltools.gnu-tools-for-stm32.13.3.rel1.win32_1.0.0.202411081344/tools/bin/../lib/gcc/arm-none-eabi/13.3.1/../../../../arm-none-eabi/lib/thumb/v7e-m+fp/hard\libm.a
END GROUP
START GROUP
LOAD C:/ST/STM32CubeIDE_1.19.0/STM32CubeIDE/plugins/com.st.stm32cube.ide.mcu.externaltools.gnu-tools-for-stm32.13.3.rel1.win32_1.0.0.202411081344/tools/bin/../lib/gcc/arm-none-eabi/13.3.1/thumb/v7e-m+fp/hard\libgcc.a
LOAD C:/ST/STM32CubeIDE_1.19.0/STM32CubeIDE/plugins/com.st.stm32cube.ide.mcu.externaltools.gnu-tools-for-stm32.13.3.rel1.win32_1.0.0.202411081344/tools/bin/../lib/gcc/arm-none-eabi/13.3.1/../../../../arm-none-eabi/lib/thumb/v7e-m+fp/hard\libc_nano.a
END GROUP
START GROUP
LOAD C:/ST/STM32CubeIDE_1.19.0/STM32CubeIDE/plugins/com.st.stm32cube.ide.mcu.externaltools.gnu-tools-for-stm32.13.3.rel1.win32_1.0.0.202411081344/tools/bin/../lib/gcc/arm-none-eabi/13.3.1/thumb/v7e-m+fp/hard\libgcc.a
LOAD C:/ST/STM32CubeIDE_1.19.0/STM32CubeIDE/plugins/com.st.stm32cube.ide.mcu.externaltools.gnu-tools-for-stm32.13.3.rel1.win32_1.0.0.202411081344/tools/bin/../lib/gcc/arm-none-eabi/13.3.1/../../../../arm-none-eabi/lib/thumb/v7e-m+fp/hard\libc_nano.a
LOAD C:/ST/STM32CubeIDE_1.19.0/STM32CubeIDE/plugins/com.st.stm32cube.ide.mcu.externaltools.gnu-tools-for-stm32.13.3.rel1.win32_1.0.0.202411081344/tools/bin/../lib/gcc/arm-none-eabi/13.3.1/../../../../arm-none-eabi/lib/thumb/v7e-m+fp/hard\libnosys.a
END GROUP
START GROUP
LOAD C:/ST/STM32CubeIDE_1.19.0/STM32CubeIDE/plugins/com.st.stm32cube.ide.mcu.externaltools.gnu-tools-for-stm32.13.3.rel1.win32_1.0.0.202411081344/tools/bin/../lib/gcc/arm-none-eabi/13.3.1/thumb/v7e-m+fp/hard\libgcc.a
LOAD C:/ST/STM32CubeIDE_1.19.0/STM32CubeIDE/plugins/com.st.stm32cube.ide.mcu.externaltools.gnu-tools-for-stm32.13.3.rel1.win32_1.0.0.202411081344/tools/bin/../lib/gcc/arm-none-eabi/13.3.1/../../../../arm-none-eabi/lib/thumb/v7e-m+fp/hard\libc_nano.a
LOAD C:/ST/STM32CubeIDE_1.19.0/STM32CubeIDE/plugins/com.st.stm32cube.ide.mcu.externaltools.gnu-tools-for-stm32.13.3.rel1.win32_1.0.0.202411081344/tools/bin/../lib/gcc/arm-none-eabi/13.3.1/../../../../arm-none-eabi/lib/thumb/v7e-m+fp/hard\libnosys.a
END GROUP
LOAD C:/ST/STM32CubeIDE_1.19.0/STM32CubeIDE/plugins/com.st.stm32cube.ide.mcu.externaltools.gnu-tools-for-stm32.13.3.rel1.win32_1.0.0.202411081344/tools/bin/../lib/gcc/arm-none-eabi/13.3.1/thumb/v7e-m+fp/hard/crtend.o
LOAD C:/ST/STM32CubeIDE_1.19.0/STM32CubeIDE/plugins/com.st.stm32cube.ide.mcu.externaltools.gnu-tools-for-stm32.13.3.rel1.win32_1.0.0.202411081344/tools/bin/../lib/gcc/arm-none-eabi/13.3.1/thumb/v7e-m+fp/hard/crtn.o
                0x20020000                        _estack = (ORIGIN (RAM) + LENGTH (RAM))
                0x00000200                        _Min_Heap_Size = 0x200
                0x00000400                        _Min_Stack_Size = 0x400

.isr_vector     0x08000000      0x198
                0x08000000                        . = ALIGN (0x4)
 *(.isr_vector)
 .isr_vector    0x08000000      0x198 ./Core/Startup/startup_stm32f411retx.o
                0x08000000                g_pfnVectors
                0x08000198                        . = ALIGN (0x4)

.text           0x080001a0     0xd8bc
                0x080001a0                        . = ALIGN (0x4)
 *(.text)
 .text          0x080001a0       0x40 C:/ST/STM32CubeIDE_1.19.0/STM32CubeIDE/plugins/com.st.stm32cube.ide.mcu.externaltools.gnu-tools-for-stm32.13.3.rel1.win32_1.0.0.202411081344/tools/bin/../lib/gcc/arm-none-eabi/13.3.1/thumb/v7e-m+fp/hard/crtbegin.o
 .text          0x080001e0       0xa0 C:/ST/STM32CubeIDE_1.19.0/STM32CubeIDE/plugins/com.st.stm32cube.ide.mcu.externaltools.gnu-tools-for-stm32.13.3.rel1.win32_1.0.0.202411081344/tools/bin/../lib/gcc/arm-none-eabi/13.3.1/../../../../arm-none-eabi/lib/thumb/v7e-m+fp/hard\libc_nano.a(libc_a-memchr.o)
                0x080001e0                memchr
 .text          0x08000280       0x10 C:/ST/STM32CubeIDE_1.19.0/STM32CubeIDE/plugins/com.st.stm32cube.ide.mcu.externaltools.gnu-tools-for-stm32.13.3.rel1.win32_1.0.0.202411081344/tools/bin/../lib/gcc/arm-none-eabi/13.3.1/../../../../arm-none-eabi/lib/thumb/v7e-m+fp/hard\libc_nano.a(libc_a-strlen.o)
                0x08000280                strlen
 .text          0x08000290      0x378 C:/ST/STM32CubeIDE_1.19.0/STM32CubeIDE/plugins/com.st.stm32cube.ide.mcu.externaltools.gnu-tools-for-stm32.13.3.rel1.win32_1.0.0.202411081344/tools/bin/../lib/gcc/arm-none-eabi/13.3.1/thumb/v7e-m+fp/hard\libgcc.a(_arm_addsubdf3.o)
                0x08000290                __aeabi_drsub
                0x08000298                __aeabi_dsub
                0x08000298                __subdf3
                0x0800029c                __aeabi_dadd
                0x0800029c                __adddf3
                0x08000514                __floatunsidf
                0x08000514                __aeabi_ui2d
                0x08000534                __floatsidf
                0x08000534                __aeabi_i2d
                0x08000558                __aeabi_f2d
                0x08000558                __extendsfdf2
                0x0800059c                __floatundidf
                0x0800059c                __aeabi_ul2d
                0x080005ac                __floatdidf
                0x080005ac                __aeabi_l2d
 .text          0x08000608       0xa0 C:/ST/STM32CubeIDE_1.19.0/STM32CubeIDE/plugins/com.st.stm32cube.ide.mcu.externaltools.gnu-tools-for-stm32.13.3.rel1.win32_1.0.0.202411081344/tools/bin/../lib/gcc/arm-none-eabi/13.3.1/thumb/v7e-m+fp/hard\libgcc.a(_aeabi_ldivmod.o)
                0x08000608                __aeabi_ldivmod
 .text          0x080006a8       0x30 C:/ST/STM32CubeIDE_1.19.0/STM32CubeIDE/plugins/com.st.stm32cube.ide.mcu.externaltools.gnu-tools-for-stm32.13.3.rel1.win32_1.0.0.202411081344/tools/bin/../lib/gcc/arm-none-eabi/13.3.1/thumb/v7e-m+fp/hard\libgcc.a(_aeabi_uldivmod.o)
                0x080006a8                __aeabi_uldivmod
 .text          0x080006d8       0x28 C:/ST/STM32CubeIDE_1.19.0/STM32CubeIDE/plugins/com.st.stm32cube.ide.mcu.externaltools.gnu-tools-for-stm32.13.3.rel1.win32_1.0.0.202411081344/tools/bin/../lib/gcc/arm-none-eabi/13.3.1/thumb/v7e-m+fp/hard\libgcc.a(_fixsfdi.o)
                0x080006d8                __fixsfdi
                0x080006d8                __aeabi_f2lz
 .text          0x08000700       0x40 C:/ST/STM32CubeIDE_1.19.0/STM32CubeIDE/plugins/com.st.stm32cube.ide.mcu.externaltools.gnu-tools-for-stm32.13.3.rel1.win32_1.0.0.202411081344/tools/bin/../lib/gcc/arm-none-eabi/13.3.1/thumb/v7e-m+fp/hard\libgcc.a(_fixunssfdi.o)
                0x08000700                __fixunssfdi
                0x08000700                __aeabi_f2ulz
 .text          0x08000740      0x2f8 C:/ST/STM32CubeIDE_1.19.0/STM32CubeIDE/plugins/com.st.stm32cube.ide.mcu.externaltools.gnu-tools-for-stm32.13.3.rel1.win32_1.0.0.202411081344/tools/bin/../lib/gcc/arm-none-eabi/13.3.1/thumb/v7e-m+fp/hard\libgcc.a(_udivmoddi4.o)
                0x08000740                __udivmoddi4
 .text          0x08000a38      0x254 C:/ST/STM32CubeIDE_1.19.0/STM32CubeIDE/plugins/com.st.stm32cube.ide.mcu.externaltools.gnu-tools-for-stm32.13.3.rel1.win32_1.0.0.202411081344/tools/bin/../lib/gcc/arm-none-eabi/13.3.1/thumb/v7e-m+fp/hard\libgcc.a(_arm_muldf3.o)
                0x08000a38                __muldf3
                0x08000a38                __aeabi_dmul
 .text          0x08000c8c        0x4 C:/ST/STM32CubeIDE_1.19.0/STM32CubeIDE/plugins/com.st.stm32cube.ide.mcu.externaltools.gnu-tools-for-stm32.13.3.rel1.win32_1.0.0.202411081344/tools/bin/../lib/gcc/arm-none-eabi/13.3.1/thumb/v7e-m+fp/hard\libgcc.a(_dvmd_tls.o)
                0x08000c8c                __aeabi_idiv0
                0x08000c8c                __aeabi_ldiv0
 .text          0x08000c90       0x40 C:/ST/STM32CubeIDE_1.19.0/STM32CubeIDE/plugins/com.st.stm32cube.ide.mcu.externaltools.gnu-tools-for-stm32.13.3.rel1.win32_1.0.0.202411081344/tools/bin/../lib/gcc/arm-none-eabi/13.3.1/thumb/v7e-m+fp/hard\libgcc.a(_arm_fixunsdfsi.o)
                0x08000c90                __aeabi_d2uiz
                0x08000c90                __fixunsdfsi
 *(.text*)
 .text.vApplicationGetIdleTaskMemory
                0x08000cd0       0x34 ./Core/Src/freertos.o
                0x08000cd0                vApplicationGetIdleTaskMemory
 .text.__io_putchar
                0x08000d04       0x24 ./Core/Src/main.o
                0x08000d04                __io_putchar
 .text.main     0x08000d28      0x248 ./Core/Src/main.o
                0x08000d28                main
 .text.SystemClock_Config
                0x08000f70       0xd0 ./Core/Src/main.o
                0x08000f70                SystemClock_Config
 .text.MX_CRC_Init
                0x08001040       0x28 ./Core/Src/main.o
 .text.MX_I2S2_Init
                0x08001068       0x5c ./Core/Src/main.o
 .text.MX_TIM3_Init
                0x080010c4       0x9c ./Core/Src/main.o
 .text.MX_TIM5_Init
                0x08001160       0xb4 ./Core/Src/main.o
 .text.MX_USART1_UART_Init
                0x08001214       0x54 ./Core/Src/main.o
 .text.MX_USART2_UART_Init
                0x08001268       0x54 ./Core/Src/main.o
 .text.MX_DMA_Init
                0x080012bc       0x40 ./Core/Src/main.o
 .text.MX_GPIO_Init
                0x080012fc       0xdc ./Core/Src/main.o
 .text.HAL_I2S_RxHalfCpltCallback
                0x080013d8       0x20 ./Core/Src/main.o
                0x080013d8                HAL_I2S_RxHalfCpltCallback
 .text.HAL_I2S_RxCpltCallback
                0x080013f8       0x20 ./Core/Src/main.o
                0x080013f8                HAL_I2S_RxCpltCallback
 .text.HAL_UART_RxCpltCallback
                0x08001418       0x90 ./Core/Src/main.o
                0x08001418                HAL_UART_RxCpltCallback
 .text.HAL_TIM_PeriodElapsedCallback
                0x080014a8      0x130 ./Core/Src/main.o
                0x080014a8                HAL_TIM_PeriodElapsedCallback
 .text.Set_Pin_Output
                0x080015d8       0x3c ./Core/Src/main.o
                0x080015d8                Set_Pin_Output
 .text.Set_Pin_Input
                0x08001614       0x3c ./Core/Src/main.o
                0x08001614                Set_Pin_Input
 .text.AC_SetMode
                0x08001650       0x20 ./Core/Src/main.o
                0x08001650                AC_SetMode
 .text.AC_SetFan
                0x08001670       0x2c ./Core/Src/main.o
                0x08001670                AC_SetFan
 .text.AC_SetSwing
                0x0800169c       0x2c ./Core/Src/main.o
                0x0800169c                AC_SetSwing
 .text.AC_GetModeString
                0x080016c8       0x74 ./Core/Src/main.o
                0x080016c8                AC_GetModeString
 .text.AC_GetFanString
                0x0800173c       0x48 ./Core/Src/main.o
                0x0800173c                AC_GetFanString
 .text.AC_SetPower
                0x08001784       0x2c ./Core/Src/main.o
                0x08001784                AC_SetPower
 .text.AC_SetTemp
                0x080017b0       0x2c ./Core/Src/main.o
                0x080017b0                AC_SetTemp
 .text.AC_UpdateState
                0x080017dc       0xbc ./Core/Src/main.o
                0x080017dc                AC_UpdateState
 .text.IR_BuildDaikin176
                0x08001898      0x140 ./Core/Src/main.o
                0x08001898                IR_BuildDaikin176
 .text.IR_StartTransmission
                0x080019d8       0x6c ./Core/Src/main.o
                0x080019d8                IR_StartTransmission
 .text.IR_AddPulse
                0x08001a44       0x60 ./Core/Src/main.o
                0x08001a44                IR_AddPulse
 .text.AC_SendCommand
                0x08001aa4       0x14 ./Core/Src/main.o
                0x08001aa4                AC_SendCommand
 .text.DWT_Delay_Init
                0x08001ab8       0x40 ./Core/Src/main.o
                0x08001ab8                DWT_Delay_Init
 .text.DWT_Delay_us
                0x08001af8       0x48 ./Core/Src/main.o
                0x08001af8                DWT_Delay_us
 .text.DHT11_Start
                0x08001b40       0x3c ./Core/Src/main.o
                0x08001b40                DHT11_Start
 .text.Wait_For_Pin_State
                0x08001b7c       0x42 ./Core/Src/main.o
                0x08001b7c                Wait_For_Pin_State
 *fill*         0x08001bbe        0x2 
 .text.DHT11_Check_Response
                0x08001bc0       0x5c ./Core/Src/main.o
                0x08001bc0                DHT11_Check_Response
 .text.DHT11_Read_Byte
                0x08001c1c       0xa4 ./Core/Src/main.o
                0x08001c1c                DHT11_Read_Byte
 .text.DHT11_Read_Data
                0x08001cc0       0xb4 ./Core/Src/main.o
                0x08001cc0                DHT11_Read_Data
 .text.StartDefaultTask
                0x08001d74       0x10 ./Core/Src/main.o
                0x08001d74                StartDefaultTask
 .text.StartAudioTask
                0x08001d84      0x11c ./Core/Src/main.o
                0x08001d84                StartAudioTask
 .text.StartControlTask
                0x08001ea0      0x4d8 ./Core/Src/main.o
                0x08001ea0                StartControlTask
 .text.Error_Handler
                0x08002378        0xc ./Core/Src/main.o
                0x08002378                Error_Handler
 .text.pv_get_uuid
                0x08002384       0x14 ./Core/Src/pv_st_f411.o
                0x08002384                pv_get_uuid
 .text.pv_get_uuid_size
                0x08002398       0x10 ./Core/Src/pv_st_f411.o
                0x08002398                pv_get_uuid_size
 .text.pv_board_init
                0x080023a8       0x24 ./Core/Src/pv_st_f411.o
                0x080023a8                pv_board_init
 .text.HAL_MspInit
                0x080023cc       0x58 ./Core/Src/stm32f4xx_hal_msp.o
                0x080023cc                HAL_MspInit
 .text.HAL_CRC_MspInit
                0x08002424       0x44 ./Core/Src/stm32f4xx_hal_msp.o
                0x08002424                HAL_CRC_MspInit
 .text.HAL_I2S_MspInit
                0x08002468      0x180 ./Core/Src/stm32f4xx_hal_msp.o
                0x08002468                HAL_I2S_MspInit
 .text.HAL_TIM_Base_MspInit
                0x080025e8       0x50 ./Core/Src/stm32f4xx_hal_msp.o
                0x080025e8                HAL_TIM_Base_MspInit
 .text.HAL_TIM_PWM_MspInit
                0x08002638       0x50 ./Core/Src/stm32f4xx_hal_msp.o
                0x08002638                HAL_TIM_PWM_MspInit
 .text.HAL_TIM_MspPostInit
                0x08002688       0x74 ./Core/Src/stm32f4xx_hal_msp.o
                0x08002688                HAL_TIM_MspPostInit
 .text.HAL_UART_MspInit
                0x080026fc      0x118 ./Core/Src/stm32f4xx_hal_msp.o
                0x080026fc                HAL_UART_MspInit
 .text.NMI_Handler
                0x08002814        0x8 ./Core/Src/stm32f4xx_it.o
                0x08002814                NMI_Handler
 .text.HardFault_Handler
                0x0800281c        0x8 ./Core/Src/stm32f4xx_it.o
                0x0800281c                HardFault_Handler
 .text.MemManage_Handler
                0x08002824        0x8 ./Core/Src/stm32f4xx_it.o
                0x08002824                MemManage_Handler
 .text.BusFault_Handler
                0x0800282c        0x8 ./Core/Src/stm32f4xx_it.o
                0x0800282c                BusFault_Handler
 .text.UsageFault_Handler
                0x08002834        0x8 ./Core/Src/stm32f4xx_it.o
                0x08002834                UsageFault_Handler
 .text.DebugMon_Handler
                0x0800283c        0xe ./Core/Src/stm32f4xx_it.o
                0x0800283c                DebugMon_Handler
 .text.SysTick_Handler
                0x0800284a       0x1a ./Core/Src/stm32f4xx_it.o
                0x0800284a                SysTick_Handler
 .text.DMA1_Stream3_IRQHandler
                0x08002864       0x14 ./Core/Src/stm32f4xx_it.o
                0x08002864                DMA1_Stream3_IRQHandler
 .text.TIM3_IRQHandler
                0x08002878       0x14 ./Core/Src/stm32f4xx_it.o
                0x08002878                TIM3_IRQHandler
 .text.SPI2_IRQHandler
                0x0800288c       0x14 ./Core/Src/stm32f4xx_it.o
                0x0800288c                SPI2_IRQHandler
 .text.USART1_IRQHandler
                0x080028a0       0x14 ./Core/Src/stm32f4xx_it.o
                0x080028a0                USART1_IRQHandler
 .text.USART2_IRQHandler
                0x080028b4       0x14 ./Core/Src/stm32f4xx_it.o
                0x080028b4                USART2_IRQHandler
 .text.TIM5_IRQHandler
                0x080028c8       0x14 ./Core/Src/stm32f4xx_it.o
                0x080028c8                TIM5_IRQHandler
 .text._read    0x080028dc       0x3a ./Core/Src/syscalls.o
                0x080028dc                _read
 .text._write   0x08002916       0x38 ./Core/Src/syscalls.o
                0x08002916                _write
 .text._close   0x0800294e       0x18 ./Core/Src/syscalls.o
                0x0800294e                _close
 .text._fstat   0x08002966       0x20 ./Core/Src/syscalls.o
                0x08002966                _fstat
 .text._isatty  0x08002986       0x16 ./Core/Src/syscalls.o
                0x08002986                _isatty
 .text._lseek   0x0800299c       0x1a ./Core/Src/syscalls.o
                0x0800299c                _lseek
 *fill*         0x080029b6        0x2 
 .text._sbrk    0x080029b8       0x6c ./Core/Src/sysmem.o
                0x080029b8                _sbrk
 .text.SystemInit
                0x08002a24       0x24 ./Core/Src/system_stm32f4xx.o
                0x08002a24                SystemInit
 .text.Reset_Handler
                0x08002a48       0x50 ./Core/Startup/startup_stm32f411retx.o
                0x08002a48                Reset_Handler
 .text.Default_Handler
                0x08002a98        0x2 ./Core/Startup/startup_stm32f411retx.o
                0x08002a98                RTC_Alarm_IRQHandler
                0x08002a98                EXTI2_IRQHandler
                0x08002a98                SPI4_IRQHandler
                0x08002a98                TIM1_CC_IRQHandler
                0x08002a98                DMA2_Stream5_IRQHandler
                0x08002a98                DMA1_Stream5_IRQHandler
                0x08002a98                PVD_IRQHandler
                0x08002a98                SDIO_IRQHandler
                0x08002a98                TAMP_STAMP_IRQHandler
                0x08002a98                EXTI3_IRQHandler
                0x08002a98                TIM1_UP_TIM10_IRQHandler
                0x08002a98                I2C3_ER_IRQHandler
                0x08002a98                EXTI0_IRQHandler
                0x08002a98                I2C2_EV_IRQHandler
                0x08002a98                DMA1_Stream2_IRQHandler
                0x08002a98                FPU_IRQHandler
                0x08002a98                DMA2_Stream2_IRQHandler
                0x08002a98                SPI1_IRQHandler
                0x08002a98                TIM1_BRK_TIM9_IRQHandler
                0x08002a98                DMA2_Stream3_IRQHandler
                0x08002a98                USART6_IRQHandler
                0x08002a98                DMA2_Stream0_IRQHandler
                0x08002a98                TIM4_IRQHandler
                0x08002a98                I2C1_EV_IRQHandler
                0x08002a98                DMA1_Stream6_IRQHandler
                0x08002a98                DMA1_Stream1_IRQHandler
                0x08002a98                RCC_IRQHandler
                0x08002a98                Default_Handler
                0x08002a98                EXTI15_10_IRQHandler
                0x08002a98                ADC_IRQHandler
                0x08002a98                DMA1_Stream7_IRQHandler
                0x08002a98                SPI5_IRQHandler
                0x08002a98                DMA2_Stream7_IRQHandler
                0x08002a98                I2C3_EV_IRQHandler
                0x08002a98                EXTI9_5_IRQHandler
                0x08002a98                RTC_WKUP_IRQHandler
                0x08002a98                DMA1_Stream0_IRQHandler
                0x08002a98                EXTI4_IRQHandler
                0x08002a98                WWDG_IRQHandler
                0x08002a98                TIM2_IRQHandler
                0x08002a98                OTG_FS_WKUP_IRQHandler
                0x08002a98                TIM1_TRG_COM_TIM11_IRQHandler
                0x08002a98                EXTI1_IRQHandler
                0x08002a98                I2C2_ER_IRQHandler
                0x08002a98                DMA2_Stream1_IRQHandler
                0x08002a98                FLASH_IRQHandler
                0x08002a98                DMA2_Stream4_IRQHandler
                0x08002a98                OTG_FS_IRQHandler
                0x08002a98                SPI3_IRQHandler
                0x08002a98                DMA1_Stream4_IRQHandler
                0x08002a98                I2C1_ER_IRQHandler
                0x08002a98                DMA2_Stream6_IRQHandler
 *fill*         0x08002a9a        0x2 
 .text.HAL_Init
                0x08002a9c       0x44 ./Drivers/STM32F4xx_HAL_Driver/Src/stm32f4xx_hal.o
                0x08002a9c                HAL_Init
 .text.HAL_InitTick
                0x08002ae0       0x60 ./Drivers/STM32F4xx_HAL_Driver/Src/stm32f4xx_hal.o
                0x08002ae0                HAL_InitTick
 .text.HAL_IncTick
                0x08002b40       0x28 ./Drivers/STM32F4xx_HAL_Driver/Src/stm32f4xx_hal.o
                0x08002b40                HAL_IncTick
 .text.HAL_GetTick
                0x08002b68       0x18 ./Drivers/STM32F4xx_HAL_Driver/Src/stm32f4xx_hal.o
                0x08002b68                HAL_GetTick
 .text.__NVIC_SetPriorityGrouping
                0x08002b80       0x48 ./Drivers/STM32F4xx_HAL_Driver/Src/stm32f4xx_hal_cortex.o
 .text.__NVIC_GetPriorityGrouping
                0x08002bc8       0x1c ./Drivers/STM32F4xx_HAL_Driver/Src/stm32f4xx_hal_cortex.o
 .text.__NVIC_EnableIRQ
                0x08002be4       0x3c ./Drivers/STM32F4xx_HAL_Driver/Src/stm32f4xx_hal_cortex.o
 .text.__NVIC_SetPriority
                0x08002c20       0x54 ./Drivers/STM32F4xx_HAL_Driver/Src/stm32f4xx_hal_cortex.o
 .text.NVIC_EncodePriority
                0x08002c74       0x66 ./Drivers/STM32F4xx_HAL_Driver/Src/stm32f4xx_hal_cortex.o
 *fill*         0x08002cda        0x2 
 .text.SysTick_Config
                0x08002cdc       0x44 ./Drivers/STM32F4xx_HAL_Driver/Src/stm32f4xx_hal_cortex.o
 .text.HAL_NVIC_SetPriorityGrouping
                0x08002d20       0x16 ./Drivers/STM32F4xx_HAL_Driver/Src/stm32f4xx_hal_cortex.o
                0x08002d20                HAL_NVIC_SetPriorityGrouping
 .text.HAL_NVIC_SetPriority
                0x08002d36       0x38 ./Drivers/STM32F4xx_HAL_Driver/Src/stm32f4xx_hal_cortex.o
                0x08002d36                HAL_NVIC_SetPriority
 .text.HAL_NVIC_EnableIRQ
                0x08002d6e       0x1c ./Drivers/STM32F4xx_HAL_Driver/Src/stm32f4xx_hal_cortex.o
                0x08002d6e                HAL_NVIC_EnableIRQ
 .text.HAL_SYSTICK_Config
                0x08002d8a       0x18 ./Drivers/STM32F4xx_HAL_Driver/Src/stm32f4xx_hal_cortex.o
                0x08002d8a                HAL_SYSTICK_Config
 .text.HAL_CRC_Init
                0x08002da2       0x38 ./Drivers/STM32F4xx_HAL_Driver/Src/stm32f4xx_hal_crc.o
                0x08002da2                HAL_CRC_Init
 *fill*         0x08002dda        0x2 
 .text.HAL_DMA_Init
                0x08002ddc      0x15c ./Drivers/STM32F4xx_HAL_Driver/Src/stm32f4xx_hal_dma.o
                0x08002ddc                HAL_DMA_Init
 .text.HAL_DMA_Start_IT
                0x08002f38       0xb0 ./Drivers/STM32F4xx_HAL_Driver/Src/stm32f4xx_hal_dma.o
                0x08002f38                HAL_DMA_Start_IT
 .text.HAL_DMA_Abort
                0x08002fe8       0xe0 ./Drivers/STM32F4xx_HAL_Driver/Src/stm32f4xx_hal_dma.o
                0x08002fe8                HAL_DMA_Abort
 .text.HAL_DMA_Abort_IT
                0x080030c8       0x44 ./Drivers/STM32F4xx_HAL_Driver/Src/stm32f4xx_hal_dma.o
                0x080030c8                HAL_DMA_Abort_IT
 .text.HAL_DMA_IRQHandler
                0x0800310c      0x314 ./Drivers/STM32F4xx_HAL_Driver/Src/stm32f4xx_hal_dma.o
                0x0800310c                HAL_DMA_IRQHandler
 .text.DMA_SetConfig
                0x08003420       0x5c ./Drivers/STM32F4xx_HAL_Driver/Src/stm32f4xx_hal_dma.o
 .text.DMA_CalcBaseAndBitshift
                0x0800347c       0x6c ./Drivers/STM32F4xx_HAL_Driver/Src/stm32f4xx_hal_dma.o
 .text.DMA_CheckFifoParam
                0x080034e8       0xf8 ./Drivers/STM32F4xx_HAL_Driver/Src/stm32f4xx_hal_dma.o
 .text.HAL_GPIO_Init
                0x080035e0      0x308 ./Drivers/STM32F4xx_HAL_Driver/Src/stm32f4xx_hal_gpio.o
                0x080035e0                HAL_GPIO_Init
 .text.HAL_GPIO_ReadPin
                0x080038e8       0x30 ./Drivers/STM32F4xx_HAL_Driver/Src/stm32f4xx_hal_gpio.o
                0x080038e8                HAL_GPIO_ReadPin
 .text.HAL_GPIO_WritePin
                0x08003918       0x32 ./Drivers/STM32F4xx_HAL_Driver/Src/stm32f4xx_hal_gpio.o
                0x08003918                HAL_GPIO_WritePin
 .text.HAL_GPIO_TogglePin
                0x0800394a       0x34 ./Drivers/STM32F4xx_HAL_Driver/Src/stm32f4xx_hal_gpio.o
                0x0800394a                HAL_GPIO_TogglePin
 *fill*         0x0800397e        0x2 
 .text.HAL_I2S_Init
                0x08003980      0x280 ./Drivers/STM32F4xx_HAL_Driver/Src/stm32f4xx_hal_i2s.o
                0x08003980                HAL_I2S_Init
 .text.HAL_I2S_Receive_DMA
                0x08003c00      0x170 ./Drivers/STM32F4xx_HAL_Driver/Src/stm32f4xx_hal_i2s.o
                0x08003c00                HAL_I2S_Receive_DMA
 .text.HAL_I2S_IRQHandler
                0x08003d70       0x18 ./Drivers/STM32F4xx_HAL_Driver/Src/stm32f4xx_hal_i2s.o
                0x08003d70                HAL_I2S_IRQHandler
 .text.HAL_I2S_TxCpltCallback
                0x08003d88       0x14 ./Drivers/STM32F4xx_HAL_Driver/Src/stm32f4xx_hal_i2s.o
                0x08003d88                HAL_I2S_TxCpltCallback
 .text.HAL_I2S_ErrorCallback
                0x08003d9c       0x14 ./Drivers/STM32F4xx_HAL_Driver/Src/stm32f4xx_hal_i2s.o
                0x08003d9c                HAL_I2S_ErrorCallback
 .text.I2S_DMARxCplt
                0x08003db0       0x42 ./Drivers/STM32F4xx_HAL_Driver/Src/stm32f4xx_hal_i2s.o
 .text.I2S_DMARxHalfCplt
                0x08003df2       0x1c ./Drivers/STM32F4xx_HAL_Driver/Src/stm32f4xx_hal_i2s.o
 .text.I2S_DMAError
                0x08003e0e       0x4c ./Drivers/STM32F4xx_HAL_Driver/Src/stm32f4xx_hal_i2s.o
 .text.I2S_Transmit_IT
                0x08003e5a       0x5c ./Drivers/STM32F4xx_HAL_Driver/Src/stm32f4xx_hal_i2s.o
 .text.I2S_Receive_IT
                0x08003eb6       0x5e ./Drivers/STM32F4xx_HAL_Driver/Src/stm32f4xx_hal_i2s.o
 .text.I2S_IRQHandler
                0x08003f14      0x114 ./Drivers/STM32F4xx_HAL_Driver/Src/stm32f4xx_hal_i2s.o
 .text.HAL_I2SEx_FullDuplex_IRQHandler
                0x08004028      0x2a8 ./Drivers/STM32F4xx_HAL_Driver/Src/stm32f4xx_hal_i2s_ex.o
                0x08004028                HAL_I2SEx_FullDuplex_IRQHandler
 .text.HAL_I2SEx_TxRxCpltCallback
                0x080042d0       0x14 ./Drivers/STM32F4xx_HAL_Driver/Src/stm32f4xx_hal_i2s_ex.o
                0x080042d0                HAL_I2SEx_TxRxCpltCallback
 .text.I2SEx_TxISR_I2S
                0x080042e4       0x62 ./Drivers/STM32F4xx_HAL_Driver/Src/stm32f4xx_hal_i2s_ex.o
 *fill*         0x08004346        0x2 
 .text.I2SEx_TxISR_I2SExt
                0x08004348       0x98 ./Drivers/STM32F4xx_HAL_Driver/Src/stm32f4xx_hal_i2s_ex.o
 .text.I2SEx_RxISR_I2S
                0x080043e0       0x64 ./Drivers/STM32F4xx_HAL_Driver/Src/stm32f4xx_hal_i2s_ex.o
 .text.I2SEx_RxISR_I2SExt
                0x08004444       0x98 ./Drivers/STM32F4xx_HAL_Driver/Src/stm32f4xx_hal_i2s_ex.o
 .text.HAL_RCC_OscConfig
                0x080044dc      0x4f0 ./Drivers/STM32F4xx_HAL_Driver/Src/stm32f4xx_hal_rcc.o
                0x080044dc                HAL_RCC_OscConfig
 .text.HAL_RCC_ClockConfig
                0x080049cc      0x1cc ./Drivers/STM32F4xx_HAL_Driver/Src/stm32f4xx_hal_rcc.o
                0x080049cc                HAL_RCC_ClockConfig
 .text.HAL_RCC_GetSysClockFreq
                0x08004b98      0x20c ./Drivers/STM32F4xx_HAL_Driver/Src/stm32f4xx_hal_rcc.o
                0x08004b98                HAL_RCC_GetSysClockFreq
 .text.HAL_RCC_GetHCLKFreq
                0x08004da4       0x18 ./Drivers/STM32F4xx_HAL_Driver/Src/stm32f4xx_hal_rcc.o
                0x08004da4                HAL_RCC_GetHCLKFreq
 .text.HAL_RCC_GetPCLK1Freq
                0x08004dbc       0x28 ./Drivers/STM32F4xx_HAL_Driver/Src/stm32f4xx_hal_rcc.o
                0x08004dbc                HAL_RCC_GetPCLK1Freq
 .text.HAL_RCC_GetPCLK2Freq
                0x08004de4       0x28 ./Drivers/STM32F4xx_HAL_Driver/Src/stm32f4xx_hal_rcc.o
                0x08004de4                HAL_RCC_GetPCLK2Freq
 .text.HAL_RCCEx_PeriphCLKConfig
                0x08004e0c      0x1e0 ./Drivers/STM32F4xx_HAL_Driver/Src/stm32f4xx_hal_rcc_ex.o
                0x08004e0c                HAL_RCCEx_PeriphCLKConfig
 .text.HAL_RCCEx_GetPeriphCLKFreq
                0x08004fec       0xc4 ./Drivers/STM32F4xx_HAL_Driver/Src/stm32f4xx_hal_rcc_ex.o
                0x08004fec                HAL_RCCEx_GetPeriphCLKFreq
 .text.HAL_TIM_Base_Init
                0x080050b0       0x9e ./Drivers/STM32F4xx_HAL_Driver/Src/stm32f4xx_hal_tim.o
                0x080050b0                HAL_TIM_Base_Init
 *fill*         0x0800514e        0x2 
 .text.HAL_TIM_Base_Start_IT
                0x08005150       0xc4 ./Drivers/STM32F4xx_HAL_Driver/Src/stm32f4xx_hal_tim.o
                0x08005150                HAL_TIM_Base_Start_IT
 .text.HAL_TIM_Base_Stop_IT
                0x08005214       0x5e ./Drivers/STM32F4xx_HAL_Driver/Src/stm32f4xx_hal_tim.o
                0x08005214                HAL_TIM_Base_Stop_IT
 .text.HAL_TIM_PWM_Init
                0x08005272       0x9e ./Drivers/STM32F4xx_HAL_Driver/Src/stm32f4xx_hal_tim.o
                0x08005272                HAL_TIM_PWM_Init
 .text.HAL_TIM_PWM_Start
                0x08005310      0x160 ./Drivers/STM32F4xx_HAL_Driver/Src/stm32f4xx_hal_tim.o
                0x08005310                HAL_TIM_PWM_Start
 .text.HAL_TIM_PWM_Stop
                0x08005470       0xc8 ./Drivers/STM32F4xx_HAL_Driver/Src/stm32f4xx_hal_tim.o
                0x08005470                HAL_TIM_PWM_Stop
 .text.HAL_TIM_IRQHandler
                0x08005538      0x1e0 ./Drivers/STM32F4xx_HAL_Driver/Src/stm32f4xx_hal_tim.o
                0x08005538                HAL_TIM_IRQHandler
 .text.HAL_TIM_PWM_ConfigChannel
                0x08005718      0x184 ./Drivers/STM32F4xx_HAL_Driver/Src/stm32f4xx_hal_tim.o
                0x08005718                HAL_TIM_PWM_ConfigChannel
 .text.HAL_TIM_ConfigClockSource
                0x0800589c      0x18e ./Drivers/STM32F4xx_HAL_Driver/Src/stm32f4xx_hal_tim.o
                0x0800589c                HAL_TIM_ConfigClockSource
 .text.HAL_TIM_OC_DelayElapsedCallback
                0x08005a2a       0x14 ./Drivers/STM32F4xx_HAL_Driver/Src/stm32f4xx_hal_tim.o
                0x08005a2a                HAL_TIM_OC_DelayElapsedCallback
 .text.HAL_TIM_IC_CaptureCallback
                0x08005a3e       0x14 ./Drivers/STM32F4xx_HAL_Driver/Src/stm32f4xx_hal_tim.o
                0x08005a3e                HAL_TIM_IC_CaptureCallback
 .text.HAL_TIM_PWM_PulseFinishedCallback
                0x08005a52       0x14 ./Drivers/STM32F4xx_HAL_Driver/Src/stm32f4xx_hal_tim.o
                0x08005a52                HAL_TIM_PWM_PulseFinishedCallback
 .text.HAL_TIM_TriggerCallback
                0x08005a66       0x14 ./Drivers/STM32F4xx_HAL_Driver/Src/stm32f4xx_hal_tim.o
                0x08005a66                HAL_TIM_TriggerCallback
 *fill*         0x08005a7a        0x2 
 .text.TIM_Base_SetConfig
                0x08005a7c      0x10c ./Drivers/STM32F4xx_HAL_Driver/Src/stm32f4xx_hal_tim.o
                0x08005a7c                TIM_Base_SetConfig
 .text.TIM_OC1_SetConfig
                0x08005b88       0xcc ./Drivers/STM32F4xx_HAL_Driver/Src/stm32f4xx_hal_tim.o
 .text.TIM_OC2_SetConfig
                0x08005c54       0xd8 ./Drivers/STM32F4xx_HAL_Driver/Src/stm32f4xx_hal_tim.o
                0x08005c54                TIM_OC2_SetConfig
 .text.TIM_OC3_SetConfig
                0x08005d2c       0xd4 ./Drivers/STM32F4xx_HAL_Driver/Src/stm32f4xx_hal_tim.o
 .text.TIM_OC4_SetConfig
                0x08005e00       0xa0 ./Drivers/STM32F4xx_HAL_Driver/Src/stm32f4xx_hal_tim.o
 .text.TIM_TI1_ConfigInputStage
                0x08005ea0       0x5e ./Drivers/STM32F4xx_HAL_Driver/Src/stm32f4xx_hal_tim.o
 .text.TIM_TI2_ConfigInputStage
                0x08005efe       0x60 ./Drivers/STM32F4xx_HAL_Driver/Src/stm32f4xx_hal_tim.o
 .text.TIM_ITRx_SetConfig
                0x08005f5e       0x36 ./Drivers/STM32F4xx_HAL_Driver/Src/stm32f4xx_hal_tim.o
 .text.TIM_ETR_SetConfig
                0x08005f94       0x40 ./Drivers/STM32F4xx_HAL_Driver/Src/stm32f4xx_hal_tim.o
                0x08005f94                TIM_ETR_SetConfig
 .text.TIM_CCxChannelCmd
                0x08005fd4       0x4a ./Drivers/STM32F4xx_HAL_Driver/Src/stm32f4xx_hal_tim.o
                0x08005fd4                TIM_CCxChannelCmd
 *fill*         0x0800601e        0x2 
 .text.HAL_TIMEx_MasterConfigSynchronization
                0x08006020       0xdc ./Drivers/STM32F4xx_HAL_Driver/Src/stm32f4xx_hal_tim_ex.o
                0x08006020                HAL_TIMEx_MasterConfigSynchronization
 .text.HAL_TIMEx_CommutCallback
                0x080060fc       0x14 ./Drivers/STM32F4xx_HAL_Driver/Src/stm32f4xx_hal_tim_ex.o
                0x080060fc                HAL_TIMEx_CommutCallback
 .text.HAL_TIMEx_BreakCallback
                0x08006110       0x14 ./Drivers/STM32F4xx_HAL_Driver/Src/stm32f4xx_hal_tim_ex.o
                0x08006110                HAL_TIMEx_BreakCallback
 .text.HAL_UART_Init
                0x08006124       0xa0 ./Drivers/STM32F4xx_HAL_Driver/Src/stm32f4xx_hal_uart.o
                0x08006124                HAL_UART_Init
 .text.HAL_UART_Transmit
                0x080061c4      0x116 ./Drivers/STM32F4xx_HAL_Driver/Src/stm32f4xx_hal_uart.o
                0x080061c4                HAL_UART_Transmit
 .text.HAL_UART_Receive_IT
                0x080062da       0x4a ./Drivers/STM32F4xx_HAL_Driver/Src/stm32f4xx_hal_uart.o
                0x080062da                HAL_UART_Receive_IT
 .text.HAL_UART_IRQHandler
                0x08006324      0x554 ./Drivers/STM32F4xx_HAL_Driver/Src/stm32f4xx_hal_uart.o
                0x08006324                HAL_UART_IRQHandler
 .text.HAL_UART_TxCpltCallback
                0x08006878       0x14 ./Drivers/STM32F4xx_HAL_Driver/Src/stm32f4xx_hal_uart.o
                0x08006878                HAL_UART_TxCpltCallback
 .text.HAL_UART_ErrorCallback
                0x0800688c       0x14 ./Drivers/STM32F4xx_HAL_Driver/Src/stm32f4xx_hal_uart.o
                0x0800688c                HAL_UART_ErrorCallback
 .text.HAL_UARTEx_RxEventCallback
                0x080068a0       0x18 ./Drivers/STM32F4xx_HAL_Driver/Src/stm32f4xx_hal_uart.o
                0x080068a0                HAL_UARTEx_RxEventCallback
 .text.UART_WaitOnFlagUntilTimeout
                0x080068b8       0xb2 ./Drivers/STM32F4xx_HAL_Driver/Src/stm32f4xx_hal_uart.o
 .text.UART_Start_Receive_IT
                0x0800696a       0x74 ./Drivers/STM32F4xx_HAL_Driver/Src/stm32f4xx_hal_uart.o
                0x0800696a                UART_Start_Receive_IT
 .text.UART_EndRxTransfer
                0x080069de       0xc6 ./Drivers/STM32F4xx_HAL_Driver/Src/stm32f4xx_hal_uart.o
 .text.UART_DMAAbortOnError
                0x08006aa4       0x22 ./Drivers/STM32F4xx_HAL_Driver/Src/stm32f4xx_hal_uart.o
 .text.UART_Transmit_IT
                0x08006ac6       0xa0 ./Drivers/STM32F4xx_HAL_Driver/Src/stm32f4xx_hal_uart.o
 .text.UART_EndTransmit_IT
                0x08006b66       0x30 ./Drivers/STM32F4xx_HAL_Driver/Src/stm32f4xx_hal_uart.o
 .text.UART_Receive_IT
                0x08006b96      0x17c ./Drivers/STM32F4xx_HAL_Driver/Src/stm32f4xx_hal_uart.o
 *fill*         0x08006d12        0x2 
 .text.UART_SetConfig
                0x08006d14      0x4e8 ./Drivers/STM32F4xx_HAL_Driver/Src/stm32f4xx_hal_uart.o
 .text.makeFreeRtosPriority
                0x080071fc       0x30 ./Middlewares/Third_Party/FreeRTOS/Source/CMSIS_RTOS/cmsis_os.o
 .text.inHandlerMode
                0x0800722c       0x24 ./Middlewares/Third_Party/FreeRTOS/Source/CMSIS_RTOS/cmsis_os.o
 .text.osKernelStart
                0x08007250        0xe ./Middlewares/Third_Party/FreeRTOS/Source/CMSIS_RTOS/cmsis_os.o
                0x08007250                osKernelStart
 .text.osThreadCreate
                0x0800725e       0x98 ./Middlewares/Third_Party/FreeRTOS/Source/CMSIS_RTOS/cmsis_os.o
                0x0800725e                osThreadCreate
 .text.osDelay  0x080072f6       0x28 ./Middlewares/Third_Party/FreeRTOS/Source/CMSIS_RTOS/cmsis_os.o
                0x080072f6                osDelay
 .text.osMessageCreate
                0x0800731e       0x50 ./Middlewares/Third_Party/FreeRTOS/Source/CMSIS_RTOS/cmsis_os.o
                0x0800731e                osMessageCreate
 *fill*         0x0800736e        0x2 
 .text.osMessagePut
                0x08007370       0x80 ./Middlewares/Third_Party/FreeRTOS/Source/CMSIS_RTOS/cmsis_os.o
                0x08007370                osMessagePut
 .text.osMessageGet
                0x080073f0       0xe8 ./Middlewares/Third_Party/FreeRTOS/Source/CMSIS_RTOS/cmsis_os.o
                0x080073f0                osMessageGet
 .text.vListInitialise
                0x080074d8       0x40 ./Middlewares/Third_Party/FreeRTOS/Source/list.o
                0x080074d8                vListInitialise
 .text.vListInitialiseItem
                0x08007518       0x1a ./Middlewares/Third_Party/FreeRTOS/Source/list.o
                0x08007518                vListInitialiseItem
 .text.vListInsertEnd
                0x08007532       0x48 ./Middlewares/Third_Party/FreeRTOS/Source/list.o
                0x08007532                vListInsertEnd
 .text.vListInsert
                0x0800757a       0x72 ./Middlewares/Third_Party/FreeRTOS/Source/list.o
                0x0800757a                vListInsert
 .text.uxListRemove
                0x080075ec       0x54 ./Middlewares/Third_Party/FreeRTOS/Source/list.o
                0x080075ec                uxListRemove
 .text.xQueueGenericReset
                0x08007640       0xd4 ./Middlewares/Third_Party/FreeRTOS/Source/queue.o
                0x08007640                xQueueGenericReset
 .text.xQueueGenericCreateStatic
                0x08007714       0xfa ./Middlewares/Third_Party/FreeRTOS/Source/queue.o
                0x08007714                xQueueGenericCreateStatic
 .text.xQueueGenericCreate
                0x0800780e       0x76 ./Middlewares/Third_Party/FreeRTOS/Source/queue.o
                0x0800780e                xQueueGenericCreate
 .text.prvInitialiseNewQueue
                0x08007884       0x3e ./Middlewares/Third_Party/FreeRTOS/Source/queue.o
 *fill*         0x080078c2        0x2 
 .text.xQueueGenericSend
                0x080078c4      0x204 ./Middlewares/Third_Party/FreeRTOS/Source/queue.o
                0x080078c4                xQueueGenericSend
 .text.xQueueGenericSendFromISR
                0x08007ac8      0x13c ./Middlewares/Third_Party/FreeRTOS/Source/queue.o
                0x08007ac8                xQueueGenericSendFromISR
 .text.xQueueReceive
                0x08007c04      0x1c4 ./Middlewares/Third_Party/FreeRTOS/Source/queue.o
                0x08007c04                xQueueReceive
 .text.xQueueReceiveFromISR
                0x08007dc8      0x104 ./Middlewares/Third_Party/FreeRTOS/Source/queue.o
                0x08007dc8                xQueueReceiveFromISR
 .text.prvCopyDataToQueue
                0x08007ecc       0xd4 ./Middlewares/Third_Party/FreeRTOS/Source/queue.o
 .text.prvCopyDataFromQueue
                0x08007fa0       0x4c ./Middlewares/Third_Party/FreeRTOS/Source/queue.o
 .text.prvUnlockQueue
                0x08007fec       0xa4 ./Middlewares/Third_Party/FreeRTOS/Source/queue.o
 .text.prvIsQueueEmpty
                0x08008090       0x2c ./Middlewares/Third_Party/FreeRTOS/Source/queue.o
 .text.prvIsQueueFull
                0x080080bc       0x30 ./Middlewares/Third_Party/FreeRTOS/Source/queue.o
 .text.xTaskCreateStatic
                0x080080ec       0xc0 ./Middlewares/Third_Party/FreeRTOS/Source/tasks.o
                0x080080ec                xTaskCreateStatic
 .text.xTaskCreate
                0x080081ac       0x8a ./Middlewares/Third_Party/FreeRTOS/Source/tasks.o
                0x080081ac                xTaskCreate
 .text.prvInitialiseNewTask
                0x08008236      0x110 ./Middlewares/Third_Party/FreeRTOS/Source/tasks.o
 *fill*         0x08008346        0x2 
 .text.prvAddNewTaskToReadyList
                0x08008348       0xd4 ./Middlewares/Third_Party/FreeRTOS/Source/tasks.o
 .text.vTaskDelay
                0x0800841c       0x6c ./Middlewares/Third_Party/FreeRTOS/Source/tasks.o
                0x0800841c                vTaskDelay
 .text.vTaskStartScheduler
                0x08008488       0xc4 ./Middlewares/Third_Party/FreeRTOS/Source/tasks.o
                0x08008488                vTaskStartScheduler
 .text.vTaskSuspendAll
                0x0800854c       0x1c ./Middlewares/Third_Party/FreeRTOS/Source/tasks.o
                0x0800854c                vTaskSuspendAll
 .text.xTaskResumeAll
                0x08008568      0x13c ./Middlewares/Third_Party/FreeRTOS/Source/tasks.o
                0x08008568                xTaskResumeAll
 .text.xTaskIncrementTick
                0x080086a4      0x174 ./Middlewares/Third_Party/FreeRTOS/Source/tasks.o
                0x080086a4                xTaskIncrementTick
 .text.vTaskSwitchContext
                0x08008818       0xb8 ./Middlewares/Third_Party/FreeRTOS/Source/tasks.o
                0x08008818                vTaskSwitchContext
 .text.vTaskPlaceOnEventList
                0x080088d0       0x4c ./Middlewares/Third_Party/FreeRTOS/Source/tasks.o
                0x080088d0                vTaskPlaceOnEventList
 .text.xTaskRemoveFromEventList
                0x0800891c       0xc8 ./Middlewares/Third_Party/FreeRTOS/Source/tasks.o
                0x0800891c                xTaskRemoveFromEventList
 .text.vTaskInternalSetTimeOutState
                0x080089e4       0x2c ./Middlewares/Third_Party/FreeRTOS/Source/tasks.o
                0x080089e4                vTaskInternalSetTimeOutState
 .text.xTaskCheckForTimeOut
                0x08008a10       0xc8 ./Middlewares/Third_Party/FreeRTOS/Source/tasks.o
                0x08008a10                xTaskCheckForTimeOut
 .text.vTaskMissedYield
                0x08008ad8       0x18 ./Middlewares/Third_Party/FreeRTOS/Source/tasks.o
                0x08008ad8                vTaskMissedYield
 .text.prvIdleTask
                0x08008af0       0x30 ./Middlewares/Third_Party/FreeRTOS/Source/tasks.o
 .text.prvInitialiseTaskLists
                0x08008b20       0x80 ./Middlewares/Third_Party/FreeRTOS/Source/tasks.o
 .text.prvCheckTasksWaitingTermination
                0x08008ba0       0x5c ./Middlewares/Third_Party/FreeRTOS/Source/tasks.o
 .text.prvDeleteTCB
                0x08008bfc       0x60 ./Middlewares/Third_Party/FreeRTOS/Source/tasks.o
 .text.prvResetNextTaskUnblockTime
                0x08008c5c       0x40 ./Middlewares/Third_Party/FreeRTOS/Source/tasks.o
 .text.xTaskGetSchedulerState
                0x08008c9c       0x3c ./Middlewares/Third_Party/FreeRTOS/Source/tasks.o
                0x08008c9c                xTaskGetSchedulerState
 .text.xTaskPriorityDisinherit
                0x08008cd8      0x110 ./Middlewares/Third_Party/FreeRTOS/Source/tasks.o
                0x08008cd8                xTaskPriorityDisinherit
 .text.prvAddCurrentTaskToDelayedList
                0x08008de8       0xcc ./Middlewares/Third_Party/FreeRTOS/Source/tasks.o
 .text.pxPortInitialiseStack
                0x08008eb4       0x68 ./Middlewares/Third_Party/FreeRTOS/Source/portable/GCC/ARM_CM4F/port.o
                0x08008eb4                pxPortInitialiseStack
 .text.prvTaskExitError
                0x08008f1c       0x5c ./Middlewares/Third_Party/FreeRTOS/Source/portable/GCC/ARM_CM4F/port.o
 *fill*         0x08008f78        0x8 
 .text.SVC_Handler
                0x08008f80       0x28 ./Middlewares/Third_Party/FreeRTOS/Source/portable/GCC/ARM_CM4F/port.o
                0x08008f80                SVC_Handler
 .text.prvPortStartFirstTask
                0x08008fa8       0x28 ./Middlewares/Third_Party/FreeRTOS/Source/portable/GCC/ARM_CM4F/port.o
 .text.xPortStartScheduler
                0x08008fd0      0x148 ./Middlewares/Third_Party/FreeRTOS/Source/portable/GCC/ARM_CM4F/port.o
                0x08008fd0                xPortStartScheduler
 .text.vPortEnterCritical
                0x08009118       0x64 ./Middlewares/Third_Party/FreeRTOS/Source/portable/GCC/ARM_CM4F/port.o
                0x08009118                vPortEnterCritical
 .text.vPortExitCritical
                0x0800917c       0x54 ./Middlewares/Third_Party/FreeRTOS/Source/portable/GCC/ARM_CM4F/port.o
                0x0800917c                vPortExitCritical
 .text.PendSV_Handler
                0x080091d0       0x68 ./Middlewares/Third_Party/FreeRTOS/Source/portable/GCC/ARM_CM4F/port.o
                0x080091d0                PendSV_Handler
 .text.xPortSysTickHandler
                0x08009238       0x44 ./Middlewares/Third_Party/FreeRTOS/Source/portable/GCC/ARM_CM4F/port.o
                0x08009238                xPortSysTickHandler
 .text.vPortSetupTimerInterrupt
                0x0800927c       0x48 ./Middlewares/Third_Party/FreeRTOS/Source/portable/GCC/ARM_CM4F/port.o
                0x0800927c                vPortSetupTimerInterrupt
 .text.vPortEnableVFP
                0x080092c4       0x14 ./Middlewares/Third_Party/FreeRTOS/Source/portable/GCC/ARM_CM4F/port.o
 .text.vPortValidateInterruptPriority
                0x080092d8       0x84 ./Middlewares/Third_Party/FreeRTOS/Source/portable/GCC/ARM_CM4F/port.o
                0x080092d8                vPortValidateInterruptPriority
 .text.pvPortMalloc
                0x0800935c      0x19c ./Middlewares/Third_Party/FreeRTOS/Source/portable/MemMang/heap_4.o
                0x0800935c                pvPortMalloc
 .text.vPortFree
                0x080094f8       0xc8 ./Middlewares/Third_Party/FreeRTOS/Source/portable/MemMang/heap_4.o
                0x080094f8                vPortFree
 .text.prvHeapInit
                0x080095c0       0xc4 ./Middlewares/Third_Party/FreeRTOS/Source/portable/MemMang/heap_4.o
 .text.prvInsertBlockIntoFreeList
                0x08009684       0xb4 ./Middlewares/Third_Party/FreeRTOS/Source/portable/MemMang/heap_4.o
 .text.pv_porcupine_delete.part.0
                0x08009738       0x8c C:\Users\tempura\Desktop\smatremote\micdebug\Middlewares\Third_Party\Picovoice\libpv_porcupine.a(pv_porcupine.o)
 .text.taabe573
                0x080097c4      0x608 C:\Users\tempura\Desktop\smatremote\micdebug\Middlewares\Third_Party\Picovoice\libpv_porcupine.a(pv_porcupine.o)
                0x080097c4                taabe573
 .text.pv_porcupine_init
                0x08009dcc       0x44 C:\Users\tempura\Desktop\smatremote\micdebug\Middlewares\Third_Party\Picovoice\libpv_porcupine.a(pv_porcupine.o)
                0x08009dcc                pv_porcupine_init
 .text.pv_porcupine_process
                0x08009e10       0xf0 C:\Users\tempura\Desktop\smatremote\micdebug\Middlewares\Third_Party\Picovoice\libpv_porcupine.a(pv_porcupine.o)
                0x08009e10                pv_porcupine_process
 .text.taabe730.part.0
                0x08009f00       0x90 C:\Users\tempura\Desktop\smatremote\micdebug\Middlewares\Third_Party\Picovoice\libpv_porcupine.a(pv_porcupine_internal.o)
 .text.taabe768
                0x08009f90      0x200 C:\Users\tempura\Desktop\smatremote\micdebug\Middlewares\Third_Party\Picovoice\libpv_porcupine.a(pv_porcupine_internal.o)
                0x08009f90                taabe768
 .text.taabe730
                0x0800a190        0x8 C:\Users\tempura\Desktop\smatremote\micdebug\Middlewares\Third_Party\Picovoice\libpv_porcupine.a(pv_porcupine_internal.o)
                0x0800a190                taabe730
 .text.taabe669
                0x0800a198       0x74 C:\Users\tempura\Desktop\smatremote\micdebug\Middlewares\Third_Party\Picovoice\libpv_porcupine.a(pv_porcupine_internal.o)
                0x0800a198                taabe669
 .text.taabe867
                0x0800a20c      0x20c C:\Users\tempura\Desktop\smatremote\micdebug\Middlewares\Third_Party\Picovoice\libpv_porcupine.a(pv_porcupine_internal.o)
                0x0800a20c                taabe867
 .text.taabe628
                0x0800a418        0x4 C:\Users\tempura\Desktop\smatremote\micdebug\Middlewares\Third_Party\Picovoice\libpv_porcupine.a(pv_porcupine_internal.o)
                0x0800a418                taabe628
 .text.taabe141
                0x0800a41c      0x448 C:\Users\tempura\Desktop\smatremote\micdebug\Middlewares\Third_Party\Picovoice\libpv_porcupine.a(pv_porcupine_internal.o)
                0x0800a41c                taabe141
 .text.taabe100
                0x0800a864      0x15c C:\Users\tempura\Desktop\smatremote\micdebug\Middlewares\Third_Party\Picovoice\libpv_porcupine.a(pv_cipher.o)
                0x0800a864                taabe100
 .text.pv_status_to_string
                0x0800a9c0       0x14 C:\Users\tempura\Desktop\smatremote\micdebug\Middlewares\Third_Party\Picovoice\libpv_porcupine.a(picovoice.o)
                0x0800a9c0                pv_status_to_string
 .text.taabe513
                0x0800a9d4       0x54 C:\Users\tempura\Desktop\smatremote\micdebug\Middlewares\Third_Party\Picovoice\libpv_porcupine.a(pv_error.o)
                0x0800a9d4                taabe513
 .text.taabe881
                0x0800aa28       0xa0 C:\Users\tempura\Desktop\smatremote\micdebug\Middlewares\Third_Party\Picovoice\libpv_porcupine.a(pv_error.o)
                0x0800aa28                taabe881
 .text.taabe404
                0x0800aac8       0x1c C:\Users\tempura\Desktop\smatremote\micdebug\Middlewares\Third_Party\Picovoice\libpv_porcupine.a(pv_error.o)
                0x0800aac8                taabe404
 .text.taabe231
                0x0800aae4       0x10 C:\Users\tempura\Desktop\smatremote\micdebug\Middlewares\Third_Party\Picovoice\libpv_porcupine.a(pv_language.o)
                0x0800aae4                taabe231
 .text.taabe507
                0x0800aaf4       0x10 C:\Users\tempura\Desktop\smatremote\micdebug\Middlewares\Third_Party\Picovoice\libpv_porcupine.a(pv_language.o)
                0x0800aaf4                taabe507
 .text.taabe138
                0x0800ab04        0x4 C:\Users\tempura\Desktop\smatremote\micdebug\Middlewares\Third_Party\Picovoice\libpv_porcupine.a(pv_language.o)
                0x0800ab04                taabe138
 .text.taabe491
                0x0800ab08        0x8 C:\Users\tempura\Desktop\smatremote\micdebug\Middlewares\Third_Party\Picovoice\libpv_porcupine.a(pv_language.o)
                0x0800ab08                taabe491
 .text.taabe661
                0x0800ab10       0x10 C:\Users\tempura\Desktop\smatremote\micdebug\Middlewares\Third_Party\Picovoice\libpv_porcupine.a(pv_language.o)
                0x0800ab10                taabe661
 .text.taabe429
                0x0800ab20       0x44 C:\Users\tempura\Desktop\smatremote\micdebug\Middlewares\Third_Party\Picovoice\libpv_porcupine.a(pv_memory.o)
                0x0800ab20                taabe429
 .text.taabe839
                0x0800ab64       0x68 C:\Users\tempura\Desktop\smatremote\micdebug\Middlewares\Third_Party\Picovoice\libpv_porcupine.a(pv_memory.o)
                0x0800ab64                taabe839
 .text.taabe281
                0x0800abcc       0x30 C:\Users\tempura\Desktop\smatremote\micdebug\Middlewares\Third_Party\Picovoice\libpv_porcupine.a(pv_memory.o)
                0x0800abcc                taabe281
 .text.taabe545
                0x0800abfc       0x5c C:\Users\tempura\Desktop\smatremote\micdebug\Middlewares\Third_Party\Picovoice\libpv_porcupine.a(pv_filterbank.o)
                0x0800abfc                taabe545
 .text.taabe13  0x0800ac58       0x1c C:\Users\tempura\Desktop\smatremote\micdebug\Middlewares\Third_Party\Picovoice\libpv_porcupine.a(pv_filterbank.o)
                0x0800ac58                taabe13
 .text.taabe396
                0x0800ac74      0x1e8 C:\Users\tempura\Desktop\smatremote\micdebug\Middlewares\Third_Party\Picovoice\libpv_porcupine.a(pv_filterbank.o)
                0x0800ac74                taabe396
 .text.taabe502
                0x0800ae5c        0xc C:\Users\tempura\Desktop\smatremote\micdebug\Middlewares\Third_Party\Picovoice\libpv_porcupine.a(pv_filterbank.o)
                0x0800ae5c                taabe502
 .text.taabe647
                0x0800ae68       0x84 C:\Users\tempura\Desktop\smatremote\micdebug\Middlewares\Third_Party\Picovoice\libpv_porcupine.a(pv_stft.o)
                0x0800ae68                taabe647
 .text.taabe315
                0x0800aeec       0x24 C:\Users\tempura\Desktop\smatremote\micdebug\Middlewares\Third_Party\Picovoice\libpv_porcupine.a(pv_stft.o)
                0x0800aeec                taabe315
 .text.taabe772
                0x0800af10      0x180 C:\Users\tempura\Desktop\smatremote\micdebug\Middlewares\Third_Party\Picovoice\libpv_porcupine.a(pv_stft.o)
                0x0800af10                taabe772
 .text.taabe191
                0x0800b090       0x18 C:\Users\tempura\Desktop\smatremote\micdebug\Middlewares\Third_Party\Picovoice\libpv_porcupine.a(pv_stft.o)
                0x0800b090                taabe191
 .text.taabe360
                0x0800b0a8      0x164 C:\Users\tempura\Desktop\smatremote\micdebug\Middlewares\Third_Party\Picovoice\libpv_porcupine.a(pv_access.o)
                0x0800b0a8                taabe360
 .text.taabe16  0x0800b20c       0x20 C:\Users\tempura\Desktop\smatremote\micdebug\Middlewares\Third_Party\Picovoice\libpv_porcupine.a(pv_access.o)
                0x0800b20c                taabe16
 .text.taabe758
                0x0800b22c       0x3c C:\Users\tempura\Desktop\smatremote\micdebug\Middlewares\Third_Party\Picovoice\libpv_porcupine.a(pv_log.o)
                0x0800b22c                taabe758
 .text.pv_fft_complex_DIT_RN
                0x0800b268       0xec C:\Users\tempura\Desktop\smatremote\micdebug\Middlewares\Third_Party\Picovoice\libpv_porcupine.a(pv_fft.o)
 .text.taabe846
                0x0800b354       0x24 C:\Users\tempura\Desktop\smatremote\micdebug\Middlewares\Third_Party\Picovoice\libpv_porcupine.a(pv_fft.o)
                0x0800b354                taabe846
 .text.taabe155
                0x0800b378        0xc C:\Users\tempura\Desktop\smatremote\micdebug\Middlewares\Third_Party\Picovoice\libpv_porcupine.a(pv_fft.o)
                0x0800b378                taabe155
 .text.taabe230
                0x0800b384      0x134 C:\Users\tempura\Desktop\smatremote\micdebug\Middlewares\Third_Party\Picovoice\libpv_porcupine.a(pv_fft.o)
                0x0800b384                taabe230
 .text.taabe871
                0x0800b4b8       0x7c C:\Users\tempura\Desktop\smatremote\micdebug\Middlewares\Third_Party\Picovoice\libpv_porcupine.a(pv_math.o)
                0x0800b4b8                taabe871
 .text.taabe837
                0x0800b534       0x58 C:\Users\tempura\Desktop\smatremote\micdebug\Middlewares\Third_Party\Picovoice\libpv_porcupine.a(pv_math.o)
                0x0800b534                taabe837
 .text.taabe198
                0x0800b58c       0x64 C:\Users\tempura\Desktop\smatremote\micdebug\Middlewares\Third_Party\Picovoice\libpv_porcupine.a(pv_math.o)
                0x0800b58c                taabe198
 .text.taabe703
                0x0800b5f0       0x5c C:\Users\tempura\Desktop\smatremote\micdebug\Middlewares\Third_Party\Picovoice\libpv_porcupine.a(pv_math.o)
                0x0800b5f0                taabe703
 .text.taabe65.part.0
                0x0800b64c       0x40 C:\Users\tempura\Desktop\smatremote\micdebug\Middlewares\Third_Party\Picovoice\libpv_porcupine.a(pv_online_token_classifier.o)
 .text.taabe174
                0x0800b68c       0xb0 C:\Users\tempura\Desktop\smatremote\micdebug\Middlewares\Third_Party\Picovoice\libpv_porcupine.a(pv_online_token_classifier.o)
                0x0800b68c                taabe174
 .text.taabe65  0x0800b73c        0x8 C:\Users\tempura\Desktop\smatremote\micdebug\Middlewares\Third_Party\Picovoice\libpv_porcupine.a(pv_online_token_classifier.o)
                0x0800b73c                taabe65
 .text.taabe317
                0x0800b744       0x10 C:\Users\tempura\Desktop\smatremote\micdebug\Middlewares\Third_Party\Picovoice\libpv_porcupine.a(pv_online_token_classifier.o)
                0x0800b744                taabe317
 .text.taabe555
                0x0800b754       0xa4 C:\Users\tempura\Desktop\smatremote\micdebug\Middlewares\Third_Party\Picovoice\libpv_porcupine.a(pv_online_token_classifier.o)
                0x0800b754                taabe555
 .text.taabe49  0x0800b7f8       0x24 C:\Users\tempura\Desktop\smatremote\micdebug\Middlewares\Third_Party\Picovoice\libpv_porcupine.a(pv_online_token_classifier.o)
                0x0800b7f8                taabe49
 .text.taabe333
                0x0800b81c       0x30 C:\Users\tempura\Desktop\smatremote\micdebug\Middlewares\Third_Party\Picovoice\libpv_porcupine.a(pv_fc.o)
                0x0800b81c                taabe333
 .text.taabe358
                0x0800b84c        0xc C:\Users\tempura\Desktop\smatremote\micdebug\Middlewares\Third_Party\Picovoice\libpv_porcupine.a(pv_fc.o)
                0x0800b84c                taabe358
 .text.taabe591
                0x0800b858      0x20c C:\Users\tempura\Desktop\smatremote\micdebug\Middlewares\Third_Party\Picovoice\libpv_porcupine.a(pv_fc.o)
                0x0800b858                taabe591
 .text.taabe450
                0x0800ba64       0xdc C:\Users\tempura\Desktop\smatremote\micdebug\Middlewares\Third_Party\Picovoice\libpv_porcupine.a(pv_rnn.o)
                0x0800ba64                taabe450
 .text.taabe74  0x0800bb40       0x34 C:\Users\tempura\Desktop\smatremote\micdebug\Middlewares\Third_Party\Picovoice\libpv_porcupine.a(pv_rnn.o)
                0x0800bb40                taabe74
 .text.taabe452
                0x0800bb74      0x148 C:\Users\tempura\Desktop\smatremote\micdebug\Middlewares\Third_Party\Picovoice\libpv_porcupine.a(pv_rnn.o)
                0x0800bb74                taabe452
 .text.taabe641
                0x0800bcbc       0x5c C:\Users\tempura\Desktop\smatremote\micdebug\Middlewares\Third_Party\Picovoice\libpv_porcupine.a(pv_rnn.o)
                0x0800bcbc                taabe641
 .text.taabe99  0x0800bd18       0x20 C:\Users\tempura\Desktop\smatremote\micdebug\Middlewares\Third_Party\Picovoice\libpv_porcupine.a(pv_softmax.o)
                0x0800bd18                taabe99
 .text.taabe287
                0x0800bd38        0xc C:\Users\tempura\Desktop\smatremote\micdebug\Middlewares\Third_Party\Picovoice\libpv_porcupine.a(pv_softmax.o)
                0x0800bd38                taabe287
 .text.taabe873
                0x0800bd44       0xd0 C:\Users\tempura\Desktop\smatremote\micdebug\Middlewares\Third_Party\Picovoice\libpv_porcupine.a(pv_softmax.o)
                0x0800bd44                taabe873
 .text.taabe793.part.0
                0x0800be14       0x38 C:\Users\tempura\Desktop\smatremote\micdebug\Middlewares\Third_Party\Picovoice\libpv_porcupine.a(pv_porcupine_decoder.o)
 .text.taabe108
                0x0800be4c      0x104 C:\Users\tempura\Desktop\smatremote\micdebug\Middlewares\Third_Party\Picovoice\libpv_porcupine.a(pv_porcupine_decoder.o)
                0x0800be4c                taabe108
 .text.taabe793
                0x0800bf50        0x8 C:\Users\tempura\Desktop\smatremote\micdebug\Middlewares\Third_Party\Picovoice\libpv_porcupine.a(pv_porcupine_decoder.o)
                0x0800bf50                taabe793
 .text.taabe820
                0x0800bf58      0x21c C:\Users\tempura\Desktop\smatremote\micdebug\Middlewares\Third_Party\Picovoice\libpv_porcupine.a(pv_porcupine_decoder.o)
                0x0800bf58                taabe820
 .text.taabe458
                0x0800c174       0x90 C:\Users\tempura\Desktop\smatremote\micdebug\Middlewares\Third_Party\Picovoice\libpv_porcupine.a(pv_porcupine_decoder.o)
                0x0800c174                taabe458
 .text.taabe552
                0x0800c204      0x220 C:\Users\tempura\Desktop\smatremote\micdebug\Middlewares\Third_Party\Picovoice\libpv_porcupine.a(pv_base64.o)
                0x0800c204                taabe552
 .text.taabe196
                0x0800c424       0x60 C:\Users\tempura\Desktop\smatremote\micdebug\Middlewares\Third_Party\Picovoice\libpv_porcupine.a(pv_normalization.o)
                0x0800c424                taabe196
 .text.atoi     0x0800c484        0x8 C:/ST/STM32CubeIDE_1.19.0/STM32CubeIDE/plugins/com.st.stm32cube.ide.mcu.externaltools.gnu-tools-for-stm32.13.3.rel1.win32_1.0.0.202411081344/tools/bin/../lib/gcc/arm-none-eabi/13.3.1/../../../../arm-none-eabi/lib/thumb/v7e-m+fp/hard\libc_nano.a(libc_a-atoi.o)
                0x0800c484                atoi
 .text.calloc   0x0800c48c       0x10 C:/ST/STM32CubeIDE_1.19.0/STM32CubeIDE/plugins/com.st.stm32cube.ide.mcu.externaltools.gnu-tools-for-stm32.13.3.rel1.win32_1.0.0.202411081344/tools/bin/../lib/gcc/arm-none-eabi/13.3.1/../../../../arm-none-eabi/lib/thumb/v7e-m+fp/hard\libc_nano.a(libc_a-calloc.o)
                0x0800c48c                calloc
 .text._calloc_r
                0x0800c49c       0x28 C:/ST/STM32CubeIDE_1.19.0/STM32CubeIDE/plugins/com.st.stm32cube.ide.mcu.externaltools.gnu-tools-for-stm32.13.3.rel1.win32_1.0.0.202411081344/tools/bin/../lib/gcc/arm-none-eabi/13.3.1/../../../../arm-none-eabi/lib/thumb/v7e-m+fp/hard\libc_nano.a(libc_a-callocr.o)
                0x0800c49c                _calloc_r
 .text.malloc   0x0800c4c4       0x10 C:/ST/STM32CubeIDE_1.19.0/STM32CubeIDE/plugins/com.st.stm32cube.ide.mcu.externaltools.gnu-tools-for-stm32.13.3.rel1.win32_1.0.0.202411081344/tools/bin/../lib/gcc/arm-none-eabi/13.3.1/../../../../arm-none-eabi/lib/thumb/v7e-m+fp/hard\libc_nano.a(libc_a-malloc.o)
                0x0800c4c4                malloc
 .text.free     0x0800c4d4       0x10 C:/ST/STM32CubeIDE_1.19.0/STM32CubeIDE/plugins/com.st.stm32cube.ide.mcu.externaltools.gnu-tools-for-stm32.13.3.rel1.win32_1.0.0.202411081344/tools/bin/../lib/gcc/arm-none-eabi/13.3.1/../../../../arm-none-eabi/lib/thumb/v7e-m+fp/hard\libc_nano.a(libc_a-malloc.o)
                0x0800c4d4                free
 .text.sbrk_aligned
                0x0800c4e4       0x44 C:/ST/STM32CubeIDE_1.19.0/STM32CubeIDE/plugins/com.st.stm32cube.ide.mcu.externaltools.gnu-tools-for-stm32.13.3.rel1.win32_1.0.0.202411081344/tools/bin/../lib/gcc/arm-none-eabi/13.3.1/../../../../arm-none-eabi/lib/thumb/v7e-m+fp/hard\libc_nano.a(libc_a-mallocr.o)
 .text._malloc_r
                0x0800c528      0x100 C:/ST/STM32CubeIDE_1.19.0/STM32CubeIDE/plugins/com.st.stm32cube.ide.mcu.externaltools.gnu-tools-for-stm32.13.3.rel1.win32_1.0.0.202411081344/tools/bin/../lib/gcc/arm-none-eabi/13.3.1/../../../../arm-none-eabi/lib/thumb/v7e-m+fp/hard\libc_nano.a(libc_a-mallocr.o)
                0x0800c528                _malloc_r
 .text.__malloc_lock
                0x0800c628        0xc C:/ST/STM32CubeIDE_1.19.0/STM32CubeIDE/plugins/com.st.stm32cube.ide.mcu.externaltools.gnu-tools-for-stm32.13.3.rel1.win32_1.0.0.202411081344/tools/bin/../lib/gcc/arm-none-eabi/13.3.1/../../../../arm-none-eabi/lib/thumb/v7e-m+fp/hard\libc_nano.a(libc_a-mlock.o)
                0x0800c628                __malloc_lock
 .text.__malloc_unlock
                0x0800c634        0xc C:/ST/STM32CubeIDE_1.19.0/STM32CubeIDE/plugins/com.st.stm32cube.ide.mcu.externaltools.gnu-tools-for-stm32.13.3.rel1.win32_1.0.0.202411081344/tools/bin/../lib/gcc/arm-none-eabi/13.3.1/../../../../arm-none-eabi/lib/thumb/v7e-m+fp/hard\libc_nano.a(libc_a-mlock.o)
                0x0800c634                __malloc_unlock
 .text._strtol_l.isra.0
                0x0800c640       0xf4 C:/ST/STM32CubeIDE_1.19.0/STM32CubeIDE/plugins/com.st.stm32cube.ide.mcu.externaltools.gnu-tools-for-stm32.13.3.rel1.win32_1.0.0.202411081344/tools/bin/../lib/gcc/arm-none-eabi/13.3.1/../../../../arm-none-eabi/lib/thumb/v7e-m+fp/hard\libc_nano.a(libc_a-strtol.o)
 .text.strtol   0x0800c734       0x14 C:/ST/STM32CubeIDE_1.19.0/STM32CubeIDE/plugins/com.st.stm32cube.ide.mcu.externaltools.gnu-tools-for-stm32.13.3.rel1.win32_1.0.0.202411081344/tools/bin/../lib/gcc/arm-none-eabi/13.3.1/../../../../arm-none-eabi/lib/thumb/v7e-m+fp/hard\libc_nano.a(libc_a-strtol.o)
                0x0800c734                strtol
 .text.__sfputc_r
                0x0800c748       0x2e C:/ST/STM32CubeIDE_1.19.0/STM32CubeIDE/plugins/com.st.stm32cube.ide.mcu.externaltools.gnu-tools-for-stm32.13.3.rel1.win32_1.0.0.202411081344/tools/bin/../lib/gcc/arm-none-eabi/13.3.1/../../../../arm-none-eabi/lib/thumb/v7e-m+fp/hard\libc_nano.a(libc_a-nano-vfprintf.o)
 .text.__sfputs_r
                0x0800c776       0x24 C:/ST/STM32CubeIDE_1.19.0/STM32CubeIDE/plugins/com.st.stm32cube.ide.mcu.externaltools.gnu-tools-for-stm32.13.3.rel1.win32_1.0.0.202411081344/tools/bin/../lib/gcc/arm-none-eabi/13.3.1/../../../../arm-none-eabi/lib/thumb/v7e-m+fp/hard\libc_nano.a(libc_a-nano-vfprintf.o)
                0x0800c776                __sfputs_r
 *fill*         0x0800c79a        0x2 
 .text._vfprintf_r
                0x0800c79c      0x230 C:/ST/STM32CubeIDE_1.19.0/STM32CubeIDE/plugins/com.st.stm32cube.ide.mcu.externaltools.gnu-tools-for-stm32.13.3.rel1.win32_1.0.0.202411081344/tools/bin/../lib/gcc/arm-none-eabi/13.3.1/../../../../arm-none-eabi/lib/thumb/v7e-m+fp/hard\libc_nano.a(libc_a-nano-vfprintf.o)
                0x0800c79c                _vfprintf_r
                0x0800c79c                _vfiprintf_r
 .text.vfprintf
                0x0800c9cc       0x14 C:/ST/STM32CubeIDE_1.19.0/STM32CubeIDE/plugins/com.st.stm32cube.ide.mcu.externaltools.gnu-tools-for-stm32.13.3.rel1.win32_1.0.0.202411081344/tools/bin/../lib/gcc/arm-none-eabi/13.3.1/../../../../arm-none-eabi/lib/thumb/v7e-m+fp/hard\libc_nano.a(libc_a-nano-vfprintf.o)
                0x0800c9cc                vfprintf
                0x0800c9cc                vfiprintf
 .text._printf_common
                0x0800c9e0       0xda C:/ST/STM32CubeIDE_1.19.0/STM32CubeIDE/plugins/com.st.stm32cube.ide.mcu.externaltools.gnu-tools-for-stm32.13.3.rel1.win32_1.0.0.202411081344/tools/bin/../lib/gcc/arm-none-eabi/13.3.1/../../../../arm-none-eabi/lib/thumb/v7e-m+fp/hard\libc_nano.a(libc_a-nano-vfprintf_i.o)
                0x0800c9e0                _printf_common
 *fill*         0x0800caba        0x2 
 .text._printf_i
                0x0800cabc      0x23c C:/ST/STM32CubeIDE_1.19.0/STM32CubeIDE/plugins/com.st.stm32cube.ide.mcu.externaltools.gnu-tools-for-stm32.13.3.rel1.win32_1.0.0.202411081344/tools/bin/../lib/gcc/arm-none-eabi/13.3.1/../../../../arm-none-eabi/lib/thumb/v7e-m+fp/hard\libc_nano.a(libc_a-nano-vfprintf_i.o)
                0x0800cabc                _printf_i
 .text.std      0x0800ccf8       0x6c C:/ST/STM32CubeIDE_1.19.0/STM32CubeIDE/plugins/com.st.stm32cube.ide.mcu.externaltools.gnu-tools-for-stm32.13.3.rel1.win32_1.0.0.202411081344/tools/bin/../lib/gcc/arm-none-eabi/13.3.1/../../../../arm-none-eabi/lib/thumb/v7e-m+fp/hard\libc_nano.a(libc_a-findfp.o)
 .text.stdio_exit_handler
                0x0800cd64       0x18 C:/ST/STM32CubeIDE_1.19.0/STM32CubeIDE/plugins/com.st.stm32cube.ide.mcu.externaltools.gnu-tools-for-stm32.13.3.rel1.win32_1.0.0.202411081344/tools/bin/../lib/gcc/arm-none-eabi/13.3.1/../../../../arm-none-eabi/lib/thumb/v7e-m+fp/hard\libc_nano.a(libc_a-findfp.o)
 .text.cleanup_stdio
                0x0800cd7c       0x40 C:/ST/STM32CubeIDE_1.19.0/STM32CubeIDE/plugins/com.st.stm32cube.ide.mcu.externaltools.gnu-tools-for-stm32.13.3.rel1.win32_1.0.0.202411081344/tools/bin/../lib/gcc/arm-none-eabi/13.3.1/../../../../arm-none-eabi/lib/thumb/v7e-m+fp/hard\libc_nano.a(libc_a-findfp.o)
 .text.global_stdio_init.part.0
                0x0800cdbc       0x3c C:/ST/STM32CubeIDE_1.19.0/STM32CubeIDE/plugins/com.st.stm32cube.ide.mcu.externaltools.gnu-tools-for-stm32.13.3.rel1.win32_1.0.0.202411081344/tools/bin/../lib/gcc/arm-none-eabi/13.3.1/../../../../arm-none-eabi/lib/thumb/v7e-m+fp/hard\libc_nano.a(libc_a-findfp.o)
 .text.__sfp_lock_acquire
                0x0800cdf8        0xc C:/ST/STM32CubeIDE_1.19.0/STM32CubeIDE/plugins/com.st.stm32cube.ide.mcu.externaltools.gnu-tools-for-stm32.13.3.rel1.win32_1.0.0.202411081344/tools/bin/../lib/gcc/arm-none-eabi/13.3.1/../../../../arm-none-eabi/lib/thumb/v7e-m+fp/hard\libc_nano.a(libc_a-findfp.o)
                0x0800cdf8                __sfp_lock_acquire
 .text.__sfp_lock_release
                0x0800ce04        0xc C:/ST/STM32CubeIDE_1.19.0/STM32CubeIDE/plugins/com.st.stm32cube.ide.mcu.externaltools.gnu-tools-for-stm32.13.3.rel1.win32_1.0.0.202411081344/tools/bin/../lib/gcc/arm-none-eabi/13.3.1/../../../../arm-none-eabi/lib/thumb/v7e-m+fp/hard\libc_nano.a(libc_a-findfp.o)
                0x0800ce04                __sfp_lock_release
 .text.__sinit  0x0800ce10       0x30 C:/ST/STM32CubeIDE_1.19.0/STM32CubeIDE/plugins/com.st.stm32cube.ide.mcu.externaltools.gnu-tools-for-stm32.13.3.rel1.win32_1.0.0.202411081344/tools/bin/../lib/gcc/arm-none-eabi/13.3.1/../../../../arm-none-eabi/lib/thumb/v7e-m+fp/hard\libc_nano.a(libc_a-findfp.o)
                0x0800ce10                __sinit
 .text._fwalk_sglue
                0x0800ce40       0x3c C:/ST/STM32CubeIDE_1.19.0/STM32CubeIDE/plugins/com.st.stm32cube.ide.mcu.externaltools.gnu-tools-for-stm32.13.3.rel1.win32_1.0.0.202411081344/tools/bin/../lib/gcc/arm-none-eabi/13.3.1/../../../../arm-none-eabi/lib/thumb/v7e-m+fp/hard\libc_nano.a(libc_a-fwalk.o)
                0x0800ce40                _fwalk_sglue
 .text.printf   0x0800ce7c       0x24 C:/ST/STM32CubeIDE_1.19.0/STM32CubeIDE/plugins/com.st.stm32cube.ide.mcu.externaltools.gnu-tools-for-stm32.13.3.rel1.win32_1.0.0.202411081344/tools/bin/../lib/gcc/arm-none-eabi/13.3.1/../../../../arm-none-eabi/lib/thumb/v7e-m+fp/hard\libc_nano.a(libc_a-printf.o)
                0x0800ce7c                iprintf
                0x0800ce7c                printf
 .text._puts_r  0x0800cea0       0xaa C:/ST/STM32CubeIDE_1.19.0/STM32CubeIDE/plugins/com.st.stm32cube.ide.mcu.externaltools.gnu-tools-for-stm32.13.3.rel1.win32_1.0.0.202411081344/tools/bin/../lib/gcc/arm-none-eabi/13.3.1/../../../../arm-none-eabi/lib/thumb/v7e-m+fp/hard\libc_nano.a(libc_a-puts.o)
                0x0800cea0                _puts_r
 *fill*         0x0800cf4a        0x2 
 .text.puts     0x0800cf4c       0x10 C:/ST/STM32CubeIDE_1.19.0/STM32CubeIDE/plugins/com.st.stm32cube.ide.mcu.externaltools.gnu-tools-for-stm32.13.3.rel1.win32_1.0.0.202411081344/tools/bin/../lib/gcc/arm-none-eabi/13.3.1/../../../../arm-none-eabi/lib/thumb/v7e-m+fp/hard\libc_nano.a(libc_a-puts.o)
                0x0800cf4c                puts
 .text.snprintf
                0x0800cf5c       0x6c C:/ST/STM32CubeIDE_1.19.0/STM32CubeIDE/plugins/com.st.stm32cube.ide.mcu.externaltools.gnu-tools-for-stm32.13.3.rel1.win32_1.0.0.202411081344/tools/bin/../lib/gcc/arm-none-eabi/13.3.1/../../../../arm-none-eabi/lib/thumb/v7e-m+fp/hard\libc_nano.a(libc_a-snprintf.o)
                0x0800cf5c                sniprintf
                0x0800cf5c                snprintf
 .text.sprintf  0x0800cfc8       0x44 C:/ST/STM32CubeIDE_1.19.0/STM32CubeIDE/plugins/com.st.stm32cube.ide.mcu.externaltools.gnu-tools-for-stm32.13.3.rel1.win32_1.0.0.202411081344/tools/bin/../lib/gcc/arm-none-eabi/13.3.1/../../../../arm-none-eabi/lib/thumb/v7e-m+fp/hard\libc_nano.a(libc_a-sprintf.o)
                0x0800cfc8                siprintf
                0x0800cfc8                sprintf
 .text.__sread  0x0800d00c       0x22 C:/ST/STM32CubeIDE_1.19.0/STM32CubeIDE/plugins/com.st.stm32cube.ide.mcu.externaltools.gnu-tools-for-stm32.13.3.rel1.win32_1.0.0.202411081344/tools/bin/../lib/gcc/arm-none-eabi/13.3.1/../../../../arm-none-eabi/lib/thumb/v7e-m+fp/hard\libc_nano.a(libc_a-stdio.o)
                0x0800d00c                __sread
 .text.__swrite
                0x0800d02e       0x38 C:/ST/STM32CubeIDE_1.19.0/STM32CubeIDE/plugins/com.st.stm32cube.ide.mcu.externaltools.gnu-tools-for-stm32.13.3.rel1.win32_1.0.0.202411081344/tools/bin/../lib/gcc/arm-none-eabi/13.3.1/../../../../arm-none-eabi/lib/thumb/v7e-m+fp/hard\libc_nano.a(libc_a-stdio.o)
                0x0800d02e                __swrite
 .text.__sseek  0x0800d066       0x24 C:/ST/STM32CubeIDE_1.19.0/STM32CubeIDE/plugins/com.st.stm32cube.ide.mcu.externaltools.gnu-tools-for-stm32.13.3.rel1.win32_1.0.0.202411081344/tools/bin/../lib/gcc/arm-none-eabi/13.3.1/../../../../arm-none-eabi/lib/thumb/v7e-m+fp/hard\libc_nano.a(libc_a-stdio.o)
                0x0800d066                __sseek
 .text.__sclose
                0x0800d08a        0x8 C:/ST/STM32CubeIDE_1.19.0/STM32CubeIDE/plugins/com.st.stm32cube.ide.mcu.externaltools.gnu-tools-for-stm32.13.3.rel1.win32_1.0.0.202411081344/tools/bin/../lib/gcc/arm-none-eabi/13.3.1/../../../../arm-none-eabi/lib/thumb/v7e-m+fp/hard\libc_nano.a(libc_a-stdio.o)
                0x0800d08a                __sclose
 .text._vsnprintf_r
                0x0800d092       0x5c C:/ST/STM32CubeIDE_1.19.0/STM32CubeIDE/plugins/com.st.stm32cube.ide.mcu.externaltools.gnu-tools-for-stm32.13.3.rel1.win32_1.0.0.202411081344/tools/bin/../lib/gcc/arm-none-eabi/13.3.1/../../../../arm-none-eabi/lib/thumb/v7e-m+fp/hard\libc_nano.a(libc_a-vsnprintf.o)
                0x0800d092                _vsniprintf_r
                0x0800d092                _vsnprintf_r
 *fill*         0x0800d0ee        0x2 
 .text.vsnprintf
                0x0800d0f0       0x1c C:/ST/STM32CubeIDE_1.19.0/STM32CubeIDE/plugins/com.st.stm32cube.ide.mcu.externaltools.gnu-tools-for-stm32.13.3.rel1.win32_1.0.0.202411081344/tools/bin/../lib/gcc/arm-none-eabi/13.3.1/../../../../arm-none-eabi/lib/thumb/v7e-m+fp/hard\libc_nano.a(libc_a-vsnprintf.o)
                0x0800d0f0                vsniprintf
                0x0800d0f0                vsnprintf
 .text.__swbuf_r
                0x0800d10c       0x7c C:/ST/STM32CubeIDE_1.19.0/STM32CubeIDE/plugins/com.st.stm32cube.ide.mcu.externaltools.gnu-tools-for-stm32.13.3.rel1.win32_1.0.0.202411081344/tools/bin/../lib/gcc/arm-none-eabi/13.3.1/../../../../arm-none-eabi/lib/thumb/v7e-m+fp/hard\libc_nano.a(libc_a-wbuf.o)
                0x0800d10c                __swbuf_r
 .text.__swsetup_r
                0x0800d188       0xac C:/ST/STM32CubeIDE_1.19.0/STM32CubeIDE/plugins/com.st.stm32cube.ide.mcu.externaltools.gnu-tools-for-stm32.13.3.rel1.win32_1.0.0.202411081344/tools/bin/../lib/gcc/arm-none-eabi/13.3.1/../../../../arm-none-eabi/lib/thumb/v7e-m+fp/hard\libc_nano.a(libc_a-wsetup.o)
                0x0800d188                __swsetup_r
 .text.memmove  0x0800d234       0x34 C:/ST/STM32CubeIDE_1.19.0/STM32CubeIDE/plugins/com.st.stm32cube.ide.mcu.externaltools.gnu-tools-for-stm32.13.3.rel1.win32_1.0.0.202411081344/tools/bin/../lib/gcc/arm-none-eabi/13.3.1/../../../../arm-none-eabi/lib/thumb/v7e-m+fp/hard\libc_nano.a(libc_a-memmove.o)
                0x0800d234                memmove
 .text.memset   0x0800d268       0x10 C:/ST/STM32CubeIDE_1.19.0/STM32CubeIDE/plugins/com.st.stm32cube.ide.mcu.externaltools.gnu-tools-for-stm32.13.3.rel1.win32_1.0.0.202411081344/tools/bin/../lib/gcc/arm-none-eabi/13.3.1/../../../../arm-none-eabi/lib/thumb/v7e-m+fp/hard\libc_nano.a(libc_a-memset.o)
                0x0800d268                memset
 .text.strncmp  0x0800d278       0x24 C:/ST/STM32CubeIDE_1.19.0/STM32CubeIDE/plugins/com.st.stm32cube.ide.mcu.externaltools.gnu-tools-for-stm32.13.3.rel1.win32_1.0.0.202411081344/tools/bin/../lib/gcc/arm-none-eabi/13.3.1/../../../../arm-none-eabi/lib/thumb/v7e-m+fp/hard\libc_nano.a(libc_a-strncmp.o)
                0x0800d278                strncmp
 .text.strncpy  0x0800d29c       0x26 C:/ST/STM32CubeIDE_1.19.0/STM32CubeIDE/plugins/com.st.stm32cube.ide.mcu.externaltools.gnu-tools-for-stm32.13.3.rel1.win32_1.0.0.202411081344/tools/bin/../lib/gcc/arm-none-eabi/13.3.1/../../../../arm-none-eabi/lib/thumb/v7e-m+fp/hard\libc_nano.a(libc_a-strncpy.o)
                0x0800d29c                strncpy
 .text.strspn   0x0800d2c2       0x20 C:/ST/STM32CubeIDE_1.19.0/STM32CubeIDE/plugins/com.st.stm32cube.ide.mcu.externaltools.gnu-tools-for-stm32.13.3.rel1.win32_1.0.0.202411081344/tools/bin/../lib/gcc/arm-none-eabi/13.3.1/../../../../arm-none-eabi/lib/thumb/v7e-m+fp/hard\libc_nano.a(libc_a-strspn.o)
                0x0800d2c2                strspn
 .text.strstr   0x0800d2e2       0x2c C:/ST/STM32CubeIDE_1.19.0/STM32CubeIDE/plugins/com.st.stm32cube.ide.mcu.externaltools.gnu-tools-for-stm32.13.3.rel1.win32_1.0.0.202411081344/tools/bin/../lib/gcc/arm-none-eabi/13.3.1/../../../../arm-none-eabi/lib/thumb/v7e-m+fp/hard\libc_nano.a(libc_a-strstr.o)
                0x0800d2e2                strstr
 *fill*         0x0800d30e        0x2 
 .text._close_r
                0x0800d310       0x20 C:/ST/STM32CubeIDE_1.19.0/STM32CubeIDE/plugins/com.st.stm32cube.ide.mcu.externaltools.gnu-tools-for-stm32.13.3.rel1.win32_1.0.0.202411081344/tools/bin/../lib/gcc/arm-none-eabi/13.3.1/../../../../arm-none-eabi/lib/thumb/v7e-m+fp/hard\libc_nano.a(libc_a-closer.o)
                0x0800d310                _close_r
 .text._lseek_r
                0x0800d330       0x24 C:/ST/STM32CubeIDE_1.19.0/STM32CubeIDE/plugins/com.st.stm32cube.ide.mcu.externaltools.gnu-tools-for-stm32.13.3.rel1.win32_1.0.0.202411081344/tools/bin/../lib/gcc/arm-none-eabi/13.3.1/../../../../arm-none-eabi/lib/thumb/v7e-m+fp/hard\libc_nano.a(libc_a-lseekr.o)
                0x0800d330                _lseek_r
 .text._read_r  0x0800d354       0x24 C:/ST/STM32CubeIDE_1.19.0/STM32CubeIDE/plugins/com.st.stm32cube.ide.mcu.externaltools.gnu-tools-for-stm32.13.3.rel1.win32_1.0.0.202411081344/tools/bin/../lib/gcc/arm-none-eabi/13.3.1/../../../../arm-none-eabi/lib/thumb/v7e-m+fp/hard\libc_nano.a(libc_a-readr.o)
                0x0800d354                _read_r
 .text._sbrk_r  0x0800d378       0x20 C:/ST/STM32CubeIDE_1.19.0/STM32CubeIDE/plugins/com.st.stm32cube.ide.mcu.externaltools.gnu-tools-for-stm32.13.3.rel1.win32_1.0.0.202411081344/tools/bin/../lib/gcc/arm-none-eabi/13.3.1/../../../../arm-none-eabi/lib/thumb/v7e-m+fp/hard\libc_nano.a(libc_a-sbrkr.o)
                0x0800d378                _sbrk_r
 .text._write_r
                0x0800d398       0x24 C:/ST/STM32CubeIDE_1.19.0/STM32CubeIDE/plugins/com.st.stm32cube.ide.mcu.externaltools.gnu-tools-for-stm32.13.3.rel1.win32_1.0.0.202411081344/tools/bin/../lib/gcc/arm-none-eabi/13.3.1/../../../../arm-none-eabi/lib/thumb/v7e-m+fp/hard\libc_nano.a(libc_a-writer.o)
                0x0800d398                _write_r
 .text.__errno  0x0800d3bc        0xc C:/ST/STM32CubeIDE_1.19.0/STM32CubeIDE/plugins/com.st.stm32cube.ide.mcu.externaltools.gnu-tools-for-stm32.13.3.rel1.win32_1.0.0.202411081344/tools/bin/../lib/gcc/arm-none-eabi/13.3.1/../../../../arm-none-eabi/lib/thumb/v7e-m+fp/hard\libc_nano.a(libc_a-errno.o)
                0x0800d3bc                __errno
 .text.__libc_init_array
                0x0800d3c8       0x48 C:/ST/STM32CubeIDE_1.19.0/STM32CubeIDE/plugins/com.st.stm32cube.ide.mcu.externaltools.gnu-tools-for-stm32.13.3.rel1.win32_1.0.0.202411081344/tools/bin/../lib/gcc/arm-none-eabi/13.3.1/../../../../arm-none-eabi/lib/thumb/v7e-m+fp/hard\libc_nano.a(libc_a-init.o)
                0x0800d3c8                __libc_init_array
 .text.__retarget_lock_init_recursive
                0x0800d410        0x2 C:/ST/STM32CubeIDE_1.19.0/STM32CubeIDE/plugins/com.st.stm32cube.ide.mcu.externaltools.gnu-tools-for-stm32.13.3.rel1.win32_1.0.0.202411081344/tools/bin/../lib/gcc/arm-none-eabi/13.3.1/../../../../arm-none-eabi/lib/thumb/v7e-m+fp/hard\libc_nano.a(libc_a-lock.o)
                0x0800d410                __retarget_lock_init_recursive
 .text.__retarget_lock_acquire_recursive
                0x0800d412        0x2 C:/ST/STM32CubeIDE_1.19.0/STM32CubeIDE/plugins/com.st.stm32cube.ide.mcu.externaltools.gnu-tools-for-stm32.13.3.rel1.win32_1.0.0.202411081344/tools/bin/../lib/gcc/arm-none-eabi/13.3.1/../../../../arm-none-eabi/lib/thumb/v7e-m+fp/hard\libc_nano.a(libc_a-lock.o)
                0x0800d412                __retarget_lock_acquire_recursive
 .text.__retarget_lock_release_recursive
                0x0800d414        0x2 C:/ST/STM32CubeIDE_1.19.0/STM32CubeIDE/plugins/com.st.stm32cube.ide.mcu.externaltools.gnu-tools-for-stm32.13.3.rel1.win32_1.0.0.202411081344/tools/bin/../lib/gcc/arm-none-eabi/13.3.1/../../../../arm-none-eabi/lib/thumb/v7e-m+fp/hard\libc_nano.a(libc_a-lock.o)
                0x0800d414                __retarget_lock_release_recursive
 .text.memcpy   0x0800d416       0x1c C:/ST/STM32CubeIDE_1.19.0/STM32CubeIDE/plugins/com.st.stm32cube.ide.mcu.externaltools.gnu-tools-for-stm32.13.3.rel1.win32_1.0.0.202411081344/tools/bin/../lib/gcc/arm-none-eabi/13.3.1/../../../../arm-none-eabi/lib/thumb/v7e-m+fp/hard\libc_nano.a(libc_a-memcpy-stub.o)
                0x0800d416                memcpy
 *fill*         0x0800d432        0x2 
 .text._free_r  0x0800d434       0x94 C:/ST/STM32CubeIDE_1.19.0/STM32CubeIDE/plugins/com.st.stm32cube.ide.mcu.externaltools.gnu-tools-for-stm32.13.3.rel1.win32_1.0.0.202411081344/tools/bin/../lib/gcc/arm-none-eabi/13.3.1/../../../../arm-none-eabi/lib/thumb/v7e-m+fp/hard\libc_nano.a(libc_a-freer.o)
                0x0800d434                _free_r
 .text._realloc_r
                0x0800d4c8       0x5c C:/ST/STM32CubeIDE_1.19.0/STM32CubeIDE/plugins/com.st.stm32cube.ide.mcu.externaltools.gnu-tools-for-stm32.13.3.rel1.win32_1.0.0.202411081344/tools/bin/../lib/gcc/arm-none-eabi/13.3.1/../../../../arm-none-eabi/lib/thumb/v7e-m+fp/hard\libc_nano.a(libc_a-reallocr.o)
                0x0800d4c8                _realloc_r
 .text.__ssputs_r
                0x0800d524       0xb6 C:/ST/STM32CubeIDE_1.19.0/STM32CubeIDE/plugins/com.st.stm32cube.ide.mcu.externaltools.gnu-tools-for-stm32.13.3.rel1.win32_1.0.0.202411081344/tools/bin/../lib/gcc/arm-none-eabi/13.3.1/../../../../arm-none-eabi/lib/thumb/v7e-m+fp/hard\libc_nano.a(libc_a-nano-svfprintf.o)
                0x0800d524                __ssputs_r
 *fill*         0x0800d5da        0x2 
 .text._svfprintf_r
                0x0800d5dc      0x1f8 C:/ST/STM32CubeIDE_1.19.0/STM32CubeIDE/plugins/com.st.stm32cube.ide.mcu.externaltools.gnu-tools-for-stm32.13.3.rel1.win32_1.0.0.202411081344/tools/bin/../lib/gcc/arm-none-eabi/13.3.1/../../../../arm-none-eabi/lib/thumb/v7e-m+fp/hard\libc_nano.a(libc_a-nano-svfprintf.o)
                0x0800d5dc                _svfiprintf_r
                0x0800d5dc                _svfprintf_r
 .text.__sflush_r
                0x0800d7d4      0x108 C:/ST/STM32CubeIDE_1.19.0/STM32CubeIDE/plugins/com.st.stm32cube.ide.mcu.externaltools.gnu-tools-for-stm32.13.3.rel1.win32_1.0.0.202411081344/tools/bin/../lib/gcc/arm-none-eabi/13.3.1/../../../../arm-none-eabi/lib/thumb/v7e-m+fp/hard\libc_nano.a(libc_a-fflush.o)
                0x0800d7d4                __sflush_r
 .text._fflush_r
                0x0800d8dc       0x50 C:/ST/STM32CubeIDE_1.19.0/STM32CubeIDE/plugins/com.st.stm32cube.ide.mcu.externaltools.gnu-tools-for-stm32.13.3.rel1.win32_1.0.0.202411081344/tools/bin/../lib/gcc/arm-none-eabi/13.3.1/../../../../arm-none-eabi/lib/thumb/v7e-m+fp/hard\libc_nano.a(libc_a-fflush.o)
                0x0800d8dc                _fflush_r
 .text.__swhatbuf_r
                0x0800d92c       0x4c C:/ST/STM32CubeIDE_1.19.0/STM32CubeIDE/plugins/com.st.stm32cube.ide.mcu.externaltools.gnu-tools-for-stm32.13.3.rel1.win32_1.0.0.202411081344/tools/bin/../lib/gcc/arm-none-eabi/13.3.1/../../../../arm-none-eabi/lib/thumb/v7e-m+fp/hard\libc_nano.a(libc_a-makebuf.o)
                0x0800d92c                __swhatbuf_r
 .text.__smakebuf_r
                0x0800d978       0x78 C:/ST/STM32CubeIDE_1.19.0/STM32CubeIDE/plugins/com.st.stm32cube.ide.mcu.externaltools.gnu-tools-for-stm32.13.3.rel1.win32_1.0.0.202411081344/tools/bin/../lib/gcc/arm-none-eabi/13.3.1/../../../../arm-none-eabi/lib/thumb/v7e-m+fp/hard\libc_nano.a(libc_a-makebuf.o)
                0x0800d978                __smakebuf_r
 .text._fstat_r
                0x0800d9f0       0x24 C:/ST/STM32CubeIDE_1.19.0/STM32CubeIDE/plugins/com.st.stm32cube.ide.mcu.externaltools.gnu-tools-for-stm32.13.3.rel1.win32_1.0.0.202411081344/tools/bin/../lib/gcc/arm-none-eabi/13.3.1/../../../../arm-none-eabi/lib/thumb/v7e-m+fp/hard\libc_nano.a(libc_a-fstatr.o)
                0x0800d9f0                _fstat_r
 .text._isatty_r
                0x0800da14       0x20 C:/ST/STM32CubeIDE_1.19.0/STM32CubeIDE/plugins/com.st.stm32cube.ide.mcu.externaltools.gnu-tools-for-stm32.13.3.rel1.win32_1.0.0.202411081344/tools/bin/../lib/gcc/arm-none-eabi/13.3.1/../../../../arm-none-eabi/lib/thumb/v7e-m+fp/hard\libc_nano.a(libc_a-isattyr.o)
                0x0800da14                _isatty_r
 .text._malloc_usable_size_r
                0x0800da34       0x10 C:/ST/STM32CubeIDE_1.19.0/STM32CubeIDE/plugins/com.st.stm32cube.ide.mcu.externaltools.gnu-tools-for-stm32.13.3.rel1.win32_1.0.0.202411081344/tools/bin/../lib/gcc/arm-none-eabi/13.3.1/../../../../arm-none-eabi/lib/thumb/v7e-m+fp/hard\libc_nano.a(libc_a-msizer.o)
                0x0800da34                _malloc_usable_size_r
 *(.glue_7)
 .glue_7        0x0800da44        0x0 linker stubs
 *(.glue_7t)
 .glue_7t       0x0800da44        0x0 linker stubs
 *(.eh_frame)
 .eh_frame      0x0800da44        0x0 C:/ST/STM32CubeIDE_1.19.0/STM32CubeIDE/plugins/com.st.stm32cube.ide.mcu.externaltools.gnu-tools-for-stm32.13.3.rel1.win32_1.0.0.202411081344/tools/bin/../lib/gcc/arm-none-eabi/13.3.1/thumb/v7e-m+fp/hard/crtbegin.o
 *(.init)
 .init          0x0800da44        0x4 C:/ST/STM32CubeIDE_1.19.0/STM32CubeIDE/plugins/com.st.stm32cube.ide.mcu.externaltools.gnu-tools-for-stm32.13.3.rel1.win32_1.0.0.202411081344/tools/bin/../lib/gcc/arm-none-eabi/13.3.1/thumb/v7e-m+fp/hard/crti.o
                0x0800da44                _init
 .init          0x0800da48        0x8 C:/ST/STM32CubeIDE_1.19.0/STM32CubeIDE/plugins/com.st.stm32cube.ide.mcu.externaltools.gnu-tools-for-stm32.13.3.rel1.win32_1.0.0.202411081344/tools/bin/../lib/gcc/arm-none-eabi/13.3.1/thumb/v7e-m+fp/hard/crtn.o
 *(.fini)
 .fini          0x0800da50        0x4 C:/ST/STM32CubeIDE_1.19.0/STM32CubeIDE/plugins/com.st.stm32cube.ide.mcu.externaltools.gnu-tools-for-stm32.13.3.rel1.win32_1.0.0.202411081344/tools/bin/../lib/gcc/arm-none-eabi/13.3.1/thumb/v7e-m+fp/hard/crti.o
                0x0800da50                _fini
 .fini          0x0800da54        0x8 C:/ST/STM32CubeIDE_1.19.0/STM32CubeIDE/plugins/com.st.stm32cube.ide.mcu.externaltools.gnu-tools-for-stm32.13.3.rel1.win32_1.0.0.202411081344/tools/bin/../lib/gcc/arm-none-eabi/13.3.1/thumb/v7e-m+fp/hard/crtn.o
                0x0800da5c                        . = ALIGN (0x4)
                0x0800da5c                        _etext = .

.vfp11_veneer   0x0800da5c        0x0
 .vfp11_veneer  0x0800da5c        0x0 linker stubs

.v4_bx          0x0800da5c        0x0
 .v4_bx         0x0800da5c        0x0 linker stubs

.iplt           0x0800da5c        0x0
 .iplt          0x0800da5c        0x0 C:/ST/STM32CubeIDE_1.19.0/STM32CubeIDE/plugins/com.st.stm32cube.ide.mcu.externaltools.gnu-tools-for-stm32.13.3.rel1.win32_1.0.0.202411081344/tools/bin/../lib/gcc/arm-none-eabi/13.3.1/thumb/v7e-m+fp/hard/crtbegin.o

.rodata         0x0800da5c    0x3c604
                0x0800da5c                        . = ALIGN (0x4)
 *(.rodata)
 .rodata        0x0800da5c      0x532 ./Core/Src/main.o
 *fill*         0x0800df8e        0x2 
 .rodata        0x0800df90        0x5 ./Middlewares/Third_Party/FreeRTOS/Source/tasks.o
 *(.rodata*)
 *fill*         0x0800df95        0x3 
 .rodata.KEYWORD_ARRAY
                0x0800df98      0x2bc ./Core/Src/main.o
                0x0800df98                KEYWORD_ARRAY
 .rodata.sensitivity
                0x0800e254        0x4 ./Core/Src/main.o
                0x0800e254                sensitivity
 .rodata.AHBPrescTable
                0x0800e258       0x10 ./Core/Src/system_stm32f4xx.o
                0x0800e258                AHBPrescTable
 .rodata.APBPrescTable
                0x0800e268        0x8 ./Core/Src/system_stm32f4xx.o
                0x0800e268                APBPrescTable
 .rodata.flagBitshiftOffset.0
                0x0800e270        0x8 ./Drivers/STM32F4xx_HAL_Driver/Src/stm32f4xx_hal_dma.o
 .rodata.taabe573.str1.4
                0x0800e278      0x66a C:\Users\tempura\Desktop\smatremote\micdebug\Middlewares\Third_Party\Picovoice\libpv_porcupine.a(pv_porcupine.o)
                                 0x88 (size before relaxing)
 .rodata.pv_porcupine_process.str1.4
                0x0800e8e2       0x1a C:\Users\tempura\Desktop\smatremote\micdebug\Middlewares\Third_Party\Picovoice\libpv_porcupine.a(pv_porcupine.o)
 .rodata.str1.4
                0x0800e8e2      0x263 C:\Users\tempura\Desktop\smatremote\micdebug\Middlewares\Third_Party\Picovoice\libpv_porcupine.a(pv_porcupine.o)
 .rodata.taabe768.str1.4
                0x0800e8e2        0x1 C:\Users\tempura\Desktop\smatremote\micdebug\Middlewares\Third_Party\Picovoice\libpv_porcupine.a(pv_porcupine_internal.o)
 .rodata.taabe141.str1.4
                0x0800e8e2      0x106 C:\Users\tempura\Desktop\smatremote\micdebug\Middlewares\Third_Party\Picovoice\libpv_porcupine.a(pv_porcupine_internal.o)
 .rodata.str1.4
                0x0800e8e2       0xcf C:\Users\tempura\Desktop\smatremote\micdebug\Middlewares\Third_Party\Picovoice\libpv_porcupine.a(pv_porcupine_internal.o)
 .rodata.str1.4
                0x0800e8e2       0xcf C:\Users\tempura\Desktop\smatremote\micdebug\Middlewares\Third_Party\Picovoice\libpv_porcupine.a(picovoice.o)
 *fill*         0x0800e8e2        0x2 
 .rodata.STRINGS.0
                0x0800e8e4       0x30 C:\Users\tempura\Desktop\smatremote\micdebug\Middlewares\Third_Party\Picovoice\libpv_porcupine.a(picovoice.o)
 .rodata.taabe881.str1.4
                0x0800e914       0x1e C:\Users\tempura\Desktop\smatremote\micdebug\Middlewares\Third_Party\Picovoice\libpv_porcupine.a(pv_error.o)
 .rodata.str1.4
                0x0800e914       0xa3 C:\Users\tempura\Desktop\smatremote\micdebug\Middlewares\Third_Party\Picovoice\libpv_porcupine.a(pv_language_info_en.o)
 .rodata.PV_LANGUAGE_INFO
                0x0800e914       0x10 C:\Users\tempura\Desktop\smatremote\micdebug\Middlewares\Third_Party\Picovoice\libpv_porcupine.a(pv_language_info_en.o)
                0x0800e914                PV_LANGUAGE_INFO
 .rodata.BINS.2
                0x0800e924       0x54 C:\Users\tempura\Desktop\smatremote\micdebug\Middlewares\Third_Party\Picovoice\libpv_porcupine.a(pv_filterbank.o)
 .rodata.WEIGHT_DECREMENTS.0
                0x0800e978       0xa0 C:\Users\tempura\Desktop\smatremote\micdebug\Middlewares\Third_Party\Picovoice\libpv_porcupine.a(pv_filterbank.o)