Archive member included to satisfy reference by file (symbol)

C:\Users\tempura\Desktop\smatremote\micdebug\Middlewares\Third_Party\Picovoice\libpicovoice.a(picovoice.o)
                              ./Core/Src/main.o (pv_status_to_string)
C:\Users\tempura\Desktop\smatremote\micdebug\Middlewares\Third_Party\Picovoice\libpicovoice.a(pv_error.o)
                              C:\Users\tempura\Desktop\smatremote\micdebug\Middlewares\Third_Party\Picovoice\libpicovoice.a(picovoice.o) (taabe301)
C:\Users\tempura\Desktop\smatremote\micdebug\Middlewares\Third_Party\Picovoice\libpicovoice.a(pv_picovoice.o)
                              ./Core/Src/main.o (pv_inference_delete)
C:\Users\tempura\Desktop\smatremote\micdebug\Middlewares\Third_Party\Picovoice\libpicovoice.a(pv_porcupine.o)
                              C:\Users\tempura\Desktop\smatremote\micdebug\Middlewares\Third_Party\Picovoice\libpicovoice.a(pv_picovoice.o) (pv_porcupine_init)
C:\Users\tempura\Desktop\smatremote\micdebug\Middlewares\Third_Party\Picovoice\libpicovoice.a(pv_porcupine_internal.o)
                              C:\Users\tempura\Desktop\smatremote\micdebug\Middlewares\Third_Party\Picovoice\libpicovoice.a(pv_porcupine.o) (taabe768)
C:\Users\tempura\Desktop\smatremote\micdebug\Middlewares\Third_Party\Picovoice\libpicovoice.a(pv_rhino.o)
                              C:\Users\tempura\Desktop\smatremote\micdebug\Middlewares\Third_Party\Picovoice\libpicovoice.a(pv_picovoice.o) (pv_rhino_init)
C:\Users\tempura\Desktop\smatremote\micdebug\Middlewares\Third_Party\Picovoice\libpicovoice.a(pv_rhino_context.o)
                              C:\Users\tempura\Desktop\smatremote\micdebug\Middlewares\Third_Party\Picovoice\libpicovoice.a(pv_rhino.o) (taabe582)
C:\Users\tempura\Desktop\smatremote\micdebug\Middlewares\Third_Party\Picovoice\libpicovoice.a(pv_rhino_decoder.o)
                              C:\Users\tempura\Desktop\smatremote\micdebug\Middlewares\Third_Party\Picovoice\libpicovoice.a(pv_rhino.o) (taabe111)
C:\Users\tempura\Desktop\smatremote\micdebug\Middlewares\Third_Party\Picovoice\libpicovoice.a(pv_rhino_decoder_fancy_slots.o)
                              C:\Users\tempura\Desktop\smatremote\micdebug\Middlewares\Third_Party\Picovoice\libpicovoice.a(pv_rhino_decoder.o) (taabe302)
C:\Users\tempura\Desktop\smatremote\micdebug\Middlewares\Third_Party\Picovoice\libpicovoice.a(pv_cipher.o)
                              C:\Users\tempura\Desktop\smatremote\micdebug\Middlewares\Third_Party\Picovoice\libpicovoice.a(pv_porcupine_internal.o) (taabe100)
C:\Users\tempura\Desktop\smatremote\micdebug\Middlewares\Third_Party\Picovoice\libpicovoice.a(pv_language.o)
                              C:\Users\tempura\Desktop\smatremote\micdebug\Middlewares\Third_Party\Picovoice\libpicovoice.a(pv_porcupine.o) (taabe231)
C:\Users\tempura\Desktop\smatremote\micdebug\Middlewares\Third_Party\Picovoice\libpicovoice.a(pv_language_info_en.o)
                              C:\Users\tempura\Desktop\smatremote\micdebug\Middlewares\Third_Party\Picovoice\libpicovoice.a(pv_porcupine_internal.o) (PV_LANGUAGE_INFO)
C:\Users\tempura\Desktop\smatremote\micdebug\Middlewares\Third_Party\Picovoice\libpicovoice.a(pv_memory.o)
                              C:\Users\tempura\Desktop\smatremote\micdebug\Middlewares\Third_Party\Picovoice\libpicovoice.a(pv_porcupine.o) (taabe429)
C:\Users\tempura\Desktop\smatremote\micdebug\Middlewares\Third_Party\Picovoice\libpicovoice.a(pv_filterbank.o)
                              C:\Users\tempura\Desktop\smatremote\micdebug\Middlewares\Third_Party\Picovoice\libpicovoice.a(pv_porcupine_internal.o) (taabe545)
C:\Users\tempura\Desktop\smatremote\micdebug\Middlewares\Third_Party\Picovoice\libpicovoice.a(pv_stft.o)
                              C:\Users\tempura\Desktop\smatremote\micdebug\Middlewares\Third_Party\Picovoice\libpicovoice.a(pv_filterbank.o) (taabe647)
C:\Users\tempura\Desktop\smatremote\micdebug\Middlewares\Third_Party\Picovoice\libpicovoice.a(pv_access.o)
                              C:\Users\tempura\Desktop\smatremote\micdebug\Middlewares\Third_Party\Picovoice\libpicovoice.a(pv_picovoice.o) (taabe16)
C:\Users\tempura\Desktop\smatremote\micdebug\Middlewares\Third_Party\Picovoice\libpicovoice.a(pv_log.o)
                              C:\Users\tempura\Desktop\smatremote\micdebug\Middlewares\Third_Party\Picovoice\libpicovoice.a(pv_porcupine_internal.o) (taabe758)
C:\Users\tempura\Desktop\smatremote\micdebug\Middlewares\Third_Party\Picovoice\libpicovoice.a(pv_fft.o)
                              C:\Users\tempura\Desktop\smatremote\micdebug\Middlewares\Third_Party\Picovoice\libpicovoice.a(pv_stft.o) (taabe846)
C:\Users\tempura\Desktop\smatremote\micdebug\Middlewares\Third_Party\Picovoice\libpicovoice.a(pv_math.o)
                              C:\Users\tempura\Desktop\smatremote\micdebug\Middlewares\Third_Party\Picovoice\libpicovoice.a(pv_porcupine_internal.o) (taabe871)
[...]
Memory Configuration

Name             Origin             Length             Attributes
RAM              0x20000000         0x00020000         xrw
FLASH            0x08000000         0x00080000         xr
*default*        0x00000000         0xffffffff

Linker script and memory map

LOAD C:/ST/STM32CubeIDE_1.19.0/STM32CubeIDE/plugins/com.st.stm32cube.ide.mcu.externaltools.gnu-tools-for-stm32.13.3.rel1.win32_1.0.0.202411081344/tools/bin/../lib/gcc/arm-none-eabi/13.3.1/thumb/v7e-m+fp/hard/crti.o
LOAD C:/ST/STM32CubeIDE_1.19.0/STM32CubeIDE/plugins/com.st.stm32cube.ide.mcu.externaltools.gnu-tools-for-stm32.13.3.rel1.win32_1.0.0.202411081344/tools/bin/../lib/gcc/arm-none-eabi/13.3.1/thumb/v7e-m+fp/hard/crtbegin.o
LOAD C:/ST/STM32CubeIDE_1.19.0/STM32CubeIDE/plugins/com.st.stm32cube.ide.mcu.externaltools.gnu-tools-for-stm32.13.3.rel1.win32_1.0.0.202411081344/tools/bin/../lib/gcc/arm-none-eabi/13.3.1/../../../../arm-none-eabi/lib/thumb/v7e-m+fp/hard/crt0.o
LOAD ./Core/Src/freertos.o
LOAD ./Core/Src/main.o
LOAD ./Core/Src/pv_st_f411.o
LOAD ./Core/Src/stm32f4xx_hal_msp.o
LOAD ./Core/Src/stm32f4xx_it.o
LOAD ./Core/Src/syscalls.o
LOAD ./Core/Src/sysmem.o
LOAD ./Core/Src/system_stm32f4xx.o
LOAD ./Core/Startup/startup_stm32f411retx.o
LOAD ./Drivers/STM32F4xx_HAL_Driver/Src/stm32f4xx_hal.o
LOAD ./Drivers/STM32F4xx_HAL_Driver/Src/stm32f4xx_hal_cortex.o
LOAD ./Drivers/STM32F4xx_HAL_Driver/Src/stm32f4xx_hal_crc.o
LOAD ./Drivers/STM32F4xx_HAL_Driver/Src/stm32f4xx_hal_dma.o
LOAD ./Drivers/STM32F4xx_HAL_Driver/Src/stm32f4xx_hal_dma_ex.o
LOAD ./Drivers/STM32F4xx_HAL_Driver/Src/stm32f4xx_hal_exti.o
LOAD ./Drivers/STM32F4xx_HAL_Driver/Src/stm32f4xx_hal_flash.o
LOAD ./Drivers/STM32F4xx_HAL_Driver/Src/stm32f4xx_hal_flash_ex.o
LOAD ./Drivers/STM32F4xx_HAL_Driver/Src/stm32f4xx_hal_flash_ramfunc.o
LOAD ./Drivers/STM32F4xx_HAL_Driver/Src/stm32f4xx_hal_gpio.o
LOAD ./Drivers/STM32F4xx_HAL_Driver/Src/stm32f4xx_hal_i2s.o
LOAD ./Drivers/STM32F4xx_HAL_Driver/Src/stm32f4xx_hal_i2s_ex.o
LOAD ./Drivers/STM32F4xx_HAL_Driver/Src/stm32f4xx_hal_pwr.o
LOAD ./Drivers/STM32F4xx_HAL_Driver/Src/stm32f4xx_hal_pwr_ex.o
LOAD ./Drivers/STM32F4xx_HAL_Driver/Src/stm32f4xx_hal_rcc.o
LOAD ./Drivers/STM32F4xx_HAL_Driver/Src/stm32f4xx_hal_rcc_ex.o
LOAD ./Drivers/STM32F4xx_HAL_Driver/Src/stm32f4xx_hal_tim.o
LOAD ./Drivers/STM32F4xx_HAL_Driver/Src/stm32f4xx_hal_tim_ex.o
LOAD ./Drivers/STM32F4xx_HAL_Driver/Src/stm32f4xx_hal_uart.o
LOAD ./Middlewares/Third_Party/FreeRTOS/Source/CMSIS_RTOS/cmsis_os.o
LOAD ./Middlewares/Third_Party/FreeRTOS/Source/croutine.o
LOAD ./Middlewares/Third_Party/FreeRTOS/Source/event_groups.o
LOAD ./Middlewares/Third_Party/FreeRTOS/Source/list.o
LOAD ./Middlewares/Third_Party/FreeRTOS/Source/queue.o
LOAD ./Middlewares/Third_Party/FreeRTOS/Source/stream_buffer.o
LOAD ./Middlewares/Third_Party/FreeRTOS/Source/tasks.o
LOAD ./Middlewares/Third_Party/FreeRTOS/Source/timers.o
LOAD ./Middlewares/Third_Party/FreeRTOS/Source/portable/GCC/ARM_CM4F/port.o
LOAD ./Middlewares/Third_Party/FreeRTOS/Source/portable/MemMang/heap_4.o
LOAD C:\Users\tempura\Desktop\smatremote\micdebug\Middlewares\Third_Party\Picovoice\libpicovoice.a
START GROUP
LOAD C:/ST/STM32CubeIDE_1.19.0/STM32CubeIDE/plugins/com.st.stm32cube.ide.mcu.externaltools.gnu-tools-for-stm32.13.3.rel1.win32_1.0.0.202411081344/tools/bin/../lib/gcc/arm-none-eabi/13.3.1/../../../../arm-none-eabi/lib/thumb/v7e-m+fp/hard\libc_nano.a
LOAD C:/ST/STM32CubeIDE_1.19.0/STM32CubeIDE/plugins/com.st.stm32cube.ide.mcu.externaltools.gnu-tools-for-stm32.13.3.rel1.win32_1.0.0.202411081344/tools/bin/../lib/gcc/arm-none-eabi/13.3.1/../../../../arm-none-eabi/lib/thumb/v7e-m+fp/hard\libm.a
END GROUP
START GROUP
LOAD C:/ST/STM32CubeIDE_1.19.0/STM32CubeIDE/plugins/com.st.stm32cube.ide.mcu.externaltools.gnu-tools-for-stm32.13.3.rel1.win32_1.0.0.202411081344/tools/bin/../lib/gcc/arm-none-eabi/13.3.1/thumb/v7e-m+fp/hard\libgcc.a
LOAD C:/ST/STM32CubeIDE_1.19.0/STM32CubeIDE/plugins/com.st.stm32cube.ide.mcu.externaltools.gnu-tools-for-stm32.13.3.rel1.win32_1.0.0.202411081344/tools/bin/../lib/gcc/arm-none-eabi/13.3.1/../../../../arm-none-eabi/lib/thumb/v7e-m+fp/hard\libc_nano.a
END GROUP
START GROUP
LOAD C:/ST/STM32CubeIDE_1.19.0/STM32CubeIDE/plugins/com.st.stm32cube.ide.mcu.externaltools.gnu-tools-for-stm32.13.3.rel1.win32_1.0.0.202411081344/tools/bin/../lib/gcc/arm-none-eabi/13.3.1/thumb/v7e-m+fp/hard\libgcc.a
LOAD C:/ST/STM32CubeIDE_1.19.0/STM32CubeIDE/plugins/com.st.stm32cube.ide.mcu.externaltools.gnu-tools-for-stm32.13.3.rel1.win32_1.0.0.202411081344/tools/bin/../lib/gcc/arm-none-eabi/13.3.1/../../../../arm-none-eabi/lib/thumb/v7e-m+fp/hard\libc_nano.a
LOAD C:/ST/STM32CubeIDE_1.19.0/STM32CubeIDE/plugins/com.st.stm32cube.ide.mcu.externaltools.gnu-tools-for-stm32.13.3.rel1.win32_1.0.0.202411081344/tools/bin/../lib/gcc/arm-none-eabi/13.3.1/../../../../arm-none-eabi/lib/thumb/v7e-m+fp/hard\libnosys.a
END GROUP
START GROUP
LOAD C:/ST/STM32CubeIDE_1.19.0/STM32CubeIDE/plugins/com.st.stm32cube.ide.mcu.externaltools.gnu-tools-for-stm32.13.3.rel1.win32_1.0.0.202411081344/tools/bin/../lib/gcc/arm-none-eabi/13.3.1/thumb/v7e-m+fp/hard\libgcc.a
LOAD C:/ST/STM32CubeIDE_1.19.0/STM32CubeIDE/plugins/com.st.stm32cube.ide.mcu.externaltools.gnu-tools-for-stm32.13.3.rel1.win32_1.0.0.202411081344/tools/bin/../lib/gcc/arm-none-eabi/13.3.1/../../../../arm-none-eabi/lib/thumb/v7e-m+fp/hard\libc_nano.a
LOAD C:/ST/STM32CubeIDE_1.19.0/STM32CubeIDE/plugins/com.st.stm32cube.ide.mcu.externaltools.gnu-tools-for-stm32.13.3.rel1.win32_1.0.0.202411081344/tools/bin/../lib/gcc/arm-none-eabi/13.3.1/../../../../arm-none-eabi/lib/thumb/v7e-m+fp/hard\libnosys.a
END GROUP
LOAD C:/ST/STM32CubeIDE_1.19.0/STM32CubeIDE/plugins/com.st.stm32cube.ide.mcu.externaltools.gnu-tools-for-stm32.13.3.rel1.win32_1.0.0.202411081344/tools/bin/../lib/gcc/arm-none-eabi/13.3.1/thumb/v7e-m+fp/hard/crtend.o
LOAD C:/ST/STM32CubeIDE_1.19.0/STM32CubeIDE/plugins/com.st.stm32cube.ide.mcu.externaltools.gnu-tools-for-stm32.13.3.rel1.win32_1.0.0.202411081344/tools/bin/../lib/gcc/arm-none-eabi/13.3.1/thumb/v7e-m+fp/hard/crtn.o
                0x20020000                        _estack = (ORIGIN (RAM) + LENGTH (RAM))
                0x00000200                        _Min_Heap_Size = 0x200
                0x00000400                        _Min_Stack_Size = 0x400

.isr_vector     0x08000000      0x198
                0x08000000                        . = ALIGN (0x4)
 *(.isr_vector)
 .isr_vector    0x08000000      0x198 ./Core/Startup/startup_stm32f411retx.o
                0x08000000                g_pfnVectors
                0x08000198                        . = ALIGN (0x4)

.text           0x080001a0    0x10a4c
                0x080001a0                        . = ALIGN (0x4)
 *(.text)
 .text          0x080001a0       0x40 C:/ST/STM32CubeIDE_1.19.0/STM32CubeIDE/plugins/com.st.stm32cube.ide.mcu.externaltools.gnu-tools-for-stm32.13.3.rel1.win32_1.0.0.202411081344/tools/bin/../lib/gcc/arm-none-eabi/13.3.1/thumb/v7e-m+fp/hard/crtbegin.o
 .text          0x080001e0       0xa0 C:/ST/STM32CubeIDE_1.19.0/STM32CubeIDE/plugins/com.st.stm32cube.ide.mcu.externaltools.gnu-tools-for-stm32.13.3.rel1.win32_1.0.0.202411081344/tools/bin/../lib/gcc/arm-none-eabi/13.3.1/../../../../arm-none-eabi/lib/thumb/v7e-m+fp/hard\libc_nano.a(libc_a-memchr.o)
                0x080001e0                memchr
 .text          0x08000280       0x10 C:/ST/STM32CubeIDE_1.19.0/STM32CubeIDE/plugins/com.st.stm32cube.ide.mcu.externaltools.gnu-tools-for-stm32.13.3.rel1.win32_1.0.0.202411081344/tools/bin/../lib/gcc/arm-none-eabi/13.3.1/../../../../arm-none-eabi/lib/thumb/v7e-m+fp/hard\libc_nano.a(libc_a-strlen.o)
                0x08000280                strlen
 .text          0x08000290      0x378 C:/ST/STM32CubeIDE_1.19.0/STM32CubeIDE/plugins/com.st.stm32cube.ide.mcu.externaltools.gnu-tools-for-stm32.13.3.rel1.win32_1.0.0.202411081344/tools/bin/../lib/gcc/arm-none-eabi/13.3.1/thumb/v7e-m+fp/hard\libgcc.a(_arm_addsubdf3.o)
                0x08000290                __aeabi_drsub
                0x08000298                __aeabi_dsub
                0x08000298                __subdf3
                0x0800029c                __aeabi_dadd
                0x0800029c                __adddf3
                0x08000514                __floatunsidf
                0x08000514                __aeabi_ui2d
                0x08000534                __floatsidf
                0x08000534                __aeabi_i2d
                0x08000558                __aeabi_f2d
                0x08000558                __extendsfdf2
                0x0800059c                __floatundidf
                0x0800059c                __aeabi_ul2d
                0x080005ac                __floatdidf
                0x080005ac                __aeabi_l2d
 .text          0x08000608       0xa0 C:/ST/STM32CubeIDE_1.19.0/STM32CubeIDE/plugins/com.st.stm32cube.ide.mcu.externaltools.gnu-tools-for-stm32.13.3.rel1.win32_1.0.0.202411081344/tools/bin/../lib/gcc/arm-none-eabi/13.3.1/thumb/v7e-m+fp/hard\libgcc.a(_aeabi_ldivmod.o)
                0x08000608                __aeabi_ldivmod
 .text          0x080006a8       0x30 C:/ST/STM32CubeIDE_1.19.0/STM32CubeIDE/plugins/com.st.stm32cube.ide.mcu.externaltools.gnu-tools-for-stm32.13.3.rel1.win32_1.0.0.202411081344/tools/bin/../lib/gcc/arm-none-eabi/13.3.1/thumb/v7e-m+fp/hard\libgcc.a(_aeabi_uldivmod.o)
                0x080006a8                __aeabi_uldivmod
 .text          0x080006d8       0x28 C:/ST/STM32CubeIDE_1.19.0/STM32CubeIDE/plugins/com.st.stm32cube.ide.mcu.externaltools.gnu-tools-for-stm32.13.3.rel1.win32_1.0.0.202411081344/tools/bin/../lib/gcc/arm-none-eabi/13.3.1/thumb/v7e-m+fp/hard\libgcc.a(_fixsfdi.o)
                0x080006d8                __fixsfdi
                0x080006d8                __aeabi_f2lz
 .text          0x08000700       0x40 C:/ST/STM32CubeIDE_1.19.0/STM32CubeIDE/plugins/com.st.stm32cube.ide.mcu.externaltools.gnu-tools-for-stm32.13.3.rel1.win32_1.0.0.202411081344/tools/bin/../lib/gcc/arm-none-eabi/13.3.1/thumb/v7e-m+fp/hard\libgcc.a(_fixunssfdi.o)
                0x08000700                __fixunssfdi
                0x08000700                __aeabi_f2ulz
 .text          0x08000740      0x2f8 C:/ST/STM32CubeIDE_1.19.0/STM32CubeIDE/plugins/com.st.stm32cube.ide.mcu.externaltools.gnu-tools-for-stm32.13.3.rel1.win32_1.0.0.202411081344/tools/bin/../lib/gcc/arm-none-eabi/13.3.1/thumb/v7e-m+fp/hard\libgcc.a(_udivmoddi4.o)
                0x08000740                __udivmoddi4
 .text          0x08000a38      0x254 C:/ST/STM32CubeIDE_1.19.0/STM32CubeIDE/plugins/com.st.stm32cube.ide.mcu.externaltools.gnu-tools-for-stm32.13.3.rel1.win32_1.0.0.202411081344/tools/bin/../lib/gcc/arm-none-eabi/13.3.1/thumb/v7e-m+fp/hard\libgcc.a(_arm_muldf3.o)
                0x08000a38                __muldf3
                0x08000a38                __aeabi_dmul
 .text          0x08000c8c        0x4 C:/ST/STM32CubeIDE_1.19.0/STM32CubeIDE/plugins/com.st.stm32cube.ide.mcu.externaltools.gnu-tools-for-stm32.13.3.rel1.win32_1.0.0.202411081344/tools/bin/../lib/gcc/arm-none-eabi/13.3.1/thumb/v7e-m+fp/hard\libgcc.a(_dvmd_tls.o)
                0x08000c8c                __aeabi_idiv0
                0x08000c8c                __aeabi_ldiv0
 .text          0x08000c90       0x40 C:/ST/STM32CubeIDE_1.19.0/STM32CubeIDE/plugins/com.st.stm32cube.ide.mcu.externaltools.gnu-tools-for-stm32.13.3.rel1.win32_1.0.0.202411081344/tools/bin/../lib/gcc/arm-none-eabi/13.3.1/thumb/v7e-m+fp/hard\libgcc.a(_arm_fixunsdfsi.o)
                0x08000c90                __aeabi_d2uiz
                0x08000c90                __fixunsdfsi
 *(.text*)
 .text.vApplicationGetIdleTaskMemory
                0x08000cd0       0x34 ./Core/Src/freertos.o
                0x08000cd0                vApplicationGetIdleTaskMemory
 .text.__io_putchar
                0x08000d04       0x24 ./Core/Src/main.o
                0x08000d04                __io_putchar
 .text.wake_word_callback
                0x08000d28       0x40 ./Core/Src/main.o
 .text.inference_callback
                0x08000d68      0x1e8 ./Core/Src/main.o
 .text.main     0x08000f50      0x3f4 ./Core/Src/main.o
                0x08000f50                main
 .text.SystemClock_Config
                0x08001344       0xd0 ./Core/Src/main.o
                0x08001344                SystemClock_Config
 .text.MX_CRC_Init
                0x08001414       0x28 ./Core/Src/main.o
 .text.MX_I2S2_Init
                0x0800143c       0x5c ./Core/Src/main.o
 .text.MX_TIM3_Init
                0x08001498       0x9c ./Core/Src/main.o
 .text.MX_TIM5_Init
                0x08001534       0xb4 ./Core/Src/main.o
 .text.MX_USART1_UART_Init
                0x080015e8       0x54 ./Core/Src/main.o
 .text.MX_USART2_UART_Init
                0x0800163c       0x54 ./Core/Src/main.o
 .text.MX_DMA_Init
                0x08001690       0x40 ./Core/Src/main.o
 .text.MX_GPIO_Init
                0x080016d0       0xdc ./Core/Src/main.o
 .text.HAL_I2S_RxHalfCpltCallback
                0x080017ac       0x20 ./Core/Src/main.o
                0x080017ac                HAL_I2S_RxHalfCpltCallback
 .text.HAL_I2S_RxCpltCallback
                0x080017cc       0x20 ./Core/Src/main.o
                0x080017cc                HAL_I2S_RxCpltCallback
 .text.HAL_UART_RxCpltCallback
                0x080017ec       0x90 ./Core/Src/main.o
                0x080017ec                HAL_UART_RxCpltCallback
 .text.HAL_TIM_PeriodElapsedCallback
                0x0800187c      0x130 ./Core/Src/main.o
                0x0800187c                HAL_TIM_PeriodElapsedCallback
 .text.Set_Pin_Output
                0x080019ac       0x3c ./Core/Src/main.o
                0x080019ac                Set_Pin_Output
 .text.Set_Pin_Input
                0x080019e8       0x3c ./Core/Src/main.o
                0x080019e8                Set_Pin_Input
 .text.AC_SetMode
                0x08001a24       0x20 ./Core/Src/main.o
                0x08001a24                AC_SetMode
 .text.AC_SetFan
                0x08001a44       0x2c ./Core/Src/main.o
                0x08001a44                AC_SetFan
 .text.AC_SetSwing
                0x08001a70       0x2c ./Core/Src/main.o
                0x08001a70                AC_SetSwing
 .text.AC_GetModeString
                0x08001a9c       0x74 ./Core/Src/main.o
                0x08001a9c                AC_GetModeString
 .text.AC_GetFanString
                0x08001b10       0x48 ./Core/Src/main.o
                0x08001b10                AC_GetFanString
 .text.AC_SetPower
                0x08001b58       0x2c ./Core/Src/main.o
                0x08001b58                AC_SetPower
 .text.AC_SetTemp
                0x08001b84       0x2c ./Core/Src/main.o
                0x08001b84                AC_SetTemp
 .text.AC_UpdateState
                0x08001bb0       0xbc ./Core/Src/main.o
                0x08001bb0                AC_UpdateState
 .text.IR_BuildDaikin176
                0x08001c6c      0x140 ./Core/Src/main.o
                0x08001c6c                IR_BuildDaikin176
 .text.IR_StartTransmission
                0x08001dac       0x6c ./Core/Src/main.o
                0x08001dac                IR_StartTransmission
 .text.IR_AddPulse
                0x08001e18       0x60 ./Core/Src/main.o
                0x08001e18                IR_AddPulse
 .text.AC_SendCommand
                0x08001e78       0x14 ./Core/Src/main.o
                0x08001e78                AC_SendCommand
 .text.DWT_Delay_Init
                0x08001e8c       0x40 ./Core/Src/main.o
                0x08001e8c                DWT_Delay_Init
 .text.DWT_Delay_us
                0x08001ecc       0x48 ./Core/Src/main.o
                0x08001ecc                DWT_Delay_us
 .text.DHT11_Start
                0x08001f14       0x3c ./Core/Src/main.o
                0x08001f14                DHT11_Start
 .text.Wait_For_Pin_State
                0x08001f50       0x42 ./Core/Src/main.o
                0x08001f50                Wait_For_Pin_State
 *fill*         0x08001f92        0x2 
 .text.DHT11_Check_Response
                0x08001f94       0x5c ./Core/Src/main.o
                0x08001f94                DHT11_Check_Response
 .text.DHT11_Read_Byte
                0x08001ff0       0xa4 ./Core/Src/main.o
                0x08001ff0                DHT11_Read_Byte
 .text.DHT11_Read_Data
                0x08002094       0xb4 ./Core/Src/main.o
                0x08002094                DHT11_Read_Data
 .text.StartDefaultTask
                0x08002148       0x10 ./Core/Src/main.o
                0x08002148                StartDefaultTask
 .text.StartAudioTask
                0x08002158      0x120 ./Core/Src/main.o
                0x08002158                StartAudioTask
 .text.StartControlTask
                0x08002278      0x690 ./Core/Src/main.o
                0x08002278                StartControlTask
 .text.Error_Handler
                0x08002908        0xc ./Core/Src/main.o
                0x08002908                Error_Handler
 .text.pv_get_uuid
                0x08002914       0x14 ./Core/Src/pv_st_f411.o
                0x08002914                pv_get_uuid
 .text.pv_get_uuid_size
                0x08002928       0x10 ./Core/Src/pv_st_f411.o
                0x08002928                pv_get_uuid_size
 .text.pv_board_init
                0x08002938       0x24 ./Core/Src/pv_st_f411.o
                0x08002938                pv_board_init
 .text.HAL_MspInit
                0x0800295c       0x58 ./Core/Src/stm32f4xx_hal_msp.o
                0x0800295c                HAL_MspInit
 .text.HAL_CRC_MspInit
                0x080029b4       0x44 ./Core/Src/stm32f4xx_hal_msp.o
                0x080029b4                HAL_CRC_MspInit
 .text.HAL_I2S_MspInit
                0x080029f8      0x180 ./Core/Src/stm32f4xx_hal_msp.o
                0x080029f8                HAL_I2S_MspInit
 .text.HAL_TIM_Base_MspInit
                0x08002b78       0x50 ./Core/Src/stm32f4xx_hal_msp.o
                0x08002b78                HAL_TIM_Base_MspInit
 .text.HAL_TIM_PWM_MspInit
                0x08002bc8       0x50 ./Core/Src/stm32f4xx_hal_msp.o
                0x08002bc8                HAL_TIM_PWM_MspInit
 .text.HAL_TIM_MspPostInit
                0x08002c18       0x74 ./Core/Src/stm32f4xx_hal_msp.o
                0x08002c18                HAL_TIM_MspPostInit
 .text.HAL_UART_MspInit
                0x08002c8c      0x118 ./Core/Src/stm32f4xx_hal_msp.o
                0x08002c8c                HAL_UART_MspInit
 .text.NMI_Handler
                0x08002da4        0x8 ./Core/Src/stm32f4xx_it.o
                0x08002da4                NMI_Handler
 .text.HardFault_Handler
                0x08002dac        0x8 ./Core/Src/stm32f4xx_it.o
                0x08002dac                HardFault_Handler
 .text.MemManage_Handler
                0x08002db4        0x8 ./Core/Src/stm32f4xx_it.o
                0x08002db4                MemManage_Handler
 .text.BusFault_Handler
                0x08002dbc        0x8 ./Core/Src/stm32f4xx_it.o
                0x08002dbc                BusFault_Handler
 .text.UsageFault_Handler
                0x08002dc4        0x8 ./Core/Src/stm32f4xx_it.o
                0x08002dc4                UsageFault_Handler
 .text.DebugMon_Handler
                0x08002dcc        0xe ./Core/Src/stm32f4xx_it.o
                0x08002dcc                DebugMon_Handler
 .text.SysTick_Handler
                0x08002dda       0x1a ./Core/Src/stm32f4xx_it.o
                0x08002dda                SysTick_Handler
 .text.DMA1_Stream3_IRQHandler
                0x08002df4       0x14 ./Core/Src/stm32f4xx_it.o
                0x08002df4                DMA1_Stream3_IRQHandler
 .text.TIM3_IRQHandler
                0x08002e08       0x14 ./Core/Src/stm32f4xx_it.o
                0x08002e08                TIM3_IRQHandler
 .text.SPI2_IRQHandler
                0x08002e1c       0x14 ./Core/Src/stm32f4xx_it.o
                0x08002e1c                SPI2_IRQHandler
 .text.USART1_IRQHandler
                0x08002e30       0x14 ./Core/Src/stm32f4xx_it.o
                0x08002e30                USART1_IRQHandler
 .text.USART2_IRQHandler
                0x08002e44       0x14 ./Core/Src/stm32f4xx_it.o
                0x08002e44                USART2_IRQHandler
 .text.TIM5_IRQHandler
                0x08002e58       0x14 ./Core/Src/stm32f4xx_it.o
                0x08002e58                TIM5_IRQHandler
 .text._read    0x08002e6c       0x3a ./Core/Src/syscalls.o
                0x08002e6c                _read
 .text._write   0x08002ea6       0x38 ./Core/Src/syscalls.o
                0x08002ea6                _write
 .text._close   0x08002ede       0x18 ./Core/Src/syscalls.o
                0x08002ede                _close
 .text._fstat   0x08002ef6       0x20 ./Core/Src/syscalls.o
                0x08002ef6                _fstat
 .text._isatty  0x08002f16       0x16 ./Core/Src/syscalls.o
                0x08002f16                _isatty
 .text._lseek   0x08002f2c       0x1a ./Core/Src/syscalls.o
                0x08002f2c                _lseek
 *fill*         0x08002f46        0x2 
 .text._sbrk    0x08002f48       0x6c ./Core/Src/sysmem.o
                0x08002f48                _sbrk
 .text.SystemInit
                0x08002fb4       0x24 ./Core/Src/system_stm32f4xx.o
                0x08002fb4                SystemInit
 .text.Reset_Handler
                0x08002fd8       0x50 ./Core/Startup/startup_stm32f411retx.o
                0x08002fd8                Reset_Handler
 .text.Default_Handler
                0x08003028        0x2 ./Core/Startup/startup_stm32f411retx.o
                0x08003028                RTC_Alarm_IRQHandler
                0x08003028                EXTI2_IRQHandler
                0x08003028                SPI4_IRQHandler
                0x08003028                TIM1_CC_IRQHandler
                0x08003028                DMA2_Stream5_IRQHandler
                0x08003028                DMA1_Stream5_IRQHandler
                0x08003028                PVD_IRQHandler
                0x08003028                SDIO_IRQHandler
                0x08003028                TAMP_STAMP_IRQHandler
                0x08003028                EXTI3_IRQHandler
                0x08003028                TIM1_UP_TIM10_IRQHandler
                0x08003028                I2C3_ER_IRQHandler
                0x08003028                EXTI0_IRQHandler
                0x08003028                I2C2_EV_IRQHandler
                0x08003028                DMA1_Stream2_IRQHandler
                0x08003028                FPU_IRQHandler
                0x08003028                DMA2_Stream2_IRQHandler
                0x08003028                SPI1_IRQHandler
                0x08003028                TIM1_BRK_TIM9_IRQHandler
                0x08003028                DMA2_Stream3_IRQHandler
                0x08003028                USART6_IRQHandler
                0x08003028                DMA2_Stream0_IRQHandler
                0x08003028                TIM4_IRQHandler
                0x08003028                I2C1_EV_IRQHandler
                0x08003028                DMA1_Stream6_IRQHandler
                0x08003028                DMA1_Stream1_IRQHandler
                0x08003028                RCC_IRQHandler
                0x08003028                Default_Handler
                0x08003028                EXTI15_10_IRQHandler
                0x08003028                ADC_IRQHandler
                0x08003028                DMA1_Stream7_IRQHandler
                0x08003028                SPI5_IRQHandler
                0x08003028                DMA2_Stream7_IRQHandler
                0x08003028                I2C3_EV_IRQHandler
                0x08003028                EXTI9_5_IRQHandler
                0x08003028                RTC_WKUP_IRQHandler
                0x08003028                DMA1_Stream0_IRQHandler
                0x08003028                EXTI4_IRQHandler
                0x08003028                WWDG_IRQHandler
                0x08003028                TIM2_IRQHandler
                0x08003028                OTG_FS_WKUP_IRQHandler
                0x08003028                TIM1_TRG_COM_TIM11_IRQHandler
                0x08003028                EXTI1_IRQHandler
                0x08003028                I2C2_ER_IRQHandler
                0x08003028                DMA2_Stream1_IRQHandler
                0x08003028                FLASH_IRQHandler
                0x08003028                DMA2_Stream4_IRQHandler
                0x08003028                OTG_FS_IRQHandler
                0x08003028                SPI3_IRQHandler
                0x08003028                DMA1_Stream4_IRQHandler
                0x08003028                I2C1_ER_IRQHandler
                0x08003028                DMA2_Stream6_IRQHandler
 *fill*         0x0800302a        0x2 
 .text.HAL_Init
                0x0800302c       0x44 ./Drivers/STM32F4xx_HAL_Driver/Src/stm32f4xx_hal.o
                0x0800302c                HAL_Init
 .text.HAL_InitTick
                0x08003070       0x60 ./Drivers/STM32F4xx_HAL_Driver/Src/stm32f4xx_hal.o
                0x08003070                HAL_InitTick
 .text.HAL_IncTick
                0x080030d0       0x28 ./Drivers/STM32F4xx_HAL_Driver/Src/stm32f4xx_hal.o
                0x080030d0                HAL_IncTick
 .text.HAL_GetTick
                0x080030f8       0x18 ./Drivers/STM32F4xx_HAL_Driver/Src/stm32f4xx_hal.o
                0x080030f8                HAL_GetTick
 .text.__NVIC_SetPriorityGrouping
                0x08003110       0x48 ./Drivers/STM32F4xx_HAL_Driver/Src/stm32f4xx_hal_cortex.o
 .text.__NVIC_GetPriorityGrouping
                0x08003158       0x1c ./Drivers/STM32F4xx_HAL_Driver/Src/stm32f4xx_hal_cortex.o
 .text.__NVIC_EnableIRQ
                0x08003174       0x3c ./Drivers/STM32F4xx_HAL_Driver/Src/stm32f4xx_hal_cortex.o
 .text.__NVIC_SetPriority
                0x080031b0       0x54 ./Drivers/STM32F4xx_HAL_Driver/Src/stm32f4xx_hal_cortex.o
 .text.NVIC_EncodePriority
                0x08003204       0x66 ./Drivers/STM32F4xx_HAL_Driver/Src/stm32f4xx_hal_cortex.o
 *fill*         0x0800326a        0x2 
 .text.SysTick_Config
                0x0800326c       0x44 ./Drivers/STM32F4xx_HAL_Driver/Src/stm32f4xx_hal_cortex.o
 .text.HAL_NVIC_SetPriorityGrouping
                0x080032b0       0x16 ./Drivers/STM32F4xx_HAL_Driver/Src/stm32f4xx_hal_cortex.o
                0x080032b0                HAL_NVIC_SetPriorityGrouping
 .text.HAL_NVIC_SetPriority
                0x080032c6       0x38 ./Drivers/STM32F4xx_HAL_Driver/Src/stm32f4xx_hal_cortex.o
                0x080032c6                HAL_NVIC_SetPriority
 .text.HAL_NVIC_EnableIRQ
                0x080032fe       0x1c ./Drivers/STM32F4xx_HAL_Driver/Src/stm32f4xx_hal_cortex.o
                0x080032fe                HAL_NVIC_EnableIRQ
 .text.HAL_SYSTICK_Config
                0x0800331a       0x18 ./Drivers/STM32F4xx_HAL_Driver/Src/stm32f4xx_hal_cortex.o
                0x0800331a                HAL_SYSTICK_Config
 .text.HAL_CRC_Init
                0x08003332       0x38 ./Drivers/STM32F4xx_HAL_Driver/Src/stm32f4xx_hal_crc.o
                0x08003332                HAL_CRC_Init
 *fill*         0x0800336a        0x2 
 .text.HAL_DMA_Init
                0x0800336c      0x15c ./Drivers/STM32F4xx_HAL_Driver/Src/stm32f4xx_hal_dma.o
                0x0800336c                HAL_DMA_Init
 .text.HAL_DMA_Start_IT
                0x080034c8       0xb0 ./Drivers/STM32F4xx_HAL_Driver/Src/stm32f4xx_hal_dma.o
                0x080034c8                HAL_DMA_Start_IT
 .text.HAL_DMA_Abort
                0x08003578       0xe0 ./Drivers/STM32F4xx_HAL_Driver/Src/stm32f4xx_hal_dma.o
                0x08003578                HAL_DMA_Abort
 .text.HAL_DMA_Abort_IT
                0x08003658       0x44 ./Drivers/STM32F4xx_HAL_Driver/Src/stm32f4xx_hal_dma.o
                0x08003658                HAL_DMA_Abort_IT
 .text.HAL_DMA_IRQHandler
                0x0800369c      0x314 ./Drivers/STM32F4xx_HAL_Driver/Src/stm32f4xx_hal_dma.o
                0x0800369c                HAL_DMA_IRQHandler
 .text.DMA_SetConfig
                0x080039b0       0x5c ./Drivers/STM32F4xx_HAL_Driver/Src/stm32f4xx_hal_dma.o
 .text.DMA_CalcBaseAndBitshift
                0x08003a0c       0x6c ./Drivers/STM32F4xx_HAL_Driver/Src/stm32f4xx_hal_dma.o
 .text.DMA_CheckFifoParam
                0x08003a78       0xf8 ./Drivers/STM32F4xx_HAL_Driver/Src/stm32f4xx_hal_dma.o
 .text.HAL_GPIO_Init
                0x08003b70      0x308 ./Drivers/STM32F4xx_HAL_Driver/Src/stm32f4xx_hal_gpio.o
                0x08003b70                HAL_GPIO_Init
 .text.HAL_GPIO_ReadPin
                0x08003e78       0x30 ./Drivers/STM32F4xx_HAL_Driver/Src/stm32f4xx_hal_gpio.o
                0x08003e78                HAL_GPIO_ReadPin
 .text.HAL_GPIO_WritePin
                0x08003ea8       0x32 ./Drivers/STM32F4xx_HAL_Driver/Src/stm32f4xx_hal_gpio.o
                0x08003ea8                HAL_GPIO_WritePin
 *fill*         0x08003eda        0x2 
 .text.HAL_I2S_Init
                0x08003edc      0x280 ./Drivers/STM32F4xx_HAL_Driver/Src/stm32f4xx_hal_i2s.o
                0x08003edc                HAL_I2S_Init
 .text.HAL_I2S_Receive_DMA
                0x0800415c      0x170 ./Drivers/STM32F4xx_HAL_Driver/Src/stm32f4xx_hal_i2s.o
                0x0800415c                HAL_I2S_Receive_DMA
 .text.HAL_I2S_IRQHandler
                0x080042cc       0x18 ./Drivers/STM32F4xx_HAL_Driver/Src/stm32f4xx_hal_i2s.o
                0x080042cc                HAL_I2S_IRQHandler
 .text.HAL_I2S_TxCpltCallback
                0x080042e4       0x14 ./Drivers/STM32F4xx_HAL_Driver/Src/stm32f4xx_hal_i2s.o
                0x080042e4                HAL_I2S_TxCpltCallback
 .text.HAL_I2S_ErrorCallback
                0x080042f8       0x14 ./Drivers/STM32F4xx_HAL_Driver/Src/stm32f4xx_hal_i2s.o
                0x080042f8                HAL_I2S_ErrorCallback
 .text.I2S_DMARxCplt
                0x0800430c       0x42 ./Drivers/STM32F4xx_HAL_Driver/Src/stm32f4xx_hal_i2s.o
 .text.I2S_DMARxHalfCplt
                0x0800434e       0x1c ./Drivers/STM32F4xx_HAL_Driver/Src/stm32f4xx_hal_i2s.o
 .text.I2S_DMAError
                0x0800436a       0x4c ./Drivers/STM32F4xx_HAL_Driver/Src/stm32f4xx_hal_i2s.o
 .text.I2S_Transmit_IT
                0x080043b6       0x5c ./Drivers/STM32F4xx_HAL_Driver/Src/stm32f4xx_hal_i2s.o
 .text.I2S_Receive_IT
                0x08004412       0x5e ./Drivers/STM32F4xx_HAL_Driver/Src/stm32f4xx_hal_i2s.o
 .text.I2S_IRQHandler
                0x08004470      0x114 ./Drivers/STM32F4xx_HAL_Driver/Src/stm32f4xx_hal_i2s.o
 .text.HAL_I2SEx_FullDuplex_IRQHandler
                0x08004584      0x2a8 ./Drivers/STM32F4xx_HAL_Driver/Src/stm32f4xx_hal_i2s_ex.o
                0x08004584                HAL_I2SEx_FullDuplex_IRQHandler
 .text.HAL_I2SEx_TxRxCpltCallback
                0x0800482c       0x14 ./Drivers/STM32F4xx_HAL_Driver/Src/stm32f4xx_hal_i2s_ex.o
                0x0800482c                HAL_I2SEx_TxRxCpltCallback
 .text.I2SEx_TxISR_I2S
                0x08004840       0x62 ./Drivers/STM32F4xx_HAL_Driver/Src/stm32f4xx_hal_i2s_ex.o
 *fill*         0x080048a2        0x2 
 .text.I2SEx_TxISR_I2SExt
                0x080048a4       0x98 ./Drivers/STM32F4xx_HAL_Driver/Src/stm32f4xx_hal_i2s_ex.o
 .text.I2SEx_RxISR_I2S
                0x0800493c       0x64 ./Drivers/STM32F4xx_HAL_Driver/Src/stm32f4xx_hal_i2s_ex.o
 .text.I2SEx_RxISR_I2SExt
                0x080049a0       0x98 ./Drivers/STM32F4xx_HAL_Driver/Src/stm32f4xx_hal_i2s_ex.o
 .text.HAL_RCC_OscConfig
                0x08004a38      0x4f0 ./Drivers/STM32F4xx_HAL_Driver/Src/stm32f4xx_hal_rcc.o
                0x08004a38                HAL_RCC_OscConfig
 .text.HAL_RCC_ClockConfig
                0x08004f28      0x1cc ./Drivers/STM32F4xx_HAL_Driver/Src/stm32f4xx_hal_rcc.o
                0x08004f28                HAL_RCC_ClockConfig
 .text.HAL_RCC_GetSysClockFreq
                0x080050f4      0x20c ./Drivers/STM32F4xx_HAL_Driver/Src/stm32f4xx_hal_rcc.o
                0x080050f4                HAL_RCC_GetSysClockFreq
 .text.HAL_RCC_GetHCLKFreq
                0x08005300       0x18 ./Drivers/STM32F4xx_HAL_Driver/Src/stm32f4xx_hal_rcc.o
                0x08005300                HAL_RCC_GetHCLKFreq
 .text.HAL_RCC_GetPCLK1Freq
                0x08005318       0x28 ./Drivers/STM32F4xx_HAL_Driver/Src/stm32f4xx_hal_rcc.o
                0x08005318                HAL_RCC_GetPCLK1Freq
 .text.HAL_RCC_GetPCLK2Freq
                0x08005340       0x28 ./Drivers/STM32F4xx_HAL_Driver/Src/stm32f4xx_hal_rcc.o
                0x08005340                HAL_RCC_GetPCLK2Freq
 .text.HAL_RCCEx_PeriphCLKConfig
                0x08005368      0x1e0 ./Drivers/STM32F4xx_HAL_Driver/Src/stm32f4xx_hal_rcc_ex.o
                0x08005368                HAL_RCCEx_PeriphCLKConfig
 .text.HAL_RCCEx_GetPeriphCLKFreq
                0x08005548       0xc4 ./Drivers/STM32F4xx_HAL_Driver/Src/stm32f4xx_hal_rcc_ex.o
                0x08005548                HAL_RCCEx_GetPeriphCLKFreq
 .text.HAL_TIM_Base_Init
                0x0800560c       0x9e ./Drivers/STM32F4xx_HAL_Driver/Src/stm32f4xx_hal_tim.o
                0x0800560c                HAL_TIM_Base_Init
 *fill*         0x080056aa        0x2 
 .text.HAL_TIM_Base_Start_IT
                0x080056ac       0xc4 ./Drivers/STM32F4xx_HAL_Driver/Src/stm32f4xx_hal_tim.o
                0x080056ac                HAL_TIM_Base_Start_IT
 .text.HAL_TIM_Base_Stop_IT
                0x08005770       0x5e ./Drivers/STM32F4xx_HAL_Driver/Src/stm32f4xx_hal_tim.o
                0x08005770                HAL_TIM_Base_Stop_IT
 .text.HAL_TIM_PWM_Init
                0x080057ce       0x9e ./Drivers/STM32F4xx_HAL_Driver/Src/stm32f4xx_hal_tim.o
                0x080057ce                HAL_TIM_PWM_Init
 .text.HAL_TIM_PWM_Start
                0x0800586c      0x160 ./Drivers/STM32F4xx_HAL_Driver/Src/stm32f4xx_hal_tim.o
                0x0800586c                HAL_TIM_PWM_Start
 .text.HAL_TIM_PWM_Stop
                0x080059cc       0xc8 ./Drivers/STM32F4xx_HAL_Driver/Src/stm32f4xx_hal_tim.o
                0x080059cc                HAL_TIM_PWM_Stop
 .text.HAL_TIM_IRQHandler
                0x08005a94      0x1e0 ./Drivers/STM32F4xx_HAL_Driver/Src/stm32f4xx_hal_tim.o
                0x08005a94                HAL_TIM_IRQHandler
 .text.HAL_TIM_PWM_ConfigChannel
                0x08005c74      0x184 ./Drivers/STM32F4xx_HAL_Driver/Src/stm32f4xx_hal_tim.o
                0x08005c74                HAL_TIM_PWM_ConfigChannel
 .text.HAL_TIM_ConfigClockSource
                0x08005df8      0x18e ./Drivers/STM32F4xx_HAL_Driver/Src/stm32f4xx_hal_tim.o
                0x08005df8                HAL_TIM_ConfigClockSource
 .text.HAL_TIM_OC_DelayElapsedCallback
                0x08005f86       0x14 ./Drivers/STM32F4xx_HAL_Driver/Src/stm32f4xx_hal_tim.o
                0x08005f86                HAL_TIM_OC_DelayElapsedCallback
 .text.HAL_TIM_IC_CaptureCallback
                0x08005f9a       0x14 ./Drivers/STM32F4xx_HAL_Driver/Src/stm32f4xx_hal_tim.o
                0x08005f9a                HAL_TIM_IC_CaptureCallback
 .text.HAL_TIM_PWM_PulseFinishedCallback
                0x08005fae       0x14 ./Drivers/STM32F4xx_HAL_Driver/Src/stm32f4xx_hal_tim.o
                0x08005fae                HAL_TIM_PWM_PulseFinishedCallback
 .text.HAL_TIM_TriggerCallback
                0x08005fc2       0x14 ./Drivers/STM32F4xx_HAL_Driver/Src/stm32f4xx_hal_tim.o
                0x08005fc2                HAL_TIM_TriggerCallback
 *fill*         0x08005fd6        0x2 
 .text.TIM_Base_SetConfig
                0x08005fd8      0x10c ./Drivers/STM32F4xx_HAL_Driver/Src/stm32f4xx_hal_tim.o
                0x08005fd8                TIM_Base_SetConfig
 .text.TIM_OC1_SetConfig
                0x080060e4       0xcc ./Drivers/STM32F4xx_HAL_Driver/Src/stm32f4xx_hal_tim.o
 .text.TIM_OC2_SetConfig
                0x080061b0       0xd8 ./Drivers/STM32F4xx_HAL_Driver/Src/stm32f4xx_hal_tim.o
                0x080061b0                TIM_OC2_SetConfig
 .text.TIM_OC3_SetConfig
                0x08006288       0xd4 ./Drivers/STM32F4xx_HAL_Driver/Src/stm32f4xx_hal_tim.o
 .text.TIM_OC4_SetConfig
                0x0800635c       0xa0 ./Drivers/STM32F4xx_HAL_Driver/Src/stm32f4xx_hal_tim.o
 .text.TIM_TI1_ConfigInputStage
                0x080063fc       0x5e ./Drivers/STM32F4xx_HAL_Driver/Src/stm32f4xx_hal_tim.o
 .text.TIM_TI2_ConfigInputStage
                0x0800645a       0x60 ./Drivers/STM32F4xx_HAL_Driver/Src/stm32f4xx_hal_tim.o
 .text.TIM_ITRx_SetConfig
                0x080064ba       0x36 ./Drivers/STM32F4xx_HAL_Driver/Src/stm32f4xx_hal_tim.o
 .text.TIM_ETR_SetConfig
                0x080064f0       0x40 ./Drivers/STM32F4xx_HAL_Driver/Src/stm32f4xx_hal_tim.o
                0x080064f0                TIM_ETR_SetConfig
 .text.TIM_CCxChannelCmd
                0x08006530       0x4a ./Drivers/STM32F4xx_HAL_Driver/Src/stm32f4xx_hal_tim.o
                0x08006530                TIM_CCxChannelCmd
 *fill*         0x0800657a        0x2 
 .text.HAL_TIMEx_MasterConfigSynchronization
                0x0800657c       0xdc ./Drivers/STM32F4xx_HAL_Driver/Src/stm32f4xx_hal_tim_ex.o
                0x0800657c                HAL_TIMEx_MasterConfigSynchronization
 .text.HAL_TIMEx_CommutCallback
                0x08006658       0x14 ./Drivers/STM32F4xx_HAL_Driver/Src/stm32f4xx_hal_tim_ex.o
                0x08006658                HAL_TIMEx_CommutCallback
 .text.HAL_TIMEx_BreakCallback
                0x0800666c       0x14 ./Drivers/STM32F4xx_HAL_Driver/Src/stm32f4xx_hal_tim_ex.o
                0x0800666c                HAL_TIMEx_BreakCallback
 .text.HAL_UART_Init
                0x08006680       0xa0 ./Drivers/STM32F4xx_HAL_Driver/Src/stm32f4xx_hal_uart.o
                0x08006680                HAL_UART_Init
 .text.HAL_UART_Transmit
                0x08006720      0x116 ./Drivers/STM32F4xx_HAL_Driver/Src/stm32f4xx_hal_uart.o
                0x08006720                HAL_UART_Transmit
 .text.HAL_UART_Receive_IT
                0x08006836       0x4a ./Drivers/STM32F4xx_HAL_Driver/Src/stm32f4xx_hal_uart.o
                0x08006836                HAL_UART_Receive_IT
 .text.HAL_UART_IRQHandler
                0x08006880      0x554 ./Drivers/STM32F4xx_HAL_Driver/Src/stm32f4xx_hal_uart.o
                0x08006880                HAL_UART_IRQHandler
 .text.HAL_UART_TxCpltCallback
                0x08006dd4       0x14 ./Drivers/STM32F4xx_HAL_Driver/Src/stm32f4xx_hal_uart.o
                0x08006dd4                HAL_UART_TxCpltCallback
 .text.HAL_UART_ErrorCallback
                0x08006de8       0x14 ./Drivers/STM32F4xx_HAL_Driver/Src/stm32f4xx_hal_uart.o
                0x08006de8                HAL_UART_ErrorCallback
 .text.HAL_UARTEx_RxEventCallback
                0x08006dfc       0x18 ./Drivers/STM32F4xx_HAL_Driver/Src/stm32f4xx_hal_uart.o
                0x08006dfc                HAL_UARTEx_RxEventCallback
 .text.UART_WaitOnFlagUntilTimeout
                0x08006e14       0xb2 ./Drivers/STM32F4xx_HAL_Driver/Src/stm32f4xx_hal_uart.o
 .text.UART_Start_Receive_IT
                0x08006ec6       0x74 ./Drivers/STM32F4xx_HAL_Driver/Src/stm32f4xx_hal_uart.o
                0x08006ec6                UART_Start_Receive_IT
 .text.UART_EndRxTransfer
                0x08006f3a       0xc6 ./Drivers/STM32F4xx_HAL_Driver/Src/stm32f4xx_hal_uart.o
 .text.UART_DMAAbortOnError
                0x08007000       0x22 ./Drivers/STM32F4xx_HAL_Driver/Src/stm32f4xx_hal_uart.o
 .text.UART_Transmit_IT
                0x08007022       0xa0 ./Drivers/STM32F4xx_HAL_Driver/Src/stm32f4xx_hal_uart.o
 .text.UART_EndTransmit_IT
                0x080070c2       0x30 ./Drivers/STM32F4xx_HAL_Driver/Src/stm32f4xx_hal_uart.o
 .text.UART_Receive_IT
                0x080070f2      0x17c ./Drivers/STM32F4xx_HAL_Driver/Src/stm32f4xx_hal_uart.o
 *fill*         0x0800726e        0x2 
 .text.UART_SetConfig
                0x08007270      0x4e8 ./Drivers/STM32F4xx_HAL_Driver/Src/stm32f4xx_hal_uart.o
 .text.makeFreeRtosPriority
                0x08007758       0x30 ./Middlewares/Third_Party/FreeRTOS/Source/CMSIS_RTOS/cmsis_os.o
 .text.inHandlerMode
                0x08007788       0x24 ./Middlewares/Third_Party/FreeRTOS/Source/CMSIS_RTOS/cmsis_os.o
 .text.osKernelStart
                0x080077ac        0xe ./Middlewares/Third_Party/FreeRTOS/Source/CMSIS_RTOS/cmsis_os.o
                0x080077ac                osKernelStart
 .text.osThreadCreate
                0x080077ba       0x98 ./Middlewares/Third_Party/FreeRTOS/Source/CMSIS_RTOS/cmsis_os.o
                0x080077ba                osThreadCreate
 .text.osDelay  0x08007852       0x28 ./Middlewares/Third_Party/FreeRTOS/Source/CMSIS_RTOS/cmsis_os.o
                0x08007852                osDelay
 .text.osMessageCreate
                0x0800787a       0x50 ./Middlewares/Third_Party/FreeRTOS/Source/CMSIS_RTOS/cmsis_os.o
                0x0800787a                osMessageCreate
 *fill*         0x080078ca        0x2 
 .text.osMessagePut
                0x080078cc       0x80 ./Middlewares/Third_Party/FreeRTOS/Source/CMSIS_RTOS/cmsis_os.o
                0x080078cc                osMessagePut
 .text.osMessageGet
                0x0800794c       0xe8 ./Middlewares/Third_Party/FreeRTOS/Source/CMSIS_RTOS/cmsis_os.o
                0x0800794c                osMessageGet
 .text.vListInitialise
                0x08007a34       0x40 ./Middlewares/Third_Party/FreeRTOS/Source/list.o
                0x08007a34                vListInitialise
 .text.vListInitialiseItem
                0x08007a74       0x1a ./Middlewares/Third_Party/FreeRTOS/Source/list.o
                0x08007a74                vListInitialiseItem
 .text.vListInsertEnd
                0x08007a8e       0x48 ./Middlewares/Third_Party/FreeRTOS/Source/list.o
                0x08007a8e                vListInsertEnd
 .text.vListInsert
                0x08007ad6       0x72 ./Middlewares/Third_Party/FreeRTOS/Source/list.o
                0x08007ad6                vListInsert
 .text.uxListRemove
                0x08007b48       0x54 ./Middlewares/Third_Party/FreeRTOS/Source/list.o
                0x08007b48                uxListRemove
 .text.xQueueGenericReset
                0x08007b9c       0xd4 ./Middlewares/Third_Party/FreeRTOS/Source/queue.o
                0x08007b9c                xQueueGenericReset
 .text.xQueueGenericCreateStatic
                0x08007c70       0xfa ./Middlewares/Third_Party/FreeRTOS/Source/queue.o
                0x08007c70                xQueueGenericCreateStatic
 .text.xQueueGenericCreate
                0x08007d6a       0x76 ./Middlewares/Third_Party/FreeRTOS/Source/queue.o
                0x08007d6a                xQueueGenericCreate
 .text.prvInitialiseNewQueue
                0x08007de0       0x3e ./Middlewares/Third_Party/FreeRTOS/Source/queue.o
 *fill*         0x08007e1e        0x2 
 .text.xQueueGenericSend
                0x08007e20      0x204 ./Middlewares/Third_Party/FreeRTOS/Source/queue.o
                0x08007e20                xQueueGenericSend
 .text.xQueueGenericSendFromISR
                0x08008024      0x13c ./Middlewares/Third_Party/FreeRTOS/Source/queue.o
                0x08008024                xQueueGenericSendFromISR
 .text.xQueueReceive
                0x08008160      0x1c4 ./Middlewares/Third_Party/FreeRTOS/Source/queue.o
                0x08008160                xQueueReceive
 .text.xQueueReceiveFromISR
                0x08008324      0x104 ./Middlewares/Third_Party/FreeRTOS/Source/queue.o
                0x08008324                xQueueReceiveFromISR
 .text.prvCopyDataToQueue
                0x08008428       0xd4 ./Middlewares/Third_Party/FreeRTOS/Source/queue.o
 .text.prvCopyDataFromQueue
                0x080084fc       0x4c ./Middlewares/Third_Party/FreeRTOS/Source/queue.o
 .text.prvUnlockQueue
                0x08008548       0xa4 ./Middlewares/Third_Party/FreeRTOS/Source/queue.o
 .text.prvIsQueueEmpty
                0x080085ec       0x2c ./Middlewares/Third_Party/FreeRTOS/Source/queue.o
 .text.prvIsQueueFull
                0x08008618       0x30 ./Middlewares/Third_Party/FreeRTOS/Source/queue.o
 .text.xTaskCreateStatic
                0x08008648       0xc0 ./Middlewares/Third_Party/FreeRTOS/Source/tasks.o
                0x08008648                xTaskCreateStatic
 .text.xTaskCreate
                0x08008708       0x8a ./Middlewares/Third_Party/FreeRTOS/Source/tasks.o
                0x08008708                xTaskCreate
 .text.prvInitialiseNewTask
                0x08008792      0x110 ./Middlewares/Third_Party/FreeRTOS/Source/tasks.o
 *fill*         0x080088a2        0x2 
 .text.prvAddNewTaskToReadyList
                0x080088a4       0xd4 ./Middlewares/Third_Party/FreeRTOS/Source/tasks.o
 .text.vTaskDelay
                0x08008978       0x6c ./Middlewares/Third_Party/FreeRTOS/Source/tasks.o
                0x08008978                vTaskDelay
 .text.vTaskStartScheduler
                0x080089e4       0xc4 ./Middlewares/Third_Party/FreeRTOS/Source/tasks.o
                0x080089e4                vTaskStartScheduler
 .text.vTaskSuspendAll
                0x08008aa8       0x1c ./Middlewares/Third_Party/FreeRTOS/Source/tasks.o
                0x08008aa8                vTaskSuspendAll
 .text.xTaskResumeAll
                0x08008ac4      0x13c ./Middlewares/Third_Party/FreeRTOS/Source/tasks.o
                0x08008ac4                xTaskResumeAll
 .text.xTaskIncrementTick
                0x08008c00      0x174 ./Middlewares/Third_Party/FreeRTOS/Source/tasks.o
                0x08008c00                xTaskIncrementTick
 .text.vTaskSwitchContext
                0x08008d74       0xb8 ./Middlewares/Third_Party/FreeRTOS/Source/tasks.o
                0x08008d74                vTaskSwitchContext
 .text.vTaskPlaceOnEventList
                0x08008e2c       0x4c ./Middlewares/Third_Party/FreeRTOS/Source/tasks.o
                0x08008e2c                vTaskPlaceOnEventList
 .text.xTaskRemoveFromEventList
                0x08008e78       0xc8 ./Middlewares/Third_Party/FreeRTOS/Source/tasks.o
                0x08008e78                xTaskRemoveFromEventList
 .text.vTaskInternalSetTimeOutState
                0x08008f40       0x2c ./Middlewares/Third_Party/FreeRTOS/Source/tasks.o
                0x08008f40                vTaskInternalSetTimeOutState
 .text.xTaskCheckForTimeOut
                0x08008f6c       0xc8 ./Middlewares/Third_Party/FreeRTOS/Source/tasks.o
                0x08008f6c                xTaskCheckForTimeOut
 .text.vTaskMissedYield
                0x08009034       0x18 ./Middlewares/Third_Party/FreeRTOS/Source/tasks.o
                0x08009034                vTaskMissedYield
 .text.prvIdleTask
                0x0800904c       0x30 ./Middlewares/Third_Party/FreeRTOS/Source/tasks.o
 .text.prvInitialiseTaskLists
                0x0800907c       0x80 ./Middlewares/Third_Party/FreeRTOS/Source/tasks.o
 .text.prvCheckTasksWaitingTermination
                0x080090fc       0x5c ./Middlewares/Third_Party/FreeRTOS/Source/tasks.o
 .text.prvDeleteTCB
                0x08009158       0x60 ./Middlewares/Third_Party/FreeRTOS/Source/tasks.o
 .text.prvResetNextTaskUnblockTime
                0x080091b8       0x40 ./Middlewares/Third_Party/FreeRTOS/Source/tasks.o
 .text.xTaskGetSchedulerState
                0x080091f8       0x3c ./Middlewares/Third_Party/FreeRTOS/Source/tasks.o
                0x080091f8                xTaskGetSchedulerState
 .text.xTaskPriorityDisinherit
                0x08009234      0x110 ./Middlewares/Third_Party/FreeRTOS/Source/tasks.o
                0x08009234                xTaskPriorityDisinherit
 .text.prvAddCurrentTaskToDelayedList
                0x08009344       0xcc ./Middlewares/Third_Party/FreeRTOS/Source/tasks.o
 .text.pxPortInitialiseStack
                0x08009410       0x68 ./Middlewares/Third_Party/FreeRTOS/Source/portable/GCC/ARM_CM4F/port.o
                0x08009410                pxPortInitialiseStack
 .text.prvTaskExitError
                0x08009478       0x5c ./Middlewares/Third_Party/FreeRTOS/Source/portable/GCC/ARM_CM4F/port.o
 *fill*         0x080094d4        0xc 
 .text.SVC_Handler
                0x080094e0       0x28 ./Middlewares/Third_Party/FreeRTOS/Source/portable/GCC/ARM_CM4F/port.o
                0x080094e0                SVC_Handler
 .text.prvPortStartFirstTask
                0x08009508       0x28 ./Middlewares/Third_Party/FreeRTOS/Source/portable/GCC/ARM_CM4F/port.o
 .text.xPortStartScheduler
                0x08009530      0x148 ./Middlewares/Third_Party/FreeRTOS/Source/portable/GCC/ARM_CM4F/port.o
                0x08009530                xPortStartScheduler
 .text.vPortEnterCritical
                0x08009678       0x64 ./Middlewares/Third_Party/FreeRTOS/Source/portable/GCC/ARM_CM4F/port.o
                0x08009678                vPortEnterCritical
 .text.vPortExitCritical
                0x080096dc       0x54 ./Middlewares/Third_Party/FreeRTOS/Source/portable/GCC/ARM_CM4F/port.o
                0x080096dc                vPortExitCritical
 .text.PendSV_Handler
                0x08009730       0x68 ./Middlewares/Third_Party/FreeRTOS/Source/portable/GCC/ARM_CM4F/port.o
                0x08009730                PendSV_Handler
 .text.xPortSysTickHandler
                0x08009798       0x44 ./Middlewares/Third_Party/FreeRTOS/Source/portable/GCC/ARM_CM4F/port.o
                0x08009798                xPortSysTickHandler
 .text.vPortSetupTimerInterrupt
                0x080097dc       0x48 ./Middlewares/Third_Party/FreeRTOS/Source/portable/GCC/ARM_CM4F/port.o
                0x080097dc                vPortSetupTimerInterrupt
 .text.vPortEnableVFP
                0x08009824       0x14 ./Middlewares/Third_Party/FreeRTOS/Source/portable/GCC/ARM_CM4F/port.o
 .text.vPortValidateInterruptPriority
                0x08009838       0x84 ./Middlewares/Third_Party/FreeRTOS/Source/portable/GCC/ARM_CM4F/port.o
                0x08009838                vPortValidateInterruptPriority
 .text.pvPortMalloc
                0x080098bc      0x19c ./Middlewares/Third_Party/FreeRTOS/Source/portable/MemMang/heap_4.o
                0x080098bc                pvPortMalloc
 .text.vPortFree
                0x08009a58       0xc8 ./Middlewares/Third_Party/FreeRTOS/Source/portable/MemMang/heap_4.o
                0x08009a58                vPortFree
 .text.prvHeapInit
                0x08009b20       0xc4 ./Middlewares/Third_Party/FreeRTOS/Source/portable/MemMang/heap_4.o
 .text.prvInsertBlockIntoFreeList
                0x08009be4       0xb4 ./Middlewares/Third_Party/FreeRTOS/Source/portable/MemMang/heap_4.o
 .text.pv_sample_rate
                0x08009c98        0x8 C:\Users\tempura\Desktop\smatremote\micdebug\Middlewares\Third_Party\Picovoice\libpicovoice.a(picovoice.o)
                0x08009c98                pv_sample_rate
 .text.pv_status_to_string
                0x08009ca0       0x14 C:\Users\tempura\Desktop\smatremote\micdebug\Middlewares\Third_Party\Picovoice\libpicovoice.a(picovoice.o)
                0x08009ca0                pv_status_to_string
 .text.taabe513
                0x08009cb4       0x54 C:\Users\tempura\Desktop\smatremote\micdebug\Middlewares\Third_Party\Picovoice\libpicovoice.a(pv_error.o)
                0x08009cb4                taabe513
 .text.taabe881
                0x08009d08       0xa0 C:\Users\tempura\Desktop\smatremote\micdebug\Middlewares\Third_Party\Picovoice\libpicovoice.a(pv_error.o)
                0x08009d08                taabe881
 .text.taabe404
                0x08009da8       0x1c C:\Users\tempura\Desktop\smatremote\micdebug\Middlewares\Third_Party\Picovoice\libpicovoice.a(pv_error.o)
                0x08009da8                taabe404
 .text.pv_inference_delete.part.0
                0x08009dc4       0x40 C:\Users\tempura\Desktop\smatremote\micdebug\Middlewares\Third_Party\Picovoice\libpicovoice.a(pv_picovoice.o)
 .text.pv_inference_delete
                0x08009e04        0x8 C:\Users\tempura\Desktop\smatremote\micdebug\Middlewares\Third_Party\Picovoice\libpicovoice.a(pv_picovoice.o)
                0x08009e04                pv_inference_delete
 .text.taabe618
                0x08009e0c      0x330 C:\Users\tempura\Desktop\smatremote\micdebug\Middlewares\Third_Party\Picovoice\libpicovoice.a(pv_picovoice.o)
                0x08009e0c                taabe618
 .text.pv_picovoice_init
                0x0800a13c       0x5c C:\Users\tempura\Desktop\smatremote\micdebug\Middlewares\Third_Party\Picovoice\libpicovoice.a(pv_picovoice.o)
                0x0800a13c                pv_picovoice_init
 .text.pv_picovoice_process
                0x0800a198      0x280 C:\Users\tempura\Desktop\smatremote\micdebug\Middlewares\Third_Party\Picovoice\libpicovoice.a(pv_picovoice.o)
                0x0800a198                pv_picovoice_process
 .text.pv_picovoice_context_info
                0x0800a418       0x48 C:\Users\tempura\Desktop\smatremote\micdebug\Middlewares\Third_Party\Picovoice\libpicovoice.a(pv_picovoice.o)
                0x0800a418                pv_picovoice_context_info
 .text.pv_picovoice_get_min_memory_buffer_size
                0x0800a460      0x164 C:\Users\tempura\Desktop\smatremote\micdebug\Middlewares\Third_Party\Picovoice\libpicovoice.a(pv_picovoice.o)
                0x0800a460                pv_picovoice_get_min_memory_buffer_size
 .text.pv_picovoice_frame_length
                0x0800a5c4        0x8 C:\Users\tempura\Desktop\smatremote\micdebug\Middlewares\Third_Party\Picovoice\libpicovoice.a(pv_picovoice.o)
                0x0800a5c4                pv_picovoice_frame_length
 .text.pv_porcupine_delete.part.0
                0x0800a5cc       0x8c C:\Users\tempura\Desktop\smatremote\micdebug\Middlewares\Third_Party\Picovoice\libpicovoice.a(pv_porcupine.o)
 .text.taabe573
                0x0800a658      0x608 C:\Users\tempura\Desktop\smatremote\micdebug\Middlewares\Third_Party\Picovoice\libpicovoice.a(pv_porcupine.o)
                0x0800a658                taabe573
 .text.pv_porcupine_init
                0x0800ac60       0x44 C:\Users\tempura\Desktop\smatremote\micdebug\Middlewares\Third_Party\Picovoice\libpicovoice.a(pv_porcupine.o)
                0x0800ac60                pv_porcupine_init
 .text.pv_porcupine_delete
                0x0800aca4        0x8 C:\Users\tempura\Desktop\smatremote\micdebug\Middlewares\Third_Party\Picovoice\libpicovoice.a(pv_porcupine.o)
                0x0800aca4                pv_porcupine_delete
 .text.pv_porcupine_process
                0x0800acac       0xf0 C:\Users\tempura\Desktop\smatremote\micdebug\Middlewares\Third_Party\Picovoice\libpicovoice.a(pv_porcupine.o)
                0x0800acac                pv_porcupine_process
 .text.taabe266
                0x0800ad9c        0x8 C:\Users\tempura\Desktop\smatremote\micdebug\Middlewares\Third_Party\Picovoice\libpicovoice.a(pv_porcupine.o)
                0x0800ad9c                taabe266
 .text.pv_porcupine_get_min_memory_buffer_size
                0x0800ada4      0x1e4 C:\Users\tempura\Desktop\smatremote\micdebug\Middlewares\Third_Party\Picovoice\libpicovoice.a(pv_porcupine.o)
                0x0800ada4                pv_porcupine_get_min_memory_buffer_size
 .text.taabe730.part.0
                0x0800af88       0x90 C:\Users\tempura\Desktop\smatremote\micdebug\Middlewares\Third_Party\Picovoice\libpicovoice.a(pv_porcupine_internal.o)
 .text.taabe768
                0x0800b018      0x200 C:\Users\tempura\Desktop\smatremote\micdebug\Middlewares\Third_Party\Picovoice\libpicovoice.a(pv_porcupine_internal.o)
                0x0800b018                taabe768
 .text.taabe730
                0x0800b218        0x8 C:\Users\tempura\Desktop\smatremote\micdebug\Middlewares\Third_Party\Picovoice\libpicovoice.a(pv_porcupine_internal.o)
                0x0800b218                taabe730
 .text.taabe669
                0x0800b220       0x74 C:\Users\tempura\Desktop\smatremote\micdebug\Middlewares\Third_Party\Picovoice\libpicovoice.a(pv_porcupine_internal.o)
                0x0800b220                taabe669
 .text.taabe867
                0x0800b294      0x20c C:\Users\tempura\Desktop\smatremote\micdebug\Middlewares\Third_Party\Picovoice\libpicovoice.a(pv_porcupine_internal.o)
                0x0800b294                taabe867
 .text.taabe628
                0x0800b4a0        0x4 C:\Users\tempura\Desktop\smatremote\micdebug\Middlewares\Third_Party\Picovoice\libpicovoice.a(pv_porcupine_internal.o)
                0x0800b4a0                taabe628
 .text.taabe141
                0x0800b4a4      0x448 C:\Users\tempura\Desktop\smatremote\micdebug\Middlewares\Third_Party\Picovoice\libpicovoice.a(pv_porcupine_internal.o)
                0x0800b4a4                taabe141
 .text.pv_rhino_delete.part.0
                0x0800b8ec       0x3c C:\Users\tempura\Desktop\smatremote\micdebug\Middlewares\Third_Party\Picovoice\libpicovoice.a(pv_rhino.o)
 .text.pv_rhino_parse_context
                0x0800b928      0x1d8 C:\Users\tempura\Desktop\smatremote\micdebug\Middlewares\Third_Party\Picovoice\libpicovoice.a(pv_rhino.o)
                0x0800b928                pv_rhino_parse_context
 .text.taabe150
                0x0800bb00      0x30c C:\Users\tempura\Desktop\smatremote\micdebug\Middlewares\Third_Party\Picovoice\libpicovoice.a(pv_rhino.o)
                0x0800bb00                taabe150
 .text.pv_rhino_init
                0x0800be0c      0x144 C:\Users\tempura\Desktop\smatremote\micdebug\Middlewares\Third_Party\Picovoice\libpicovoice.a(pv_rhino.o)
                0x0800be0c                pv_rhino_init
 .text.pv_rhino_delete
                0x0800bf50        0x8 C:\Users\tempura\Desktop\smatremote\micdebug\Middlewares\Third_Party\Picovoice\libpicovoice.a(pv_rhino.o)
                0x0800bf50                pv_rhino_delete
 .text.pv_rhino_process
                0x0800bf58      0x344 C:\Users\tempura\Desktop\smatremote\micdebug\Middlewares\Third_Party\Picovoice\libpicovoice.a(pv_rhino.o)
                0x0800bf58                pv_rhino_process
 .text.pv_rhino_is_understood
                0x0800c29c       0x4c C:\Users\tempura\Desktop\smatremote\micdebug\Middlewares\Third_Party\Picovoice\libpicovoice.a(pv_rhino.o)
                0x0800c29c                pv_rhino_is_understood
 .text.pv_rhino_get_intent
                0x0800c2e8       0xbc C:\Users\tempura\Desktop\smatremote\micdebug\Middlewares\Third_Party\Picovoice\libpicovoice.a(pv_rhino.o)
                0x0800c2e8                pv_rhino_get_intent
 .text.pv_rhino_free_slots_and_values
                0x0800c3a4       0x3c C:\Users\tempura\Desktop\smatremote\micdebug\Middlewares\Third_Party\Picovoice\libpicovoice.a(pv_rhino.o)
                0x0800c3a4                pv_rhino_free_slots_and_values
 .text.pv_rhino_reset
                0x0800c3e0       0x6c C:\Users\tempura\Desktop\smatremote\micdebug\Middlewares\Third_Party\Picovoice\libpicovoice.a(pv_rhino.o)
                0x0800c3e0                pv_rhino_reset
 .text.pv_rhino_context_info
                0x0800c44c       0x4c C:\Users\tempura\Desktop\smatremote\micdebug\Middlewares\Third_Party\Picovoice\libpicovoice.a(pv_rhino.o)
                0x0800c44c                pv_rhino_context_info
 .text.pv_rhino_get_min_memory_buffer_size
                0x0800c498      0x158 C:\Users\tempura\Desktop\smatremote\micdebug\Middlewares\Third_Party\Picovoice\libpicovoice.a(pv_rhino.o)
                0x0800c498                pv_rhino_get_min_memory_buffer_size
 .text.taabe724.part.0
                0x0800c5f0        0x8 C:\Users\tempura\Desktop\smatremote\micdebug\Middlewares\Third_Party\Picovoice\libpicovoice.a(pv_rhino_context.o)
 .text.taabe582
                0x0800c5f8      0x2f8 C:\Users\tempura\Desktop\smatremote\micdebug\Middlewares\Third_Party\Picovoice\libpicovoice.a(pv_rhino_context.o)
                0x0800c5f8                taabe582
 .text.taabe724
                0x0800c8f0        0xc C:\Users\tempura\Desktop\smatremote\micdebug\Middlewares\Third_Party\Picovoice\libpicovoice.a(pv_rhino_context.o)
                0x0800c8f0                taabe724
 .text.taabe886
                0x0800c8fc        0x4 C:\Users\tempura\Desktop\smatremote\micdebug\Middlewares\Third_Party\Picovoice\libpicovoice.a(pv_rhino_context.o)
                0x0800c8fc                taabe886
 .text.taabe55  0x0800c900        0x8 C:\Users\tempura\Desktop\smatremote\micdebug\Middlewares\Third_Party\Picovoice\libpicovoice.a(pv_rhino_context.o)
                0x0800c900                taabe55
 .text.taabe787
                0x0800c908        0x8 C:\Users\tempura\Desktop\smatremote\micdebug\Middlewares\Third_Party\Picovoice\libpicovoice.a(pv_rhino_context.o)
                0x0800c908                taabe787
 .text.taabe380
                0x0800c910        0x8 C:\Users\tempura\Desktop\smatremote\micdebug\Middlewares\Third_Party\Picovoice\libpicovoice.a(pv_rhino_context.o)
                0x0800c910                taabe380
 .text.taabe692
                0x0800c918       0x18 C:\Users\tempura\Desktop\smatremote\micdebug\Middlewares\Third_Party\Picovoice\libpicovoice.a(pv_rhino_context.o)
                0x0800c918                taabe692
 .text.taabe368
                0x0800c930        0xc C:\Users\tempura\Desktop\smatremote\micdebug\Middlewares\Third_Party\Picovoice\libpicovoice.a(pv_rhino_context.o)
                0x0800c930                taabe368
 .text.taabe666
                0x0800c93c        0xc C:\Users\tempura\Desktop\smatremote\micdebug\Middlewares\Third_Party\Picovoice\libpicovoice.a(pv_rhino_context.o)
                0x0800c93c                taabe666
 .text.taabe276
                0x0800c948        0xc C:\Users\tempura\Desktop\smatremote\micdebug\Middlewares\Third_Party\Picovoice\libpicovoice.a(pv_rhino_context.o)
                0x0800c948                taabe276
 .text.taabe90  0x0800c954       0x28 C:\Users\tempura\Desktop\smatremote\micdebug\Middlewares\Third_Party\Picovoice\libpicovoice.a(pv_rhino_context.o)
                0x0800c954                taabe90
 .text.taabe182
                0x0800c97c        0xc C:\Users\tempura\Desktop\smatremote\micdebug\Middlewares\Third_Party\Picovoice\libpicovoice.a(pv_rhino_context.o)
                0x0800c97c                taabe182
 .text.taabe720
                0x0800c988       0x14 C:\Users\tempura\Desktop\smatremote\micdebug\Middlewares\Third_Party\Picovoice\libpicovoice.a(pv_rhino_context.o)
                0x0800c988                taabe720
 .text.taabe47  0x0800c99c        0xc C:\Users\tempura\Desktop\smatremote\micdebug\Middlewares\Third_Party\Picovoice\libpicovoice.a(pv_rhino_context.o)
                0x0800c99c                taabe47
 .text.taabe325
                0x0800c9a8       0x34 C:\Users\tempura\Desktop\smatremote\micdebug\Middlewares\Third_Party\Picovoice\libpicovoice.a(pv_rhino_context.o)
                0x0800c9a8                taabe325
 .text.taabe289
                0x0800c9dc        0x4 C:\Users\tempura\Desktop\smatremote\micdebug\Middlewares\Third_Party\Picovoice\libpicovoice.a(pv_rhino_context.o)
                0x0800c9dc                taabe289
 .text.pv_rhino_beams_insert_at
                0x0800c9e0       0x70 C:\Users\tempura\Desktop\smatremote\micdebug\Middlewares\Third_Party\Picovoice\libpicovoice.a(pv_rhino_decoder.o)
 .text.pv_rhino_beams_insert
                0x0800ca50      0x12c C:\Users\tempura\Desktop\smatremote\micdebug\Middlewares\Third_Party\Picovoice\libpicovoice.a(pv_rhino_decoder.o)
 .text.pv_rhino_beams_delete.part.0
                0x0800cb7c       0x5c C:\Users\tempura\Desktop\smatremote\micdebug\Middlewares\Third_Party\Picovoice\libpicovoice.a(pv_rhino_decoder.o)
 .text.pv_rhino_beams_init
                0x0800cbd8       0xe4 C:\Users\tempura\Desktop\smatremote\micdebug\Middlewares\Third_Party\Picovoice\libpicovoice.a(pv_rhino_decoder.o)
 .text.taabe111
                0x0800ccbc       0xc4 C:\Users\tempura\Desktop\smatremote\micdebug\Middlewares\Third_Party\Picovoice\libpicovoice.a(pv_rhino_decoder.o)
                0x0800ccbc                taabe111
 .text.taabe557
                0x0800cd80       0x1c C:\Users\tempura\Desktop\smatremote\micdebug\Middlewares\Third_Party\Picovoice\libpicovoice.a(pv_rhino_decoder.o)
                0x0800cd80                taabe557
 .text.taabe348
                0x0800cd9c      0x94c C:\Users\tempura\Desktop\smatremote\micdebug\Middlewares\Third_Party\Picovoice\libpicovoice.a(pv_rhino_decoder.o)
                0x0800cd9c                taabe348
 .text.taabe78  0x0800d6e8       0x9c C:\Users\tempura\Desktop\smatremote\micdebug\Middlewares\Third_Party\Picovoice\libpicovoice.a(pv_rhino_decoder.o)
                0x0800d6e8                taabe78
 .text.taabe665
                0x0800d784      0x1b8 C:\Users\tempura\Desktop\smatremote\micdebug\Middlewares\Third_Party\Picovoice\libpicovoice.a(pv_rhino_decoder.o)
                0x0800d784                taabe665
 .text.taabe639
                0x0800d93c       0x38 C:\Users\tempura\Desktop\smatremote\micdebug\Middlewares\Third_Party\Picovoice\libpicovoice.a(pv_rhino_decoder.o)
                0x0800d93c                taabe639
 .text.binary_search
                0x0800d974       0x5c C:\Users\tempura\Desktop\smatremote\micdebug\Middlewares\Third_Party\Picovoice\libpicovoice.a(pv_rhino_decoder_fancy_slots.o)
 .text.taabe302
                0x0800d9d0      0x114 C:\Users\tempura\Desktop\smatremote\micdebug\Middlewares\Third_Party\Picovoice\libpicovoice.a(pv_rhino_decoder_fancy_slots.o)
                0x0800d9d0                taabe302
 .text.taabe100
                0x0800dae4      0x15c C:\Users\tempura\Desktop\smatremote\micdebug\Middlewares\Third_Party\Picovoice\libpicovoice.a(pv_cipher.o)
                0x0800dae4                taabe100
 .text.taabe231
                0x0800dc40       0x10 C:\Users\tempura\Desktop\smatremote\micdebug\Middlewares\Third_Party\Picovoice\libpicovoice.a(pv_language.o)
                0x0800dc40                taabe231
 .text.taabe507
                0x0800dc50       0x10 C:\Users\tempura\Desktop\smatremote\micdebug\Middlewares\Third_Party\Picovoice\libpicovoice.a(pv_language.o)
                0x0800dc50                taabe507
 .text.taabe138
                0x0800dc60        0x4 C:\Users\tempura\Desktop\smatremote\micdebug\Middlewares\Third_Party\Picovoice\libpicovoice.a(pv_language.o)
                0x0800dc60                taabe138
 .text.taabe491
                0x0800dc64        0x8 C:\Users\tempura\Desktop\smatremote\micdebug\Middlewares\Third_Party\Picovoice\libpicovoice.a(pv_language.o)
                0x0800dc64                taabe491
 .text.taabe661
                0x0800dc6c       0x10 C:\Users\tempura\Desktop\smatremote\micdebug\Middlewares\Third_Party\Picovoice\libpicovoice.a(pv_language.o)
                0x0800dc6c                taabe661
 .text.taabe429
                0x0800dc7c       0x44 C:\Users\tempura\Desktop\smatremote\micdebug\Middlewares\Third_Party\Picovoice\libpicovoice.a(pv_memory.o)
                0x0800dc7c                taabe429
 .text.taabe839
                0x0800dcc0       0x68 C:\Users\tempura\Desktop\smatremote\micdebug\Middlewares\Third_Party\Picovoice\libpicovoice.a(pv_memory.o)
                0x0800dcc0                taabe839
 .text.taabe281
                0x0800dd28       0x30 C:\Users\tempura\Desktop\smatremote\micdebug\Middlewares\Third_Party\Picovoice\libpicovoice.a(pv_memory.o)
                0x0800dd28                taabe281
 .text.taabe774
                0x0800dd58        0x4 C:\Users\tempura\Desktop\smatremote\micdebug\Middlewares\Third_Party\Picovoice\libpicovoice.a(pv_memory.o)
                0x0800dd58                taabe774
 .text.taabe545
                0x0800dd5c       0x5c C:\Users\tempura\Desktop\smatremote\micdebug\Middlewares\Third_Party\Picovoice\libpicovoice.a(pv_filterbank.o)
                0x0800dd5c                taabe545
 .text.taabe13  0x0800ddb8       0x1c C:\Users\tempura\Desktop\smatremote\micdebug\Middlewares\Third_Party\Picovoice\libpicovoice.a(pv_filterbank.o)
                0x0800ddb8                taabe13
 .text.taabe396
                0x0800ddd4      0x1e8 C:\Users\tempura\Desktop\smatremote\micdebug\Middlewares\Third_Party\Picovoice\libpicovoice.a(pv_filterbank.o)
                0x0800ddd4                taabe396
 .text.taabe502
                0x0800dfbc        0xc C:\Users\tempura\Desktop\smatremote\micdebug\Middlewares\Third_Party\Picovoice\libpicovoice.a(pv_filterbank.o)
                0x0800dfbc                taabe502
 .text.taabe647
                0x0800dfc8       0x84 C:\Users\tempura\Desktop\smatremote\micdebug\Middlewares\Third_Party\Picovoice\libpicovoice.a(pv_stft.o)
                0x0800dfc8                taabe647
 .text.taabe315
                0x0800e04c       0x24 C:\Users\tempura\Desktop\smatremote\micdebug\Middlewares\Third_Party\Picovoice\libpicovoice.a(pv_stft.o)
                0x0800e04c                taabe315
 .text.taabe772
                0x0800e070      0x180 C:\Users\tempura\Desktop\smatremote\micdebug\Middlewares\Third_Party\Picovoice\libpicovoice.a(pv_stft.o)
                0x0800e070                taabe772
 .text.taabe191
                0x0800e1f0       0x18 C:\Users\tempura\Desktop\smatremote\micdebug\Middlewares\Third_Party\Picovoice\libpicovoice.a(pv_stft.o)
                0x0800e1f0                taabe191
 .text.taabe360
                0x0800e208      0x164 C:\Users\tempura\Desktop\smatremote\micdebug\Middlewares\Third_Party\Picovoice\libpicovoice.a(pv_access.o)
                0x0800e208                taabe360
 .text.taabe16  0x0800e36c       0x20 C:\Users\tempura\Desktop\smatremote\micdebug\Middlewares\Third_Party\Picovoice\libpicovoice.a(pv_access.o)
                0x0800e36c                taabe16
 .text.taabe758
                0x0800e38c       0x3c C:\Users\tempura\Desktop\smatremote\micdebug\Middlewares\Third_Party\Picovoice\libpicovoice.a(pv_log.o)
                0x0800e38c                taabe758
 .text.pv_fft_complex_DIT_RN
                0x0800e3c8       0xec C:\Users\tempura\Desktop\smatremote\micdebug\Middlewares\Third_Party\Picovoice\libpicovoice.a(pv_fft.o)
 .text.taabe846
                0x0800e4b4       0x24 C:\Users\tempura\Desktop\smatremote\micdebug\Middlewares\Third_Party\Picovoice\libpicovoice.a(pv_fft.o)
                0x0800e4b4                taabe846
 .text.taabe155
                0x0800e4d8        0xc C:\Users\tempura\Desktop\smatremote\micdebug\Middlewares\Third_Party\Picovoice\libpicovoice.a(pv_fft.o)
                0x0800e4d8                taabe155
 .text.taabe230
                0x0800e4e4      0x134 C:\Users\tempura\Desktop\smatremote\micdebug\Middlewares\Third_Party\Picovoice\libpicovoice.a(pv_fft.o)
                0x0800e4e4                taabe230
 .text.taabe871
                0x0800e618       0x7c C:\Users\tempura\Desktop\smatremote\micdebug\Middlewares\Third_Party\Picovoice\libpicovoice.a(pv_math.o)
                0x0800e618                taabe871
 .text.taabe837
                0x0800e694       0x58 C:\Users\tempura\Desktop\smatremote\micdebug\Middlewares\Third_Party\Picovoice\libpicovoice.a(pv_math.o)
                0x0800e694                taabe837
 .text.taabe198
                0x0800e6ec       0x64 C:\Users\tempura\Desktop\smatremote\micdebug\Middlewares\Third_Party\Picovoice\libpicovoice.a(pv_math.o)
                0x0800e6ec                taabe198
 .text.taabe703
                0x0800e750       0x5c C:\Users\tempura\Desktop\smatremote\micdebug\Middlewares\Third_Party\Picovoice\libpicovoice.a(pv_math.o)
                0x0800e750                taabe703
 .text.taabe65.part.0
                0x0800e7ac       0x40 C:\Users\tempura\Desktop\smatremote\micdebug\Middlewares\Third_Party\Picovoice\libpicovoice.a(pv_online_token_classifier.o)
 .text.taabe174
                0x0800e7ec       0xb0 C:\Users\tempura\Desktop\smatremote\micdebug\Middlewares\Third_Party\Picovoice\libpicovoice.a(pv_online_token_classifier.o)
                0x0800e7ec                taabe174
 .text.taabe65  0x0800e89c        0x8 C:\Users\tempura\Desktop\smatremote\micdebug\Middlewares\Third_Party\Picovoice\libpicovoice.a(pv_online_token_classifier.o)
                0x0800e89c                taabe65
 .text.taabe317
                0x0800e8a4       0x10 C:\Users\tempura\Desktop\smatremote\micdebug\Middlewares\Third_Party\Picovoice\libpicovoice.a(pv_online_token_classifier.o)
                0x0800e8a4                taabe317
 .text.taabe555
                0x0800e8b4       0xa4 C:\Users\tempura\Desktop\smatremote\micdebug\Middlewares\Third_Party\Picovoice\libpicovoice.a(pv_online_token_classifier.o)
                0x0800e8b4                taabe555
 .text.taabe49  0x0800e958       0x24 C:\Users\tempura\Desktop\smatremote\micdebug\Middlewares\Third_Party\Picovoice\libpicovoice.a(pv_online_token_classifier.o)
                0x0800e958                taabe49
 .text.taabe333
                0x0800e97c       0x30 C:\Users\tempura\Desktop\smatremote\micdebug\Middlewares\Third_Party\Picovoice\libpicovoice.a(pv_fc.o)
                0x0800e97c                taabe333
 .text.taabe358
                0x0800e9ac        0xc C:\Users\tempura\Desktop\smatremote\micdebug\Middlewares\Third_Party\Picovoice\libpicovoice.a(pv_fc.o)
                0x0800e9ac                taabe358
 .text.taabe591
                0x0800e9b8      0x20c C:\Users\tempura\Desktop\smatremote\micdebug\Middlewares\Third_Party\Picovoice\libpicovoice.a(pv_fc.o)
                0x0800e9b8                taabe591
 .text.taabe450
                0x0800ebc4       0xdc C:\Users\tempura\Desktop\smatremote\micdebug\Middlewares\Third_Party\Picovoice\libpicovoice.a(pv_rnn.o)
                0x0800ebc4                taabe450
 .text.taabe74  0x0800eca0       0x34 C:\Users\tempura\Desktop\smatremote\micdebug\Middlewares\Third_Party\Picovoice\libpicovoice.a(pv_rnn.o)
                0x0800eca0                taabe74
 .text.taabe452
                0x0800ecd4      0x148 C:\Users\tempura\Desktop\smatremote\micdebug\Middlewares\Third_Party\Picovoice\libpicovoice.a(pv_rnn.o)
                0x0800ecd4                taabe452
 .text.taabe641
                0x0800ee1c       0x5c C:\Users\tempura\Desktop\smatremote\micdebug\Middlewares\Third_Party\Picovoice\libpicovoice.a(pv_rnn.o)
                0x0800ee1c                taabe641
 .text.taabe99  0x0800ee78       0x20 C:\Users\tempura\Desktop\smatremote\micdebug\Middlewares\Third_Party\Picovoice\libpicovoice.a(pv_softmax.o)
                0x0800ee78                taabe99
 .text.taabe287
                0x0800ee98        0xc C:\Users\tempura\Desktop\smatremote\micdebug\Middlewares\Third_Party\Picovoice\libpicovoice.a(pv_softmax.o)
                0x0800ee98                taabe287
 .text.taabe873
                0x0800eea4       0xd0 C:\Users\tempura\Desktop\smatremote\micdebug\Middlewares\Third_Party\Picovoice\libpicovoice.a(pv_softmax.o)
                0x0800eea4                taabe873
 .text.taabe793.part.0
                0x0800ef74       0x38 C:\Users\tempura\Desktop\smatremote\micdebug\Middlewares\Third_Party\Picovoice\libpicovoice.a(pv_porcupine_decoder.o)
 .text.taabe108
                0x0800efac      0x104 C:\Users\tempura\Desktop\smatremote\micdebug\Middlewares\Third_Party\Picovoice\libpicovoice.a(pv_porcupine_decoder.o)
                0x0800efac                taabe108
 .text.taabe793
                0x0800f0b0        0x8 C:\Users\tempura\Desktop\smatremote\micdebug\Middlewares\Third_Party\Picovoice\libpicovoice.a(pv_porcupine_decoder.o)
                0x0800f0b0                taabe793
 .text.taabe820
                0x0800f0b8      0x21c C:\Users\tempura\Desktop\smatremote\micdebug\Middlewares\Third_Party\Picovoice\libpicovoice.a(pv_porcupine_decoder.o)
                0x0800f0b8                taabe820
 .text.taabe458
                0x0800f2d4       0x90 C:\Users\tempura\Desktop\smatremote\micdebug\Middlewares\Third_Party\Picovoice\libpicovoice.a(pv_porcupine_decoder.o)
                0x0800f2d4                taabe458
 .text.taabe552
                0x0800f364      0x220 C:\Users\tempura\Desktop\smatremote\micdebug\Middlewares\Third_Party\Picovoice\libpicovoice.a(pv_base64.o)
                0x0800f364                taabe552
 .text.taabe196
                0x0800f584       0x60 C:\Users\tempura\Desktop\smatremote\micdebug\Middlewares\Third_Party\Picovoice\libpicovoice.a(pv_normalization.o)
                0x0800f584                taabe196
 .text.atoi     0x0800f5e4        0x8 C:/ST/STM32CubeIDE_1.19.0/STM32CubeIDE/plugins/com.st.stm32cube.ide.mcu.externaltools.gnu-tools-for-stm32.13.3.rel1.win32_1.0.0.202411081344/tools/bin/../lib/gcc/arm-none-eabi/13.3.1/../../../../arm-none-eabi/lib/thumb/v7e-m+fp/hard\libc_nano.a(libc_a-atoi.o)
                0x0800f5e4                atoi
 .text.calloc   0x0800f5ec       0x10 C:/ST/STM32CubeIDE_1.19.0/STM32CubeIDE/plugins/com.st.stm32cube.ide.mcu.externaltools.gnu-tools-for-stm32.13.3.rel1.win32_1.0.0.202411081344/tools/bin/../lib/gcc/arm-none-eabi/13.3.1/../../../../arm-none-eabi/lib/thumb/v7e-m+fp/hard\libc_nano.a(libc_a-calloc.o)
                0x0800f5ec                calloc
 .text._calloc_r
                0x0800f5fc       0x28 C:/ST/STM32CubeIDE_1.19.0/STM32CubeIDE/plugins/com.st.stm32cube.ide.mcu.externaltools.gnu-tools-for-stm32.13.3.rel1.win32_1.0.0.202411081344/tools/bin/../lib/gcc/arm-none-eabi/13.3.1/../../../../arm-none-eabi/lib/thumb/v7e-m+fp/hard\libc_nano.a(libc_a-callocr.o)
                0x0800f5fc                _calloc_r
 .text.malloc   0x0800f624       0x10 C:/ST/STM32CubeIDE_1.19.0/STM32CubeIDE/plugins/com.st.stm32cube.ide.mcu.externaltools.gnu-tools-for-stm32.13.3.rel1.win32_1.0.0.202411081344/tools/bin/../lib/gcc/arm-none-eabi/13.3.1/../../../../arm-none-eabi/lib/thumb/v7e-m+fp/hard\libc_nano.a(libc_a-malloc.o)
                0x0800f624                malloc
 .text.free     0x0800f634       0x10 C:/ST/STM32CubeIDE_1.19.0/STM32CubeIDE/plugins/com.st.stm32cube.ide.mcu.externaltools.gnu-tools-for-stm32.13.3.rel1.win32_1.0.0.202411081344/tools/bin/../lib/gcc/arm-none-eabi/13.3.1/../../../../arm-none-eabi/lib/thumb/v7e-m+fp/hard\libc_nano.a(libc_a-malloc.o)
                0x0800f634                free
 .text.sbrk_aligned
                0x0800f644       0x44 C:/ST/STM32CubeIDE_1.19.0/STM32CubeIDE/plugins/com.st.stm32cube.ide.mcu.externaltools.gnu-tools-for-stm32.13.3.rel1.win32_1.0.0.202411081344/tools/bin/../lib/gcc/arm-none-eabi/13.3.1/../../../../arm-none-eabi/lib/thumb/v7e-m+fp/hard\libc_nano.a(libc_a-mallocr.o)
 .text._malloc_r
                0x0800f688      0x100 C:/ST/STM32CubeIDE_1.19.0/STM32CubeIDE/plugins/com.st.stm32cube.ide.mcu.externaltools.gnu-tools-for-stm32.13.3.rel1.win32_1.0.0.202411081344/tools/bin/../lib/gcc/arm-none-eabi/13.3.1/../../../../arm-none-eabi/lib/thumb/v7e-m+fp/hard\libc_nano.a(libc_a-mallocr.o)
                0x0800f688                _malloc_r
 .text.__malloc_lock
                0x0800f788        0xc C:/ST/STM32CubeIDE_1.19.0/STM32CubeIDE/plugins/com.st.stm32cube.ide.mcu.externaltools.gnu-tools-for-stm32.13.3.rel1.win32_1.0.0.202411081344/tools/bin/../lib/gcc/arm-none-eabi/13.3.1/../../../../arm-none-eabi/lib/thumb/v7e-m+fp/hard\libc_nano.a(libc_a-mlock.o)
                0x0800f788                __malloc_lock
 .text.__malloc_unlock
                0x0800f794        0xc C:/ST/STM32CubeIDE_1.19.0/STM32CubeIDE/plugins/com.st.stm32cube.ide.mcu.externaltools.gnu-tools-for-stm32.13.3.rel1.win32_1.0.0.202411081344/tools/bin/../lib/gcc/arm-none-eabi/13.3.1/../../../../arm-none-eabi/lib/thumb/v7e-m+fp/hard\libc_nano.a(libc_a-mlock.o)
                0x0800f794                __malloc_unlock
 .text._strtol_l.isra.0
                0x0800f7a0       0xf4 C:/ST/STM32CubeIDE_1.19.0/STM32CubeIDE/plugins/com.st.stm32cube.ide.mcu.externaltools.gnu-tools-for-stm32.13.3.rel1.win32_1.0.0.202411081344/tools/bin/../lib/gcc/arm-none-eabi/13.3.1/../../../../arm-none-eabi/lib/thumb/v7e-m+fp/hard\libc_nano.a(libc_a-strtol.o)
 .text.strtol   0x0800f894       0x14 C:/ST/STM32CubeIDE_1.19.0/STM32CubeIDE/plugins/com.st.stm32cube.ide.mcu.externaltools.gnu-tools-for-stm32.13.3.rel1.win32_1.0.0.202411081344/tools/bin/../lib/gcc/arm-none-eabi/13.3.1/../../../../arm-none-eabi/lib/thumb/v7e-m+fp/hard\libc_nano.a(libc_a-strtol.o)
                0x0800f894                strtol
 .text.__sfputc_r
                0x0800f8a8       0x2e C:/ST/STM32CubeIDE_1.19.0/STM32CubeIDE/plugins/com.st.stm32cube.ide.mcu.externaltools.gnu-tools-for-stm32.13.3.rel1.win32_1.0.0.202411081344/tools/bin/../lib/gcc/arm-none-eabi/13.3.1/../../../../arm-none-eabi/lib/thumb/v7e-m+fp/hard\libc_nano.a(libc_a-nano-vfprintf.o)
 .text.__sfputs_r
                0x0800f8d6       0x24 C:/ST/STM32CubeIDE_1.19.0/STM32CubeIDE/plugins/com.st.stm32cube.ide.mcu.externaltools.gnu-tools-for-stm32.13.3.rel1.win32_1.0.0.202411081344/tools/bin/../lib/gcc/arm-none-eabi/13.3.1/../../../../arm-none-eabi/lib/thumb/v7e-m+fp/hard\libc_nano.a(libc_a-nano-vfprintf.o)
                0x0800f8d6                __sfputs_r
 *fill*         0x0800f8fa        0x2 
 .text._vfprintf_r
                0x0800f8fc      0x230 C:/ST/STM32CubeIDE_1.19.0/STM32CubeIDE/plugins/com.st.stm32cube.ide.mcu.externaltools.gnu-tools-for-stm32.13.3.rel1.win32_1.0.0.202411081344/tools/bin/../lib/gcc/arm-none-eabi/13.3.1/../../../../arm-none-eabi/lib/thumb/v7e-m+fp/hard\libc_nano.a(libc_a-nano-vfprintf.o)
                0x0800f8fc                _vfprintf_r
                0x0800f8fc                _vfiprintf_r
 .text.vfprintf
                0x0800fb2c       0x14 C:/ST/STM32CubeIDE_1.19.0/STM32CubeIDE/plugins/com.st.stm32cube.ide.mcu.externaltools.gnu-tools-for-stm32.13.3.rel1.win32_1.0.0.202411081344/tools/bin/../lib/gcc/arm-none-eabi/13.3.1/../../../../arm-none-eabi/lib/thumb/v7e-m+fp/hard\libc_nano.a(libc_a-nano-vfprintf.o)
                0x0800fb2c                vfprintf
                0x0800fb2c                vfiprintf
 .text._printf_common
                0x0800fb40       0xda C:/ST/STM32CubeIDE_1.19.0/STM32CubeIDE/plugins/com.st.stm32cube.ide.mcu.externaltools.gnu-tools-for-stm32.13.3.rel1.win32_1.0.0.202411081344/tools/bin/../lib/gcc/arm-none-eabi/13.3.1/../../../../arm-none-eabi/lib/thumb/v7e-m+fp/hard\libc_nano.a(libc_a-nano-vfprintf_i.o)
                0x0800fb40                _printf_common
 *fill*         0x0800fc1a        0x2 
 .text._printf_i
                0x0800fc1c      0x23c C:/ST/STM32CubeIDE_1.19.0/STM32CubeIDE/plugins/com.st.stm32cube.ide.mcu.externaltools.gnu-tools-for-stm32.13.3.rel1.win32_1.0.0.202411081344/tools/bin/../lib/gcc/arm-none-eabi/13.3.1/../../../../arm-none-eabi/lib/thumb/v7e-m+fp/hard\libc_nano.a(libc_a-nano-vfprintf_i.o)
                0x0800fc1c                _printf_i
 .text.std      0x0800fe58       0x6c C:/ST/STM32CubeIDE_1.19.0/STM32CubeIDE/plugins/com.st.stm32cube.ide.mcu.externaltools.gnu-tools-for-stm32.13.3.rel1.win32_1.0.0.202411081344/tools/bin/../lib/gcc/arm-none-eabi/13.3.1/../../../../arm-none-eabi/lib/thumb/v7e-m+fp/hard\libc_nano.a(libc_a-findfp.o)
 .text.stdio_exit_handler
                0x0800fec4       0x18 C:/ST/STM32CubeIDE_1.19.0/STM32CubeIDE/plugins/com.st.stm32cube.ide.mcu.externaltools.gnu-tools-for-stm32.13.3.rel1.win32_1.0.0.202411081344/tools/bin/../lib/gcc/arm-none-eabi/13.3.1/../../../../arm-none-eabi/lib/thumb/v7e-m+fp/hard\libc_nano.a(libc_a-findfp.o)
 .text.cleanup_stdio
                0x0800fedc       0x40 C:/ST/STM32CubeIDE_1.19.0/STM32CubeIDE/plugins/com.st.stm32cube.ide.mcu.externaltools.gnu-tools-for-stm32.13.3.rel1.win32_1.0.0.202411081344/tools/bin/../lib/gcc/arm-none-eabi/13.3.1/../../../../arm-none-eabi/lib/thumb/v7e-m+fp/hard\libc_nano.a(libc_a-findfp.o)
 .text.global_stdio_init.part.0
                0x0800ff1c       0x3c C:/ST/STM32CubeIDE_1.19.0/STM32CubeIDE/plugins/com.st.stm32cube.ide.mcu.externaltools.gnu-tools-for-stm32.13.3.rel1.win32_1.0.0.202411081344/tools/bin/../lib/gcc/arm-none-eabi/13.3.1/../../../../arm-none-eabi/lib/thumb/v7e-m+fp/hard\libc_nano.a(libc_a-findfp.o)
 .text.__sfp_lock_acquire
                0x0800ff58        0xc C:/ST/STM32CubeIDE_1.19.0/STM32CubeIDE/plugins/com.st.stm32cube.ide.mcu.externaltools.gnu-tools-for-stm32.13.3.rel1.win32_1.0.0.202411081344/tools/bin/../lib/gcc/arm-none-eabi/13.3.1/../../../../arm-none-eabi/lib/thumb/v7e-m+fp/hard\libc_nano.a(libc_a-findfp.o)
                0x0800ff58                __sfp_lock_acquire
 .text.__sfp_lock_release
                0x0800ff64        0xc C:/ST/STM32CubeIDE_1.19.0/STM32CubeIDE/plugins/com.st.stm32cube.ide.mcu.externaltools.gnu-tools-for-stm32.13.3.rel1.win32_1.0.0.202411081344/tools/bin/../lib/gcc/arm-none-eabi/13.3.1/../../../../arm-none-eabi/lib/thumb/v7e-m+fp/hard\libc_nano.a(libc_a-findfp.o)
                0x0800ff64                __sfp_lock_release
 .text.__sinit  0x0800ff70       0x30 C:/ST/STM32CubeIDE_1.19.0/STM32CubeIDE/plugins/com.st.stm32cube.ide.mcu.externaltools.gnu-tools-for-stm32.13.3.rel1.win32_1.0.0.202411081344/tools/bin/../lib/gcc/arm-none-eabi/13.3.1/../../../../arm-none-eabi/lib/thumb/v7e-m+fp/hard\libc_nano.a(libc_a-findfp.o)
                0x0800ff70                __sinit
 .text._fwalk_sglue
                0x0800ffa0       0x3c C:/ST/STM32CubeIDE_1.19.0/STM32CubeIDE/plugins/com.st.stm32cube.ide.mcu.externaltools.gnu-tools-for-stm32.13.3.rel1.win32_1.0.0.202411081344/tools/bin/../lib/gcc/arm-none-eabi/13.3.1/../../../../arm-none-eabi/lib/thumb/v7e-m+fp/hard\libc_nano.a(libc_a-fwalk.o)
                0x0800ffa0                _fwalk_sglue
 .text.printf   0x0800ffdc       0x24 C:/ST/STM32CubeIDE_1.19.0/STM32CubeIDE/plugins/com.st.stm32cube.ide.mcu.externaltools.gnu-tools-for-stm32.13.3.rel1.win32_1.0.0.202411081344/tools/bin/../lib/gcc/arm-none-eabi/13.3.1/../../../../arm-none-eabi/lib/thumb/v7e-m+fp/hard\libc_nano.a(libc_a-printf.o)
                0x0800ffdc                iprintf
                0x0800ffdc                printf
 .text._puts_r  0x08010000       0xaa C:/ST/STM32CubeIDE_1.19.0/STM32CubeIDE/plugins/com.st.stm32cube.ide.mcu.externaltools.gnu-tools-for-stm32.13.3.rel1.win32_1.0.0.202411081344/tools/bin/../lib/gcc/arm-none-eabi/13.3.1/../../../../arm-none-eabi/lib/thumb/v7e-m+fp/hard\libc_nano.a(libc_a-puts.o)
                0x08010000                _puts_r
 *fill*         0x080100aa        0x2 
 .text.puts     0x080100ac       0x10 C:/ST/STM32CubeIDE_1.19.0/STM32CubeIDE/plugins/com.st.stm32cube.ide.mcu.externaltools.gnu-tools-for-stm32.13.3.rel1.win32_1.0.0.202411081344/tools/bin/../lib/gcc/arm-none-eabi/13.3.1/../../../../arm-none-eabi/lib/thumb/v7e-m+fp/hard\libc_nano.a(libc_a-puts.o)
                0x080100ac                puts
 .text.snprintf
                0x080100bc       0x6c C:/ST/STM32CubeIDE_1.19.0/STM32CubeIDE/plugins/com.st.stm32cube.ide.mcu.externaltools.gnu-tools-for-stm32.13.3.rel1.win32_1.0.0.202411081344/tools/bin/../lib/gcc/arm-none-eabi/13.3.1/../../../../arm-none-eabi/lib/thumb/v7e-m+fp/hard\libc_nano.a(libc_a-snprintf.o)
                0x080100bc                sniprintf
                0x080100bc                snprintf
 .text.sprintf  0x08010128       0x44 C:/ST/STM32CubeIDE_1.19.0/STM32CubeIDE/plugins/com.st.stm32cube.ide.mcu.externaltools.gnu-tools-for-stm32.13.3.rel1.win32_1.0.0.202411081344/tools/bin/../lib/gcc/arm-none-eabi/13.3.1/../../../../arm-none-eabi/lib/thumb/v7e-m+fp/hard\libc_nano.a(libc_a-sprintf.o)
                0x08010128                siprintf
                0x08010128                sprintf
 .text.__sread  0x0801016c       0x22 C:/ST/STM32CubeIDE_1.19.0/STM32CubeIDE/plugins/com.st.stm32cube.ide.mcu.externaltools.gnu-tools-for-stm32.13.3.rel1.win32_1.0.0.202411081344/tools/bin/../lib/gcc/arm-none-eabi/13.3.1/../../../../arm-none-eabi/lib/thumb/v7e-m+fp/hard\libc_nano.a(libc_a-stdio.o)
                0x0801016c                __sread
 .text.__swrite
                0x0801018e       0x38 C:/ST/STM32CubeIDE_1.19.0/STM32CubeIDE/plugins/com.st.stm32cube.ide.mcu.externaltools.gnu-tools-for-stm32.13.3.rel1.win32_1.0.0.202411081344/tools/bin/../lib/gcc/arm-none-eabi/13.3.1/../../../../arm-none-eabi/lib/thumb/v7e-m+fp/hard\libc_nano.a(libc_a-stdio.o)
                0x0801018e                __swrite
 .text.__sseek  0x080101c6       0x24 C:/ST/STM32CubeIDE_1.19.0/STM32CubeIDE/plugins/com.st.stm32cube.ide.mcu.externaltools.gnu-tools-for-stm32.13.3.rel1.win32_1.0.0.202411081344/tools/bin/../lib/gcc/arm-none-eabi/13.3.1/../../../../arm-none-eabi/lib/thumb/v7e-m+fp/hard\libc_nano.a(libc_a-stdio.o)
                0x080101c6                __sseek
 .text.__sclose
                0x080101ea        0x8 C:/ST/STM32CubeIDE_1.19.0/STM32CubeIDE/plugins/com.st.stm32cube.ide.mcu.externaltools.gnu-tools-for-stm32.13.3.rel1.win32_1.0.0.202411081344/tools/bin/../lib/gcc/arm-none-eabi/13.3.1/../../../../arm-none-eabi/lib/thumb/v7e-m+fp/hard\libc_nano.a(libc_a-stdio.o)
                0x080101ea                __sclose
 .text._vsnprintf_r
                0x080101f2       0x5c C:/ST/STM32CubeIDE_1.19.0/STM32CubeIDE/plugins/com.st.stm32cube.ide.mcu.externaltools.gnu-tools-for-stm32.13.3.rel1.win32_1.0.0.202411081344/tools/bin/../lib/gcc/arm-none-eabi/13.3.1/../../../../arm-none-eabi/lib/thumb/v7e-m+fp/hard\libc_nano.a(libc_a-vsnprintf.o)
                0x080101f2                _vsniprintf_r
                0x080101f2                _vsnprintf_r
 *fill*         0x0801024e        0x2 
 .text.vsnprintf
                0x08010250       0x1c C:/ST/STM32CubeIDE_1.19.0/STM32CubeIDE/plugins/com.st.stm32cube.ide.mcu.externaltools.gnu-tools-for-stm32.13.3.rel1.win32_1.0.0.202411081344/tools/bin/../lib/gcc/arm-none-eabi/13.3.1/../../../../arm-none-eabi/lib/thumb/v7e-m+fp/hard\libc_nano.a(libc_a-vsnprintf.o)
                0x08010250                vsniprintf
                0x08010250                vsnprintf
 .text.__swbuf_r
                0x0801026c       0x7c C:/ST/STM32CubeIDE_1.19.0/STM32CubeIDE/plugins/com.st.stm32cube.ide.mcu.externaltools.gnu-tools-for-stm32.13.3.rel1.win32_1.0.0.202411081344/tools/bin/../lib/gcc/arm-none-eabi/13.3.1/../../../../arm-none-eabi/lib/thumb/v7e-m+fp/hard\libc_nano.a(libc_a-wbuf.o)
                0x0801026c                __swbuf_r
 .text.__swsetup_r
                0x080102e8       0xac C:/ST/STM32CubeIDE_1.19.0/STM32CubeIDE/plugins/com.st.stm32cube.ide.mcu.externaltools.gnu-tools-for-stm32.13.3.rel1.win32_1.0.0.202411081344/tools/bin/../lib/gcc/arm-none-eabi/13.3.1/../../../../arm-none-eabi/lib/thumb/v7e-m+fp/hard\libc_nano.a(libc_a-wsetup.o)
                0x080102e8                __swsetup_r
 .text.memmove  0x08010394       0x34 C:/ST/STM32CubeIDE_1.19.0/STM32CubeIDE/plugins/com.st.stm32cube.ide.mcu.externaltools.gnu-tools-for-stm32.13.3.rel1.win32_1.0.0.202411081344/tools/bin/../lib/gcc/arm-none-eabi/13.3.1/../../../../arm-none-eabi/lib/thumb/v7e-m+fp/hard\libc_nano.a(libc_a-memmove.o)
                0x08010394                memmove
 .text.memset   0x080103c8       0x10 C:/ST/STM32CubeIDE_1.19.0/STM32CubeIDE/plugins/com.st.stm32cube.ide.mcu.externaltools.gnu-tools-for-stm32.13.3.rel1.win32_1.0.0.202411081344/tools/bin/../lib/gcc/arm-none-eabi/13.3.1/../../../../arm-none-eabi/lib/thumb/v7e-m+fp/hard\libc_nano.a(libc_a-memset.o)
                0x080103c8                memset
 .text.strcspn  0x080103d8       0x22 C:/ST/STM32CubeIDE_1.19.0/STM32CubeIDE/plugins/com.st.stm32cube.ide.mcu.externaltools.gnu-tools-for-stm32.13.3.rel1.win32_1.0.0.202411081344/tools/bin/../lib/gcc/arm-none-eabi/13.3.1/../../../../arm-none-eabi/lib/thumb/v7e-m+fp/hard\libc_nano.a(libc_a-strcspn.o)
                0x080103d8                strcspn
 .text.strncmp  0x080103fa       0x24 C:/ST/STM32CubeIDE_1.19.0/STM32CubeIDE/plugins/com.st.stm32cube.ide.mcu.externaltools.gnu-tools-for-stm32.13.3.rel1.win32_1.0.0.202411081344/tools/bin/../lib/gcc/arm-none-eabi/13.3.1/../../../../arm-none-eabi/lib/thumb/v7e-m+fp/hard\libc_nano.a(libc_a-strncmp.o)
                0x080103fa                strncmp
 .text.strncpy  0x0801041e       0x26 C:/ST/STM32CubeIDE_1.19.0/STM32CubeIDE/plugins/com.st.stm32cube.ide.mcu.externaltools.gnu-tools-for-stm32.13.3.rel1.win32_1.0.0.202411081344/tools/bin/../lib/gcc/arm-none-eabi/13.3.1/../../../../arm-none-eabi/lib/thumb/v7e-m+fp/hard\libc_nano.a(libc_a-strncpy.o)
                0x0801041e                strncpy
 .text.strspn   0x08010444       0x20 C:/ST/STM32CubeIDE_1.19.0/STM32CubeIDE/plugins/com.st.stm32cube.ide.mcu.externaltools.gnu-tools-for-stm32.13.3.rel1.win32_1.0.0.202411081344/tools/bin/../lib/gcc/arm-none-eabi/13.3.1/../../../../arm-none-eabi/lib/thumb/v7e-m+fp/hard\libc_nano.a(libc_a-strspn.o)
                0x08010444                strspn
 .text.strstr   0x08010464       0x2c C:/ST/STM32CubeIDE_1.19.0/STM32CubeIDE/plugins/com.st.stm32cube.ide.mcu.externaltools.gnu-tools-for-stm32.13.3.rel1.win32_1.0.0.202411081344/tools/bin/../lib/gcc/arm-none-eabi/13.3.1/../../../../arm-none-eabi/lib/thumb/v7e-m+fp/hard\libc_nano.a(libc_a-strstr.o)
                0x08010464                strstr
 .text._close_r
                0x08010490       0x20 C:/ST/STM32CubeIDE_1.19.0/STM32CubeIDE/plugins/com.st.stm32cube.ide.mcu.externaltools.gnu-tools-for-stm32.13.3.rel1.win32_1.0.0.202411081344/tools/bin/../lib/gcc/arm-none-eabi/13.3.1/../../../../arm-none-eabi/lib/thumb/v7e-m+fp/hard\libc_nano.a(libc_a-closer.o)
                0x08010490                _close_r
 .text._lseek_r
                0x080104b0       0x24 C:/ST/STM32CubeIDE_1.19.0/STM32CubeIDE/plugins/com.st.stm32cube.ide.mcu.externaltools.gnu-tools-for-stm32.13.3.rel1.win32_1.0.0.202411081344/tools/bin/../lib/gcc/arm-none-eabi/13.3.1/../../../../arm-none-eabi/lib/thumb/v7e-m+fp/hard\libc_nano.a(libc_a-lseekr.o)
                0x080104b0                _lseek_r
 .text._read_r  0x080104d4       0x24 C:/ST/STM32CubeIDE_1.19.0/STM32CubeIDE/plugins/com.st.stm32cube.ide.mcu.externaltools.gnu-tools-for-stm32.13.3.rel1.win32_1.0.0.202411081344/tools/bin/../lib/gcc/arm-none-eabi/13.3.1/../../../../arm-none-eabi/lib/thumb/v7e-m+fp/hard\libc_nano.a(libc_a-readr.o)
                0x080104d4                _read_r
 .text._sbrk_r  0x080104f8       0x20 C:/ST/STM32CubeIDE_1.19.0/STM32CubeIDE/plugins/com.st.stm32cube.ide.mcu.externaltools.gnu-tools-for-stm32.13.3.rel1.win32_1.0.0.202411081344/tools/bin/../lib/gcc/arm-none-eabi/13.3.1/../../../../arm-none-eabi/lib/thumb/v7e-m+fp/hard\libc_nano.a(libc_a-sbrkr.o)
                0x080104f8                _sbrk_r
 .text._write_r
                0x08010518       0x24 C:/ST/STM32CubeIDE_1.19.0/STM32CubeIDE/plugins/com.st.stm32cube.ide.mcu.externaltools.gnu-tools-for-stm32.13.3.rel1.win32_1.0.0.202411081344/tools/bin/../lib/gcc/arm-none-eabi/13.3.1/../../../../arm-none-eabi/lib/thumb/v7e-m+fp/hard\libc_nano.a(libc_a-writer.o)
                0x08010518                _write_r