../Core/Src/main.c:119:5:__io_putchar	16	static
../Core/Src/main.c:215:5:main	200	static
../Core/Src/main.c:388:6:SystemClock_Config	88	static
../Core/Src/main.c:434:13:MX_CRC_Init	8	static
../Core/Src/main.c:460:13:MX_I2S2_Init	8	static
../Core/Src/main.c:494:13:MX_TIM3_Init	32	static
../Core/Src/main.c:539:13:MX_TIM5_Init	48	static
../Core/Src/main.c:588:13:MX_USART1_UART_Init	8	static
../Core/Src/main.c:621:13:MX_USART2_UART_Init	8	static
../Core/Src/main.c:652:13:MX_DMA_Init	16	static
../Core/Src/main.c:670:13:MX_GPIO_Init	48	static
../Core/Src/main.c:710:6:HAL_I2S_RxHalfCpltCallback	16	static
../Core/Src/main.c:711:6:HAL_I2S_RxCpltCallback	16	static
../Core/Src/main.c:713:6:HAL_UART_RxCpltCallback	24	static
../Core/Src/main.c:743:6:HAL_TIM_PeriodElapsedCallback	16	static
../Core/Src/main.c:773:6:Set_Pin_Output	40	static
../Core/Src/main.c:781:6:Set_Pin_Input	40	static
../Core/Src/main.c:789:6:AC_SetMode	16	static
../Core/Src/main.c:793:6:AC_SetFan	16	static
../Core/Src/main.c:799:6:AC_SetSwing	16	static
../Core/Src/main.c:803:13:AC_GetModeString	16	static
../Core/Src/main.c:814:13:AC_GetFanString	16	static
../Core/Src/main.c:823:6:IR_IsBusy	4	static
../Core/Src/main.c:828:6:AC_SetPower	16	static
../Core/Src/main.c:829:6:AC_SetTemp	16	static
../Core/Src/main.c:831:6:AC_UpdateState	16	static
../Core/Src/main.c:839:6:IR_BuildDaikin176	32	static
../Core/Src/main.c:865:6:IR_StartTransmission	8	static
../Core/Src/main.c:876:6:IR_AddPulse	16	static
../Core/Src/main.c:884:6:AC_SendCommand	8	static
../Core/Src/main.c:887:6:DWT_Delay_Init	4	static
../Core/Src/main.c:896:6:DWT_Delay_us	24	static
../Core/Src/main.c:902:6:DHT11_Start	8	static
../Core/Src/main.c:916:5:Wait_For_Pin_State	24	static
../Core/Src/main.c:923:9:DHT11_Check_Response	16	static
../Core/Src/main.c:939:9:DHT11_Read_Byte	16	static
../Core/Src/main.c:959:9:DHT11_Read_Data	8	static
../Core/Src/main.c:997:6:StartDefaultTask	16	static
../Core/Src/main.c:1015:6:StartAudioTask	64	static
../Core/Src/main.c:1060:6:StartControlTask	72	static
../Core/Src/main.c:1211:6:Error_Handler	4	static,ignoring_inline_asm
