../Core/Src/stm32f4xx_it.c:76:6:NMI_Handler	4	static
../Core/Src/stm32f4xx_it.c:91:6:HardFault_Handler	4	static
../Core/Src/stm32f4xx_it.c:106:6:MemManage_Handler	4	static
../Core/Src/stm32f4xx_it.c:121:6:BusFault_Handler	4	static
../Core/Src/stm32f4xx_it.c:136:6:UsageFault_Handler	4	static
../Core/Src/stm32f4xx_it.c:151:6:DebugMon_Handler	4	static
../Core/Src/stm32f4xx_it.c:164:6:SysTick_Handler	8	static
../Core/Src/stm32f4xx_it.c:193:6:DMA1_Stream3_IRQHandler	8	static
../Core/Src/stm32f4xx_it.c:207:6:TIM3_IRQHandler	8	static
../Core/Src/stm32f4xx_it.c:221:6:SPI2_IRQHandler	8	static
../Core/Src/stm32f4xx_it.c:235:6:USART1_IRQHandler	8	static
../Core/Src/stm32f4xx_it.c:249:6:USART2_IRQHandler	8	static
../Core/Src/stm32f4xx_it.c:263:6:TIM5_IRQHandler	8	static
