../Core/Src/main.c:114:5:__io_putchar	1
../Core/Src/main.c:225:13:get_slot_value	3
../Core/Src/main.c:233:13:wake_word_callback	1
../Core/Src/main.c:245:13:inference_callback	5
../Core/Src/main.c:339:5:main	6
../Core/Src/main.c:575:6:SystemClock_Config	3
../Core/Src/main.c:621:13:MX_CRC_Init	2
../Core/Src/main.c:647:13:MX_I2S2_Init	2
../Core/Src/main.c:681:13:MX_TIM3_Init	4
../Core/Src/main.c:726:13:MX_TIM5_Init	4
../Core/Src/main.c:775:13:MX_USART1_UART_Init	2
../Core/Src/main.c:808:13:MX_USART2_UART_Init	2
../Core/Src/main.c:839:13:MX_DMA_Init	1
../Core/Src/main.c:857:13:MX_GPIO_Init	1
../Core/Src/main.c:897:6:HAL_I2S_RxHalfCpltCallback	1
../Core/Src/main.c:898:6:HAL_I2S_RxCpltCallback	1
../Core/Src/main.c:900:6:HAL_UART_RxCpltCallback	6
../Core/Src/main.c:930:6:HAL_TIM_PeriodElapsedCallback	6
../Core/Src/main.c:960:6:Set_Pin_Output	1
../Core/Src/main.c:968:6:Set_Pin_Input	1
../Core/Src/main.c:976:6:AC_SetMode	1
../Core/Src/main.c:980:6:AC_SetFan	3
../Core/Src/main.c:986:6:AC_SetSwing	1
../Core/Src/main.c:990:13:AC_GetModeString	6
../Core/Src/main.c:1001:13:AC_GetFanString	5
../Core/Src/main.c:1010:6:IR_IsBusy	1
../Core/Src/main.c:1015:6:AC_SetPower	1
../Core/Src/main.c:1016:6:AC_SetTemp	3
../Core/Src/main.c:1018:6:AC_UpdateState	4
../Core/Src/main.c:1026:6:IR_BuildDaikin176	9
../Core/Src/main.c:1052:6:IR_StartTransmission	2
../Core/Src/main.c:1063:6:IR_AddPulse	2
../Core/Src/main.c:1071:6:AC_SendCommand	1
../Core/Src/main.c:1074:6:DWT_Delay_Init	2
../Core/Src/main.c:1083:6:DWT_Delay_us	2
../Core/Src/main.c:1089:6:DHT11_Start	1
../Core/Src/main.c:1103:5:Wait_For_Pin_State	3
../Core/Src/main.c:1110:9:DHT11_Check_Response	4
../Core/Src/main.c:1126:9:DHT11_Read_Byte	5
../Core/Src/main.c:1146:9:DHT11_Read_Data	3
../Core/Src/main.c:1184:6:StartDefaultTask	1
../Core/Src/main.c:1202:6:StartAudioTask	7
../Core/Src/main.c:1255:6:StartControlTask	43
../Core/Src/main.c:1473:6:Error_Handler	1
