../Core/Src/main.c:114:5:__io_putchar	16	static
../Core/Src/main.c:225:13:get_slot_value	24	static
../Core/Src/main.c:233:13:wake_word_callback	80	static
../Core/Src/main.c:245:13:inference_callback	288	static
../Core/Src/main.c:339:5:main	400	static
../Core/Src/main.c:575:6:SystemClock_Config	88	static
../Core/Src/main.c:621:13:MX_CRC_Init	8	static
../Core/Src/main.c:647:13:MX_I2S2_Init	8	static
../Core/Src/main.c:681:13:MX_TIM3_Init	32	static
../Core/Src/main.c:726:13:MX_TIM5_Init	48	static
../Core/Src/main.c:775:13:MX_USART1_UART_Init	8	static
../Core/Src/main.c:808:13:MX_USART2_UART_Init	8	static
../Core/Src/main.c:839:13:MX_DMA_Init	16	static
../Core/Src/main.c:857:13:MX_GPIO_Init	48	static
../Core/Src/main.c:897:6:HAL_I2S_RxHalfCpltCallback	16	static
../Core/Src/main.c:898:6:HAL_I2S_RxCpltCallback	16	static
../Core/Src/main.c:900:6:HAL_UART_RxCpltCallback	24	static
../Core/Src/main.c:930:6:HAL_TIM_PeriodElapsedCallback	16	static
../Core/Src/main.c:960:6:Set_Pin_Output	40	static
../Core/Src/main.c:968:6:Set_Pin_Input	40	static
../Core/Src/main.c:976:6:AC_SetMode	16	static
../Core/Src/main.c:980:6:AC_SetFan	16	static
../Core/Src/main.c:986:6:AC_SetSwing	16	static
../Core/Src/main.c:990:13:AC_GetModeString	16	static
../Core/Src/main.c:1001:13:AC_GetFanString	16	static
../Core/Src/main.c:1010:6:IR_IsBusy	4	static
../Core/Src/main.c:1015:6:AC_SetPower	16	static
../Core/Src/main.c:1016:6:AC_SetTemp	16	static
../Core/Src/main.c:1018:6:AC_UpdateState	16	static
../Core/Src/main.c:1026:6:IR_BuildDaikin176	32	static
../Core/Src/main.c:1052:6:IR_StartTransmission	8	static
../Core/Src/main.c:1063:6:IR_AddPulse	16	static
../Core/Src/main.c:1071:6:AC_SendCommand	8	static
../Core/Src/main.c:1074:6:DWT_Delay_Init	4	static
../Core/Src/main.c:1083:6:DWT_Delay_us	24	static
../Core/Src/main.c:1089:6:DHT11_Start	8	static
../Core/Src/main.c:1103:5:Wait_For_Pin_State	24	static
../Core/Src/main.c:1110:9:DHT11_Check_Response	16	static
../Core/Src/main.c:1126:9:DHT11_Read_Byte	16	static
../Core/Src/main.c:1146:9:DHT11_Read_Data	8	static
../Core/Src/main.c:1184:6:StartDefaultTask	16	static
../Core/Src/main.c:1202:6:StartAudioTask	88	static
../Core/Src/main.c:1255:6:StartControlTask	72	static
../Core/Src/main.c:1473:6:Error_Handler	4	static,ignoring_inline_asm
